Component: ARM Compiler 5.06 update 6 (build 750) Tool: armlink [4d35ed]

==============================================================================

Section Cross References

    main.o(i.main) refers to _printf_percent.o(.ARM.Collect$$_printf_percent$$00000000) for _printf_percent
    main.o(i.main) refers to _printf_d.o(.ARM.Collect$$_printf_percent$$00000009) for _printf_d
    main.o(i.main) refers to _printf_dec.o(.text) for _printf_int_dec
    main.o(i.main) refers to systick.o(i.Systick_Init) for Systick_Init
    main.o(i.main) refers to led.o(i.LED_Init) for LED_Init
    main.o(i.main) refers to usart.o(i.USART1_Configuration) for USART1_Configuration
    main.o(i.main) refers to softtimer.o(i.ifs_stmr_init) for ifs_stmr_init
    main.o(i.main) refers to time.o(i.TIM3_Config) for TIM3_Config
    main.o(i.main) refers to rtc.o(i.RTC_init) for RTC_init
    main.o(i.main) refers to led.o(i.OLED_Clear) for OLED_Clear
    main.o(i.main) refers to led.o(i.OLED_ShowString) for OLED_ShowString
    main.o(i.main) refers to iwdg.o(i.IWDG_Config) for IWDG_Config
    main.o(i.main) refers to noretval__2printf.o(.text) for __2printf
    main.o(i.main) refers to usart.o(i.uart_putu16) for uart_putu16
    main.o(i.main) refers to crc8_16.o(i.Get_Crc16) for Get_Crc16
    main.o(i.main) refers to aeabi_sdiv.o(.text) for __aeabi_uidivmod
    main.o(i.main) refers to strncpy.o(.text) for strncpy
    main.o(i.main) refers to softtimer.o(i.ifs_stmr_start) for ifs_stmr_start
    main.o(i.main) refers to usart.o(i.uart_putc) for uart_putc
    main.o(i.main) refers to usart.o(i.USART_Restart) for USART_Restart
    main.o(i.main) refers to stm32f0xx_iwdg.o(i.IWDG_ReloadCounter) for IWDG_ReloadCounter
    main.o(i.main) refers to rtc.o(i.RTC_TimeShow) for RTC_TimeShow
    main.o(i.main) refers to softtimer.o(i.ifs_stmr_task) for ifs_stmr_task
    main.o(i.main) refers to main.o(.data) for .data
    main.o(i.main) refers to usart.o(.bss) for uart_recv
    main.o(i.main) refers to main.o(.bss) for .bss
    main.o(.data) refers to main.o(.conststring) for .conststring
    stm32f0xx_it.o(i.EXTI0_1_IRQHandler) refers to stm32f0xx_exti.o(i.EXTI_GetITStatus) for EXTI_GetITStatus
    stm32f0xx_it.o(i.EXTI0_1_IRQHandler) refers to stm32f0xx_exti.o(i.EXTI_ClearITPendingBit) for EXTI_ClearITPendingBit
    stm32f0xx_it.o(i.SysTick_Handler) refers to systick.o(i.TimingDelay_Decrement) for TimingDelay_Decrement
    stm32f0xx_it.o(i.TIM14_IRQHandler) refers to stm32f0xx_tim.o(i.TIM_GetITStatus) for TIM_GetITStatus
    stm32f0xx_it.o(i.TIM14_IRQHandler) refers to stm32f0xx_tim.o(i.TIM_ClearITPendingBit) for TIM_ClearITPendingBit
    stm32f0xx_it.o(i.TIM3_IRQHandler) refers to stm32f0xx_tim.o(i.TIM_GetITStatus) for TIM_GetITStatus
    stm32f0xx_it.o(i.TIM3_IRQHandler) refers to stm32f0xx_tim.o(i.TIM_ClearITPendingBit) for TIM_ClearITPendingBit
    stm32f0xx_it.o(i.TIM3_IRQHandler) refers to time.o(.data) for Time3
    stm32f0xx_it.o(i.TIM3_IRQHandler) refers to main.o(.data) for f_Time2ms
    stm32f0xx_it.o(i.TIM3_IRQHandler) refers to stm32f0xx_it.o(.data) for .data
    system_stm32f0xx.o(i.SystemCoreClockUpdate) refers to aeabi_sdiv.o(.text) for __aeabi_uidivmod
    system_stm32f0xx.o(i.SystemCoreClockUpdate) refers to system_stm32f0xx.o(.data) for .data
    system_stm32f0xx.o(i.SystemInit) refers to system_stm32f0xx.o(i.SetSysClock) for SetSysClock
    led.o(i.IIC_Start) refers to stm32f0xx_gpio.o(i.GPIO_SetBits) for GPIO_SetBits
    led.o(i.IIC_Start) refers to stm32f0xx_gpio.o(i.GPIO_ResetBits) for GPIO_ResetBits
    led.o(i.IIC_Stop) refers to stm32f0xx_gpio.o(i.GPIO_SetBits) for GPIO_SetBits
    led.o(i.IIC_Stop) refers to stm32f0xx_gpio.o(i.GPIO_ResetBits) for GPIO_ResetBits
    led.o(i.IIC_Wait_Ack) refers to stm32f0xx_gpio.o(i.GPIO_SetBits) for GPIO_SetBits
    led.o(i.IIC_Wait_Ack) refers to stm32f0xx_gpio.o(i.GPIO_ResetBits) for GPIO_ResetBits
    led.o(i.LED_Init) refers to stm32f0xx_rcc.o(i.RCC_AHBPeriphClockCmd) for RCC_AHBPeriphClockCmd
    led.o(i.LED_Init) refers to stm32f0xx_gpio.o(i.GPIO_Init) for GPIO_Init
    led.o(i.LED_Init) refers to stm32f0xx_gpio.o(i.GPIO_SetBits) for GPIO_SetBits
    led.o(i.LED_Init) refers to systick.o(i.delay_ms) for delay_ms
    led.o(i.LED_Init) refers to stm32f0xx_gpio.o(i.GPIO_ResetBits) for GPIO_ResetBits
    led.o(i.LED_Init) refers to led.o(i.OLED_WR_Byte) for OLED_WR_Byte
    led.o(i.LED_Init) refers to led.o(i.OLED_Clear) for OLED_Clear
    led.o(i.LED_Init) refers to led.o(i.OLED_Set_Pos) for OLED_Set_Pos
    led.o(i.OLED_Clear) refers to led.o(i.OLED_WR_Byte) for OLED_WR_Byte
    led.o(i.OLED_Display_Off) refers to led.o(i.OLED_WR_Byte) for OLED_WR_Byte
    led.o(i.OLED_Display_On) refers to led.o(i.OLED_WR_Byte) for OLED_WR_Byte
    led.o(i.OLED_DrawBMP) refers to led.o(i.OLED_Set_Pos) for OLED_Set_Pos
    led.o(i.OLED_DrawBMP) refers to led.o(i.OLED_WR_Byte) for OLED_WR_Byte
    led.o(i.OLED_Set_Pos) refers to led.o(i.OLED_WR_Byte) for OLED_WR_Byte
[...]
    ../clib/angel/kernel.s                   0x00000000   Number         0  rtexit2.o ABSOLUTE
    ../clib/angel/kernel.s                   0x00000000   Number         0  __rtentry.o ABSOLUTE
    ../clib/angel/kernel.s                   0x00000000   Number         0  rtexit.o ABSOLUTE
    ../clib/angel/rt.s                       0x00000000   Number         0  rt_raise.o ABSOLUTE
    ../clib/angel/rt.s                       0x00000000   Number         0  aeabi_idiv0.o ABSOLUTE
    ../clib/angel/rt.s                       0x00000000   Number         0  rt_div0.o ABSOLUTE
    ../clib/angel/rt.s                       0x00000000   Number         0  aeabi_idiv0_sigfpe.o ABSOLUTE
    ../clib/angel/scatterp.s                 0x00000000   Number         0  __scatter.o ABSOLUTE
    ../clib/angel/startup.s                  0x00000000   Number         0  __main.o ABSOLUTE
    ../clib/angel/sys.s                      0x00000000   Number         0  libspace.o ABSOLUTE
    ../clib/angel/sys.s                      0x00000000   Number         0  indicate_semi.o ABSOLUTE
    ../clib/angel/sys.s                      0x00000000   Number         0  use_no_semi_2.o ABSOLUTE
    ../clib/angel/sys.s                      0x00000000   Number         0  use_no_semi.o ABSOLUTE
    ../clib/angel/sys.s                      0x00000000   Number         0  sys_stackheap_outer.o ABSOLUTE
    ../clib/angel/sys.s                      0x00000000   Number         0  tempstk.o ABSOLUTE
    ../clib/angel/sysapp.c                   0x00000000   Number         0  sys_command.o ABSOLUTE
    ../clib/angel/sysapp.c                   0x00000000   Number         0  sys_wrch.o ABSOLUTE
    ../clib/armsys.c                         0x00000000   Number         0  _get_argv_nomalloc.o ABSOLUTE
    ../clib/armsys.c                         0x00000000   Number         0  argv_veneer.o ABSOLUTE
    ../clib/armsys.c                         0x00000000   Number         0  no_argv.o ABSOLUTE
    ../clib/division.c                       0x00000000   Number         0  rtudiv10.o ABSOLUTE
    ../clib/division.s                       0x00000000   Number         0  aeabi_sdiv.o ABSOLUTE
    ../clib/division.s                       0x00000000   Number         0  aeabi_sdiv_div0.o ABSOLUTE
    ../clib/heapalloc.c                      0x00000000   Number         0  hrguard.o ABSOLUTE
    ../clib/heapaux.c                        0x00000000   Number         0  heapauxi.o ABSOLUTE
    ../clib/libinit.s                        0x00000000   Number         0  libinit2.o ABSOLUTE
    ../clib/libinit.s                        0x00000000   Number         0  libinit.o ABSOLUTE
    ../clib/libinit.s                        0x00000000   Number         0  libshutdown.o ABSOLUTE
    ../clib/libinit.s                        0x00000000   Number         0  libshutdown2.o ABSOLUTE
    ../clib/memcpset.c                       0x00000000   Number         0  rt_memcpy.o ABSOLUTE
    ../clib/memcpset.c                       0x00000000   Number         0  rt_memclr.o ABSOLUTE
    ../clib/memcpset.c                       0x00000000   Number         0  rt_memcpy.o ABSOLUTE
    ../clib/misc.s                           0x00000000   Number         0  printf_stubs.o ABSOLUTE
    ../clib/printf.c                         0x00000000   Number         0  _printf_char_common.o ABSOLUTE
    ../clib/printf.c                         0x00000000   Number         0  __printf_flags_wp.o ABSOLUTE
    ../clib/printf.c                         0x00000000   Number         0  __printf_wp.o ABSOLUTE
    ../clib/printf.c                         0x00000000   Number         0  __printf_flags_ss.o ABSOLUTE
    ../clib/printf.c                         0x00000000   Number         0  _printf_intcommon.o ABSOLUTE
    ../clib/printf.c                         0x00000000   Number         0  noretval__2sprintf.o ABSOLUTE
    ../clib/printf.c                         0x00000000   Number         0  __printf_flags_ss_wp.o ABSOLUTE
    ../clib/printf.c                         0x00000000   Number         0  __printf_flags.o ABSOLUTE
    ../clib/printf.c                         0x00000000   Number         0  _sputc.o ABSOLUTE
    ../clib/printf.c                         0x00000000   Number         0  _printf_dec.o ABSOLUTE
    ../clib/printf.c                         0x00000000   Number         0  __printf_ss_wp.o ABSOLUTE
    ../clib/printf.c                         0x00000000   Number         0  __2sprintf.o ABSOLUTE
    ../clib/printf.c                         0x00000000   Number         0  __printf.o ABSOLUTE
    ../clib/printf.c                         0x00000000   Number         0  __2printf.o ABSOLUTE
    ../clib/printf.c                         0x00000000   Number         0  __printf_ss.o ABSOLUTE
    ../clib/printf.c                         0x00000000   Number         0  _printf_char_file.o ABSOLUTE
    ../clib/printf.c                         0x00000000   Number         0  __printf_nopercent.o ABSOLUTE
    ../clib/printf.c                         0x00000000   Number         0  noretval__2printf.o ABSOLUTE
    ../clib/printf_percent.s                 0x00000000   Number         0  _printf_d.o ABSOLUTE
    ../clib/printf_percent.s                 0x00000000   Number         0  _printf_percent_end.o ABSOLUTE
    ../clib/printf_percent.s                 0x00000000   Number         0  _printf_percent.o ABSOLUTE
    ../clib/signal.c                         0x00000000   Number         0  defsig_other.o ABSOLUTE
    ../clib/signal.c                         0x00000000   Number         0  defsig_segv_inner.o ABSOLUTE
    ../clib/signal.c                         0x00000000   Number         0  defsig_exit.o ABSOLUTE
    ../clib/signal.c                         0x00000000   Number         0  defsig_fpe_inner.o ABSOLUTE
    ../clib/signal.c                         0x00000000   Number         0  defsig_cppl_inner.o ABSOLUTE
    ../clib/signal.c                         0x00000000   Number         0  __raise.o ABSOLUTE
    ../clib/signal.c                         0x00000000   Number         0  defsig_abrt_inner.o ABSOLUTE
    ../clib/signal.c                         0x00000000   Number         0  defsig_rtred_inner.o ABSOLUTE
    ../clib/signal.c                         0x00000000   Number         0  defsig_fpe_outer.o ABSOLUTE
    ../clib/signal.c                         0x00000000   Number         0  defsig_fpe_formal.o ABSOLUTE
    ../clib/signal.c                         0x00000000   Number         0  defsig_rtmem_inner.o ABSOLUTE
    ../clib/signal.c                         0x00000000   Number         0  defsig_rtmem_outer.o ABSOLUTE
    ../clib/signal.c                         0x00000000   Number         0  defsig_rtmem_formal.o ABSOLUTE
    ../clib/signal.c                         0x00000000   Number         0  defsig_stak_inner.o ABSOLUTE
    ../clib/signal.c                         0x00000000   Number         0  defsig_pvfn_inner.o ABSOLUTE
    ../clib/signal.c                         0x00000000   Number         0  defsig_general.o ABSOLUTE
    ../clib/signal.s                         0x00000000   Number         0  defsig.o ABSOLUTE
    ../clib/stdio.c                          0x00000000   Number         0  ferror_locked.o ABSOLUTE
    ../clib/stdio.c                          0x00000000   Number         0  ferror.o ABSOLUTE
    ../clib/stdlib.c                         0x00000000   Number         0  exit.o ABSOLUTE
    ../clib/string.c                         0x00000000   Number         0  strncpy.o ABSOLUTE
    ../fplib/cfplib/fpinit.c                 0x00000000   Number         0  fpinit.o ABSOLUTE
    ..\BSP\adc.c                             0x00000000   Number         0  adc.o ABSOLUTE
    ..\BSP\delay.c                           0x00000000   Number         0  delay.o ABSOLUTE
    ..\BSP\exit.c                            0x00000000   Number         0  exit.o ABSOLUTE
    ..\BSP\gpio.c                            0x00000000   Number         0  gpio.o ABSOLUTE
    ..\BSP\iwdg.c                            0x00000000   Number         0  iwdg.o ABSOLUTE
    ..\BSP\led.c                             0x00000000   Number         0  led.o ABSOLUTE
    ..\BSP\rtc.c                             0x00000000   Number         0  rtc.o ABSOLUTE
    ..\BSP\systick.c                         0x00000000   Number         0  systick.o ABSOLUTE
    ..\BSP\time.c                            0x00000000   Number         0  time.o ABSOLUTE
    ..\BSP\usart.c                           0x00000000   Number         0  usart.o ABSOLUTE
    ..\IAP\crc8_16.c                         0x00000000   Number         0  crc8_16.o ABSOLUTE
    ..\IAP\softtimer.c                       0x00000000   Number         0  softtimer.o ABSOLUTE
    ..\Libraries\CMSIS\Device\ST\STM32F0xx\Source\Templates\arm\startup_stm32f030x8.s 0x00000000   Number         0  startup_stm32f030x8.o ABSOLUTE
    ..\Libraries\STM32F0xx_StdPeriph_Driver\src\stm32f0xx_adc.c 0x00000000   Number         0  stm32f0xx_adc.o ABSOLUTE
    ..\Libraries\STM32F0xx_StdPeriph_Driver\src\stm32f0xx_cec.c 0x00000000   Number         0  stm32f0xx_cec.o ABSOLUTE
    ..\Libraries\STM32F0xx_StdPeriph_Driver\src\stm32f0xx_comp.c 0x00000000   Number         0  stm32f0xx_comp.o ABSOLUTE
    ..\Libraries\STM32F0xx_StdPeriph_Driver\src\stm32f0xx_crc.c 0x00000000   Number         0  stm32f0xx_crc.o ABSOLUTE
    ..\Libraries\STM32F0xx_StdPeriph_Driver\src\stm32f0xx_dac.c 0x00000000   Number         0  stm32f0xx_dac.o ABSOLUTE
    ..\Libraries\STM32F0xx_StdPeriph_Driver\src\stm32f0xx_dbgmcu.c 0x00000000   Number         0  stm32f0xx_dbgmcu.o ABSOLUTE
    ..\Libraries\STM32F0xx_StdPeriph_Driver\src\stm32f0xx_dma.c 0x00000000   Number         0  stm32f0xx_dma.o ABSOLUTE
    ..\Libraries\STM32F0xx_StdPeriph_Driver\src\stm32f0xx_exti.c 0x00000000   Number         0  stm32f0xx_exti.o ABSOLUTE
    ..\Libraries\STM32F0xx_StdPeriph_Driver\src\stm32f0xx_flash.c 0x00000000   Number         0  stm32f0xx_flash.o ABSOLUTE
    ..\Libraries\STM32F0xx_StdPeriph_Driver\src\stm32f0xx_gpio.c 0x00000000   Number         0  stm32f0xx_gpio.o ABSOLUTE
    ..\Libraries\STM32F0xx_StdPeriph_Driver\src\stm32f0xx_i2c.c 0x00000000   Number         0  stm32f0xx_i2c.o ABSOLUTE
    ..\Libraries\STM32F0xx_StdPeriph_Driver\src\stm32f0xx_iwdg.c 0x00000000   Number         0  stm32f0xx_iwdg.o ABSOLUTE
    ..\Libraries\STM32F0xx_StdPeriph_Driver\src\stm32f0xx_misc.c 0x00000000   Number         0  stm32f0xx_misc.o ABSOLUTE
    ..\Libraries\STM32F0xx_StdPeriph_Driver\src\stm32f0xx_pwr.c 0x00000000   Number         0  stm32f0xx_pwr.o ABSOLUTE
    ..\Libraries\STM32F0xx_StdPeriph_Driver\src\stm32f0xx_rcc.c 0x00000000   Number         0  stm32f0xx_rcc.o ABSOLUTE
    ..\Libraries\STM32F0xx_StdPeriph_Driver\src\stm32f0xx_rtc.c 0x00000000   Number         0  stm32f0xx_rtc.o ABSOLUTE
    ..\Libraries\STM32F0xx_StdPeriph_Driver\src\stm32f0xx_spi.c 0x00000000   Number         0  stm32f0xx_spi.o ABSOLUTE
    ..\Libraries\STM32F0xx_StdPeriph_Driver\src\stm32f0xx_syscfg.c 0x00000000   Number         0  stm32f0xx_syscfg.o ABSOLUTE
    ..\Libraries\STM32F0xx_StdPeriph_Driver\src\stm32f0xx_tim.c 0x00000000   Number         0  stm32f0xx_tim.o ABSOLUTE
    ..\Libraries\STM32F0xx_StdPeriph_Driver\src\stm32f0xx_usart.c 0x00000000   Number         0  stm32f0xx_usart.o ABSOLUTE
    ..\Libraries\STM32F0xx_StdPeriph_Driver\src\stm32f0xx_wwdg.c 0x00000000   Number         0  stm32f0xx_wwdg.o ABSOLUTE
    ..\USER\main.c                           0x00000000   Number         0  main.o ABSOLUTE
    ..\USER\stm32f0xx_it.c                   0x00000000   Number         0  stm32f0xx_it.o ABSOLUTE
    ..\USER\system_stm32f0xx.c               0x00000000   Number         0  system_stm32f0xx.o ABSOLUTE
    ..\\BSP\\adc.c                           0x00000000   Number         0  adc.o ABSOLUTE
    ..\\BSP\\exit.c                          0x00000000   Number         0  exit.o ABSOLUTE
    ..\\BSP\\gpio.c                          0x00000000   Number         0  gpio.o ABSOLUTE
    ..\\BSP\\iwdg.c                          0x00000000   Number         0  iwdg.o ABSOLUTE
    ..\\BSP\\led.c                           0x00000000   Number         0  led.o ABSOLUTE
    ..\\BSP\\rtc.c                           0x00000000   Number         0  rtc.o ABSOLUTE
    ..\\BSP\\systick.c                       0x00000000   Number         0  systick.o ABSOLUTE
    ..\\BSP\\time.c                          0x00000000   Number         0  time.o ABSOLUTE
    ..\\BSP\\usart.c                         0x00000000   Number         0  usart.o ABSOLUTE
    ..\\IAP\\crc8_16.c                       0x00000000   Number         0  crc8_16.o ABSOLUTE
    ..\\Libraries\\STM32F0xx_StdPeriph_Driver\\src\\stm32f0xx_adc.c 0x00000000   Number         0  stm32f0xx_adc.o ABSOLUTE
    ..\\Libraries\\STM32F0xx_StdPeriph_Driver\\src\\stm32f0xx_cec.c 0x00000000   Number         0  stm32f0xx_cec.o ABSOLUTE
    ..\\Libraries\\STM32F0xx_StdPeriph_Driver\\src\\stm32f0xx_comp.c 0x00000000   Number         0  stm32f0xx_comp.o ABSOLUTE
    ..\\Libraries\\STM32F0xx_StdPeriph_Driver\\src\\stm32f0xx_crc.c 0x00000000   Number         0  stm32f0xx_crc.o ABSOLUTE
    ..\\Libraries\\STM32F0xx_StdPeriph_Driver\\src\\stm32f0xx_dac.c 0x00000000   Number         0  stm32f0xx_dac.o ABSOLUTE
    ..\\Libraries\\STM32F0xx_StdPeriph_Driver\\src\\stm32f0xx_dbgmcu.c 0x00000000   Number         0  stm32f0xx_dbgmcu.o ABSOLUTE
    ..\\Libraries\\STM32F0xx_StdPeriph_Driver\\src\\stm32f0xx_dma.c 0x00000000   Number         0  stm32f0xx_dma.o ABSOLUTE
    ..\\Libraries\\STM32F0xx_StdPeriph_Driver\\src\\stm32f0xx_exti.c 0x00000000   Number         0  stm32f0xx_exti.o ABSOLUTE
    ..\\Libraries\\STM32F0xx_StdPeriph_Driver\\src\\stm32f0xx_flash.c 0x00000000   Number         0  stm32f0xx_flash.o ABSOLUTE
    ..\\Libraries\\STM32F0xx_StdPeriph_Driver\\src\\stm32f0xx_gpio.c 0x00000000   Number         0  stm32f0xx_gpio.o ABSOLUTE
    ..\\Libraries\\STM32F0xx_StdPeriph_Driver\\src\\stm32f0xx_i2c.c 0x00000000   Number         0  stm32f0xx_i2c.o ABSOLUTE
    ..\\Libraries\\STM32F0xx_StdPeriph_Driver\\src\\stm32f0xx_iwdg.c 0x00000000   Number         0  stm32f0xx_iwdg.o ABSOLUTE
    ..\\Libraries\\STM32F0xx_StdPeriph_Driver\\src\\stm32f0xx_misc.c 0x00000000   Number         0  stm32f0xx_misc.o ABSOLUTE
    ..\\Libraries\\STM32F0xx_StdPeriph_Driver\\src\\stm32f0xx_pwr.c 0x00000000   Number         0  stm32f0xx_pwr.o ABSOLUTE
    ..\\Libraries\\STM32F0xx_StdPeriph_Driver\\src\\stm32f0xx_rcc.c 0x00000000   Number         0  stm32f0xx_rcc.o ABSOLUTE
    ..\\Libraries\\STM32F0xx_StdPeriph_Driver\\src\\stm32f0xx_rtc.c 0x00000000   Number         0  stm32f0xx_rtc.o ABSOLUTE
    ..\\Libraries\\STM32F0xx_StdPeriph_Driver\\src\\stm32f0xx_spi.c 0x00000000   Number         0  stm32f0xx_spi.o ABSOLUTE
    ..\\Libraries\\STM32F0xx_StdPeriph_Driver\\src\\stm32f0xx_syscfg.c 0x00000000   Number         0  stm32f0xx_syscfg.o ABSOLUTE
    ..\\Libraries\\STM32F0xx_StdPeriph_Driver\\src\\stm32f0xx_tim.c 0x00000000   Number         0  stm32f0xx_tim.o ABSOLUTE
    ..\\Libraries\\STM32F0xx_StdPeriph_Driver\\src\\stm32f0xx_usart.c 0x00000000   Number         0  stm32f0xx_usart.o ABSOLUTE
    ..\\Libraries\\STM32F0xx_StdPeriph_Driver\\src\\stm32f0xx_wwdg.c 0x00000000   Number         0  stm32f0xx_wwdg.o ABSOLUTE
    ..\\USER\\main.c                         0x00000000   Number         0  main.o ABSOLUTE
    ..\\USER\\stm32f0xx_it.c                 0x00000000   Number         0  stm32f0xx_it.o ABSOLUTE
    ..\\USER\\system_stm32f0xx.c             0x00000000   Number         0  system_stm32f0xx.o ABSOLUTE
    dc.s                                     0x00000000   Number         0  dc.o ABSOLUTE
    RESET                                    0x08003000   Section      192  startup_stm32f030x8.o(RESET)
    !!!main                                  0x080030c0   Section        8  __main.o(!!!main)
    !!!scatter                               0x080030c8   Section       60  __scatter.o(!!!scatter)
    !!handler_copy                           0x08003104   Section       26  __scatter_copy.o(!!handler_copy)
    !!handler_zi                             0x08003120   Section       28  __scatter_zi.o(!!handler_zi)
    .ARM.Collect$$_printf_percent$$00000000  0x0800313c   Section        2  _printf_percent.o(.ARM.Collect$$_printf_percent$$00000000)
    .ARM.Collect$$_printf_percent$$00000009  0x0800313e   Section       10  _printf_d.o(.ARM.Collect$$_printf_percent$$00000009)
    .ARM.Collect$$_printf_percent$$00000017  0x08003148   Section        4  _printf_percent_end.o(.ARM.Collect$$_printf_percent$$00000017)
    .ARM.Collect$$libinit$$00000000          0x0800314c   Section        2  libinit.o(.ARM.Collect$$libinit$$00000000)
    .ARM.Collect$$libinit$$00000002          0x0800314e   Section        0  libinit2.o(.ARM.Collect$$libinit$$00000002)
    .ARM.Collect$$libinit$$00000004          0x0800314e   Section        0  libinit2.o(.ARM.Collect$$libinit$$00000004)
    .ARM.Collect$$libinit$$0000000A          0x0800314e   Section        0  libinit2.o(.ARM.Collect$$libinit$$0000000A)
    .ARM.Collect$$libinit$$0000000C          0x0800314e   Section        0  libinit2.o(.ARM.Collect$$libinit$$0000000C)
    .ARM.Collect$$libinit$$0000000E          0x0800314e   Section        0  libinit2.o(.ARM.Collect$$libinit$$0000000E)
    .ARM.Collect$$libinit$$00000011          0x0800314e   Section        0  libinit2.o(.ARM.Collect$$libinit$$00000011)
    .ARM.Collect$$libinit$$00000013          0x0800314e   Section        0  libinit2.o(.ARM.Collect$$libinit$$00000013)
    .ARM.Collect$$libinit$$00000015          0x0800314e   Section        0  libinit2.o(.ARM.Collect$$libinit$$00000015)
    .ARM.Collect$$libinit$$00000017          0x0800314e   Section        0  libinit2.o(.ARM.Collect$$libinit$$00000017)
    .ARM.Collect$$libinit$$00000019          0x0800314e   Section        0  libinit2.o(.ARM.Collect$$libinit$$00000019)
    .ARM.Collect$$libinit$$0000001B          0x0800314e   Section        0  libinit2.o(.ARM.Collect$$libinit$$0000001B)
    .ARM.Collect$$libinit$$0000001D          0x0800314e   Section        0  libinit2.o(.ARM.Collect$$libinit$$0000001D)
    .ARM.Collect$$libinit$$0000001F          0x0800314e   Section        0  libinit2.o(.ARM.Collect$$libinit$$0000001F)
    .ARM.Collect$$libinit$$00000021          0x0800314e   Section        0  libinit2.o(.ARM.Collect$$libinit$$00000021)
    .ARM.Collect$$libinit$$00000023          0x0800314e   Section        0  libinit2.o(.ARM.Collect$$libinit$$00000023)
    .ARM.Collect$$libinit$$00000025          0x0800314e   Section        0  libinit2.o(.ARM.Collect$$libinit$$00000025)
    .ARM.Collect$$libinit$$0000002C          0x0800314e   Section        0  libinit2.o(.ARM.Collect$$libinit$$0000002C)
    .ARM.Collect$$libinit$$0000002E          0x0800314e   Section        0  libinit2.o(.ARM.Collect$$libinit$$0000002E)
    .ARM.Collect$$libinit$$00000030          0x0800314e   Section        0  libinit2.o(.ARM.Collect$$libinit$$00000030)
    .ARM.Collect$$libinit$$00000032          0x0800314e   Section        0  libinit2.o(.ARM.Collect$$libinit$$00000032)
    .ARM.Collect$$libinit$$00000033          0x0800314e   Section        2  libinit2.o(.ARM.Collect$$libinit$$00000033)
    .ARM.Collect$$libshutdown$$00000000      0x08003150   Section        2  libshutdown.o(.ARM.Collect$$libshutdown$$00000000)
    .ARM.Collect$$libshutdown$$00000002      0x08003152   Section        0  libshutdown2.o(.ARM.Collect$$libshutdown$$00000002)
    .ARM.Collect$$libshutdown$$00000004      0x08003152   Section        0  libshutdown2.o(.ARM.Collect$$libshutdown$$00000004)
    .ARM.Collect$$libshutdown$$00000007      0x08003152   Section        0  libshutdown2.o(.ARM.Collect$$libshutdown$$00000007)
    .ARM.Collect$$libshutdown$$0000000A      0x08003152   Section        0  libshutdown2.o(.ARM.Collect$$libshutdown$$0000000A)
    .ARM.Collect$$libshutdown$$0000000C      0x08003152   Section        0  libshutdown2.o(.ARM.Collect$$libshutdown$$0000000C)
    .ARM.Collect$$libshutdown$$0000000F      0x08003152   Section        0  libshutdown2.o(.ARM.Collect$$libshutdown$$0000000F)
    .ARM.Collect$$libshutdown$$00000010      0x08003152   Section        2  libshutdown2.o(.ARM.Collect$$libshutdown$$00000010)
    .ARM.Collect$$rtentry$$00000000          0x08003154   Section        0  __rtentry.o(.ARM.Collect$$rtentry$$00000000)
    .ARM.Collect$$rtentry$$00000002          0x08003154   Section        0  __rtentry2.o(.ARM.Collect$$rtentry$$00000002)
    .ARM.Collect$$rtentry$$00000004          0x08003154   Section        6  __rtentry4.o(.ARM.Collect$$rtentry$$00000004)
    .ARM.Collect$$rtentry$$00000009          0x0800315a   Section        0  __rtentry2.o(.ARM.Collect$$rtentry$$00000009)
    .ARM.Collect$$rtentry$$0000000A          0x0800315a   Section        4  __rtentry2.o(.ARM.Collect$$rtentry$$0000000A)
    .ARM.Collect$$rtentry$$0000000C          0x0800315e   Section        0  __rtentry2.o(.ARM.Collect$$rtentry$$0000000C)
    .ARM.Collect$$rtentry$$0000000D          0x0800315e   Section        8  __rtentry2.o(.ARM.Collect$$rtentry$$0000000D)
    .ARM.Collect$$rtexit$$00000000           0x08003166   Section        2  rtexit.o(.ARM.Collect$$rtexit$$00000000)
    .ARM.Collect$$rtexit$$00000002           0x08003168   Section        0  rtexit2.o(.ARM.Collect$$rtexit$$00000002)
    .ARM.Collect$$rtexit$$00000003           0x08003168   Section        4  rtexit2.o(.ARM.Collect$$rtexit$$00000003)
    .ARM.Collect$$rtexit$$00000004           0x0800316c   Section        6  rtexit2.o(.ARM.Collect$$rtexit$$00000004)
    .emb_text                                0x08003174   Section       56  rt_memcpy.o(.emb_text)
    .text                                    0x080031ac   Section       56  startup_stm32f030x8.o(.text)
    .text                                    0x080031e4   Section        2  use_no_semi_2.o(.text)
    .text                                    0x080031e8   Section        0  noretval__2printf.o(.text)
    .text                                    0x08003204   Section        0  noretval__2sprintf.o(.text)
    .text                                    0x0800322c   Section        0  _printf_dec.o(.text)
    .text                                    0x08003298   Section        0  __printf_flags_ss_wp.o(.text)
    .text                                    0x08003420   Section        0  rt_memcpy.o(.text)
    .text                                    0x080034a4   Section        0  strncpy.o(.text)
    .text                                    0x08003510   Section      346  aeabi_sdiv.o(.text)
    .text                                    0x0800366a   Section        0  heapauxi.o(.text)
    .text                                    0x08003670   Section        2  use_no_semi.o(.text)
    .text                                    0x08003672   Section        0  _printf_intcommon.o(.text)
    .text                                    0x08003724   Section        0  _printf_char_common.o(.text)
    _printf_input_char                       0x08003725   Thumb Code    10  _printf_char_common.o(.text)
    .text                                    0x08003754   Section        0  _sputc.o(.text)
    .text                                    0x08003760   Section        0  _printf_char_file.o(.text)
    .text                                    0x08003788   Section        0  rt_memclr.o(.text)
    .text                                    0x080037c8   Section        0  rtudiv10.o(.text)
    .text                                    0x080037f0   Section        0  ferror.o(.text)
    .text                                    0x080037f8   Section       62  sys_stackheap_outer.o(.text)
    .text                                    0x08003836   Section        0  exit.o(.text)
    .text                                    0x08003848   Section        8  libspace.o(.text)
    i.DMA_Cmd                                0x08003850   Section        0  stm32f0xx_dma.o(i.DMA_Cmd)
    i.DMA_DeInit                             0x08003868   Section        0  stm32f0xx_dma.o(i.DMA_DeInit)
    i.DMA_GetCurrDataCounter                 0x080038d4   Section        0  stm32f0xx_dma.o(i.DMA_GetCurrDataCounter)
    i.DMA_Init                               0x080038dc   Section        0  stm32f0xx_dma.o(i.DMA_Init)
    i.DMA_SetCurrDataCounter                 0x08003918   Section        0  stm32f0xx_dma.o(i.DMA_SetCurrDataCounter)
    i.EXTI0_1_IRQHandler                     0x0800391c   Section        0  stm32f0xx_it.o(i.EXTI0_1_IRQHandler)
    i.EXTI_ClearITPendingBit                 0x0800392c   Section        0  stm32f0xx_exti.o(i.EXTI_ClearITPendingBit)
    i.EXTI_GetITStatus                       0x08003938   Section        0  stm32f0xx_exti.o(i.EXTI_GetITStatus)
    i.GPIO_Init                              0x0800394c   Section        0  stm32f0xx_gpio.o(i.GPIO_Init)
    i.GPIO_PinAFConfig                       0x080039bc   Section        0  stm32f0xx_gpio.o(i.GPIO_PinAFConfig)
    i.GPIO_ResetBits                         0x080039dc   Section        0  stm32f0xx_gpio.o(i.GPIO_ResetBits)
    i.GPIO_SetBits                           0x080039e0   Section        0  stm32f0xx_gpio.o(i.GPIO_SetBits)
    i.Get_Crc16                              0x080039e4   Section        0  crc8_16.o(i.Get_Crc16)
    i.HardFault_Handler                      0x08003a14   Section        0  stm32f0xx_it.o(i.HardFault_Handler)
    i.IIC_Start                              0x08003a16   Section        0  led.o(i.IIC_Start)
    i.IIC_Stop                               0x08003a3e   Section        0  led.o(i.IIC_Stop)
    i.IIC_Wait_Ack                           0x08003a5e   Section        0  led.o(i.IIC_Wait_Ack)
    i.IWDG_Config                            0x08003a78   Section        0  iwdg.o(i.IWDG_Config)
    i.IWDG_Enable                            0x08003aa0   Section        0  stm32f0xx_iwdg.o(i.IWDG_Enable)
    i.IWDG_ReloadCounter                     0x08003ab0   Section        0  stm32f0xx_iwdg.o(i.IWDG_ReloadCounter)
    i.IWDG_SetPrescaler                      0x08003ac0   Section        0  stm32f0xx_iwdg.o(i.IWDG_SetPrescaler)
    i.IWDG_SetReload                         0x08003acc   Section        0  stm32f0xx_iwdg.o(i.IWDG_SetReload)
    i.IWDG_WriteAccessCmd                    0x08003ad8   Section        0  stm32f0xx_iwdg.o(i.IWDG_WriteAccessCmd)
    i.LED_Init                               0x08003ae4   Section        0  led.o(i.LED_Init)
    i.NMI_Handler                            0x08003c28   Section        0  stm32f0xx_it.o(i.NMI_Handler)
    i.NVIC_Init                              0x08003c2c   Section        0  stm32f0xx_misc.o(i.NVIC_Init)
    i.OLED_Clear                             0x08003c7c   Section        0  led.o(i.OLED_Clear)
    i.OLED_Set_Pos                           0x08003cb6   Section        0  led.o(i.OLED_Set_Pos)
    i.OLED_ShowChar                          0x08003cdc   Section        0  led.o(i.OLED_ShowChar)
    i.OLED_ShowString                        0x08003d38   Section        0  led.o(i.OLED_ShowString)
    i.OLED_WR_Byte                           0x08003d66   Section        0  led.o(i.OLED_WR_Byte)
    i.PWR_BackupAccessCmd                    0x08003d7c   Section        0  stm32f0xx_pwr.o(i.PWR_BackupAccessCmd)
    i.PendSV_Handler                         0x08003d94   Section        0  stm32f0xx_it.o(i.PendSV_Handler)
    i.RCC_AHBPeriphClockCmd                  0x08003d98   Section        0  stm32f0xx_rcc.o(i.RCC_AHBPeriphClockCmd)
    i.RCC_APB1PeriphClockCmd                 0x08003db0   Section        0  stm32f0xx_rcc.o(i.RCC_APB1PeriphClockCmd)
    i.RCC_APB2PeriphClockCmd                 0x08003dc8   Section        0  stm32f0xx_rcc.o(i.RCC_APB2PeriphClockCmd)
    i.RCC_GetClocksFreq                      0x08003de0   Section        0  stm32f0xx_rcc.o(i.RCC_GetClocksFreq)
    i.RCC_GetFlagStatus                      0x08003ec8   Section        0  stm32f0xx_rcc.o(i.RCC_GetFlagStatus)
    i.RCC_LSICmd                             0x08003efc   Section        0  stm32f0xx_rcc.o(i.RCC_LSICmd)
    i.RCC_RTCCLKCmd                          0x08003f18   Section        0  stm32f0xx_rcc.o(i.RCC_RTCCLKCmd)
    i.RCC_RTCCLKConfig                       0x08003f34   Section        0  stm32f0xx_rcc.o(i.RCC_RTCCLKConfig)
    i.RTC_AlarmCmd                           0x08003f44   Section        0  stm32f0xx_rtc.o(i.RTC_AlarmCmd)
    i.RTC_AlarmShow                          0x08003f94   Section        0  rtc.o(i.RTC_AlarmShow)
    i.RTC_Bcd2ToByte                         0x08003fe8   Section        0  stm32f0xx_rtc.o(i.RTC_Bcd2ToByte)
    RTC_Bcd2ToByte                           0x08003fe9   Thumb Code    16  stm32f0xx_rtc.o(i.RTC_Bcd2ToByte)
    i.RTC_ByteToBcd2                         0x08003ff8   Section        0  stm32f0xx_rtc.o(i.RTC_ByteToBcd2)
    RTC_ByteToBcd2                           0x08003ff9   Thumb Code    24  stm32f0xx_rtc.o(i.RTC_ByteToBcd2)
    i.RTC_ClearFlag                          0x08004010   Section        0  stm32f0xx_rtc.o(i.RTC_ClearFlag)
    i.RTC_Config                             0x0800402c   Section        0  rtc.o(i.RTC_Config)
    i.RTC_EnterInitMode                      0x08004070   Section        0  stm32f0xx_rtc.o(i.RTC_EnterInitMode)
    i.RTC_ExitInitMode                       0x080040ac   Section        0  stm32f0xx_rtc.o(i.RTC_ExitInitMode)
    i.RTC_GetAlarm                           0x080040bc   Section        0  stm32f0xx_rtc.o(i.RTC_GetAlarm)
    i.RTC_GetTime                            0x08004120   Section        0  stm32f0xx_rtc.o(i.RTC_GetTime)
    i.RTC_ITConfig                           0x08004170   Section        0  stm32f0xx_rtc.o(i.RTC_ITConfig)
    i.RTC_Init                               0x080041ac   Section        0  stm32f0xx_rtc.o(i.RTC_Init)
    i.RTC_ReadBackupRegister                 0x080041f4   Section        0  stm32f0xx_rtc.o(i.RTC_ReadBackupRegister)
    i.RTC_SetAlarm                           0x08004208   Section        0  stm32f0xx_rtc.o(i.RTC_SetAlarm)
    i.RTC_SetTime                            0x08004290   Section        0  stm32f0xx_rtc.o(i.RTC_SetTime)
    i.RTC_TimeRegulate                       0x08004328   Section        0  rtc.o(i.RTC_TimeRegulate)
    i.RTC_TimeShow                           0x0800442c   Section        0  rtc.o(i.RTC_TimeShow)
    i.RTC_WaitForSynchro                     0x080044a4   Section        0  stm32f0xx_rtc.o(i.RTC_WaitForSynchro)
    i.RTC_WriteBackupRegister                0x080044f4   Section        0  stm32f0xx_rtc.o(i.RTC_WriteBackupRegister)
    i.RTC_init                               0x08004508   Section        0  rtc.o(i.RTC_init)
    i.SVC_Handler                            0x08004644   Section        0  stm32f0xx_it.o(i.SVC_Handler)
    i.SetSysClock                            0x08004648   Section        0  system_stm32f0xx.o(i.SetSysClock)
    SetSysClock                              0x08004649   Thumb Code    86  system_stm32f0xx.o(i.SetSysClock)
    i.SysTick_Handler                        0x080046a8   Section        0  stm32f0xx_it.o(i.SysTick_Handler)
    i.SystemInit                             0x080046b0   Section        0  system_stm32f0xx.o(i.SystemInit)
    i.Systick_Init                           0x08004710   Section        0  systick.o(i.Systick_Init)
    i.TIM14_IRQHandler                       0x08004754   Section        0  stm32f0xx_it.o(i.TIM14_IRQHandler)
    i.TIM3_Config                            0x08004770   Section        0  time.o(i.TIM3_Config)
    i.TIM3_IRQHandler                        0x080047c8   Section        0  stm32f0xx_it.o(i.TIM3_IRQHandler)
    i.TIM_ClearITPendingBit                  0x08004814   Section        0  stm32f0xx_tim.o(i.TIM_ClearITPendingBit)
    i.TIM_Cmd                                0x0800481a   Section        0  stm32f0xx_tim.o(i.TIM_Cmd)
    i.TIM_GetITStatus                        0x0800482e   Section        0  stm32f0xx_tim.o(i.TIM_GetITStatus)
    i.TIM_ITConfig                           0x08004846   Section        0  stm32f0xx_tim.o(i.TIM_ITConfig)
    i.TIM_TimeBaseInit                       0x08004858   Section        0  stm32f0xx_tim.o(i.TIM_TimeBaseInit)
    i.TimingDelay_Decrement                  0x080048cc   Section        0  systick.o(i.TimingDelay_Decrement)
    i.USART1_Configuration                   0x080048e8   Section        0  usart.o(i.USART1_Configuration)
    i.USART1_IRQHandler                      0x08004a00   Section        0  usart.o(i.USART1_IRQHandler)
    i.USART_Cmd                              0x08004a80   Section        0  stm32f0xx_usart.o(i.USART_Cmd)
    i.USART_DMACmd                           0x08004a94   Section        0  stm32f0xx_usart.o(i.USART_DMACmd)
    i.USART_GetITStatus                      0x08004aa4   Section        0  stm32f0xx_usart.o(i.USART_GetITStatus)
    i.USART_ITConfig                         0x08004adc   Section        0  stm32f0xx_usart.o(i.USART_ITConfig)
    i.USART_Init                             0x08004b08   Section        0  stm32f0xx_usart.o(i.USART_Init)
    i.USART_Restart                          0x08004b94   Section        0  usart.o(i.USART_Restart)
    i.Write_IIC_Byte                         0x08004ba0   Section        0  led.o(i.Write_IIC_Byte)
    i.Write_IIC_Command                      0x08004bea   Section        0  led.o(i.Write_IIC_Command)
    i.Write_IIC_Data                         0x08004c16   Section        0  led.o(i.Write_IIC_Data)
    i._is_digit                              0x08004c42   Section        0  __printf_wp.o(i._is_digit)
    i._sys_exit                              0x08004c50   Section        0  usart.o(i._sys_exit)
    i.delay_ms                               0x08004c54   Section        0  systick.o(i.delay_ms)
    i.fputc                                  0x08004c68   Section        0  usart.o(i.fputc)
    i.ifs_stmr_init                          0x08004c7c   Section        0  softtimer.o(i.ifs_stmr_init)
    i.ifs_stmr_interrupt                     0x08004cb4   Section        0  softtimer.o(i.ifs_stmr_interrupt)
    i.ifs_stmr_start                         0x08004cc4   Section        0  softtimer.o(i.ifs_stmr_start)
    i.ifs_stmr_task                          0x08004cf8   Section        0  softtimer.o(i.ifs_stmr_task)
    i.main                                   0x08004d6c   Section        0  main.o(i.main)
    i.uart_putc                              0x08004ee8   Section        0  usart.o(i.uart_putc)
    i.uart_putu16                            0x08004efc   Section        0  usart.o(i.uart_putu16)
    .constdata                               0x08004f0e   Section     1520  led.o(.constdata)
    .constdata                               0x080054fe   Section      512  crc8_16.o(.constdata)
    .constdata                               0x080056fe   Section       17  __printf_flags_ss_wp.o(.constdata)
    maptable                                 0x080056fe   Data          17  __printf_flags_ss_wp.o(.constdata)
    .conststring                             0x08005710   Section       72  rtc.o(.conststring)
    .data                                    0x200000c0   Section       36  main.o(.data)
    .data                                    0x200000e4   Section        1  stm32f0xx_it.o(.data)
    f_led                                    0x200000e4   Data           1  stm32f0xx_it.o(.data)
    .data                                    0x200000e8   Section       20  system_stm32f0xx.o(.data)
    .data                                    0x200000fc   Section        4  systick.o(.data)
    TimingDelay                              0x200000fc   Data           4  systick.o(.data)
    .data                                    0x20000100   Section        2  time.o(.data)
    .data                                    0x20000104   Section        4  usart.o(.data)
    .data                                    0x20000108   Section        8  rtc.o(.data)
    .data                                    0x20000110   Section        4  softtimer.o(.data)
    .data                                    0x20000114   Section       16  stm32f0xx_rcc.o(.data)
    APBAHBPrescTable                         0x20000114   Data          16  stm32f0xx_rcc.o(.data)
    .bss                                     0x20000124   Section       50  main.o(.bss)
    .bss                                     0x20000156   Section     2084  usart.o(.bss)
    USART_RX_BUF                             0x20000156   Data        1040  usart.o(.bss)
    .bss                                     0x2000097a   Section       50  rtc.o(.bss)
    .bss                                     0x200009ac   Section       60  softtimer.o(.bss)
    .bss                                     0x200009e8   Section       96  libspace.o(.bss)
    HEAP                                     0x20000a48   Section      512  startup_stm32f030x8.o(HEAP)
    Heap_Mem                                 0x20000a48   Data         512  startup_stm32f030x8.o(HEAP)
    STACK                                    0x20000c48   Section     1024  startup_stm32f030x8.o(STACK)
    Stack_Mem                                0x20000c48   Data        1024  startup_stm32f030x8.o(STACK)
    __initial_sp                             0x20001048   Data           0  startup_stm32f030x8.o(STACK)

    Global Symbols

    Symbol Name                              Value     Ov Type        Size  Object(Section)

    BuildAttributes$$THM_ISAv3M$S$PE$A:L22$X:L11$S22$IEEE1$IW$USESV6$~STKCKD$USESV7$~SHL$OSPACE$ROPI$EBA8$UX$STANDARDLIB$REQ8$PRES8$EABIv2 0x00000000   Number         0  anon$$obj.o ABSOLUTE
    __ARM_use_no_argv                        0x00000000   Number         0  main.o ABSOLUTE
    _printf_flags                            0x00000000   Number         0  printf_stubs.o ABSOLUTE
    _printf_return_value                     0x00000000   Number         0  printf_stubs.o ABSOLUTE
    _printf_sizespec                         0x00000000   Number         0  printf_stubs.o ABSOLUTE
    _printf_widthprec                        0x00000000   Number         0  printf_stubs.o ABSOLUTE
    __ARM_exceptions_init                     - Undefined Weak Reference
    __alloca_initialize                       - Undefined Weak Reference
    __arm_preinit_                            - Undefined Weak Reference
    __cpp_initialize__aeabi_                  - Undefined Weak Reference
    __cxa_finalize                            - Undefined Weak Reference
    __rt_locale                               - Undefined Weak Reference
    __sigvec_lookup                           - Undefined Weak Reference
    _atexit_init                              - Undefined Weak Reference
    _call_atexit_fns                          - Undefined Weak Reference
    _clock_init                               - Undefined Weak Reference
    _fp_trap_init                             - Undefined Weak Reference
    _fp_trap_shutdown                         - Undefined Weak Reference
    _get_lc_collate                           - Undefined Weak Reference
    _get_lc_ctype                             - Undefined Weak Reference
    _get_lc_monetary                          - Undefined Weak Reference
    _get_lc_numeric                           - Undefined Weak Reference
    _get_lc_time                              - Undefined Weak Reference
    _getenv_init                              - Undefined Weak Reference
    _handle_redirection                       - Undefined Weak Reference
    _init_alloc                               - Undefined Weak Reference
    _init_user_alloc                          - Undefined Weak Reference
    _initio                                   - Undefined Weak Reference
    _mutex_acquire                            - Undefined Weak Reference
    _mutex_release                            - Undefined Weak Reference
    _printf_post_padding                      - Undefined Weak Reference
    _printf_pre_padding                       - Undefined Weak Reference
    _printf_truncate_signed                   - Undefined Weak Reference
    _printf_truncate_unsigned                 - Undefined Weak Reference
    _rand_init                                - Undefined Weak Reference
    _signal_finish                            - Undefined Weak Reference
    _signal_init                              - Undefined Weak Reference
    _terminate_alloc                          - Undefined Weak Reference
    _terminate_user_alloc                     - Undefined Weak Reference
    _terminateio                              - Undefined Weak Reference
    __Vectors_Size                           0x000000c0   Number         0  startup_stm32f030x8.o ABSOLUTE
    __Vectors                                0x08003000   Data           4  startup_stm32f030x8.o(RESET)
    __Vectors_End                            0x080030c0   Data           0  startup_stm32f030x8.o(RESET)
    __main                                   0x080030c1   Thumb Code     8  __main.o(!!!main)
    __scatterload                            0x080030c9   Thumb Code     0  __scatter.o(!!!scatter)
    __scatterload_rt2                        0x080030c9   Thumb Code    52  __scatter.o(!!!scatter)
    __scatterload_rt2_thumb_only             0x080030c9   Thumb Code     0  __scatter.o(!!!scatter)
    __scatterload_null                       0x080030d9   Thumb Code     0  __scatter.o(!!!scatter)
    __scatterload_copy                       0x08003105   Thumb Code    26  __scatter_copy.o(!!handler_copy)
    __scatterload_zeroinit                   0x08003121   Thumb Code    28  __scatter_zi.o(!!handler_zi)
    _printf_percent                          0x0800313d   Thumb Code     0  _printf_percent.o(.ARM.Collect$$_printf_percent$$00000000)
    _printf_d                                0x0800313f   Thumb Code     0  _printf_d.o(.ARM.Collect$$_printf_percent$$00000009)
    _printf_percent_end                      0x08003149   Thumb Code     0  _printf_percent_end.o(.ARM.Collect$$_printf_percent$$00000017)
    __rt_lib_init                            0x0800314d   Thumb Code     0  libinit.o(.ARM.Collect$$libinit$$00000000)
    __rt_lib_init_alloca_1                   0x0800314f   Thumb Code     0  libinit2.o(.ARM.Collect$$libinit$$0000002E)
    __rt_lib_init_argv_1                     0x0800314f   Thumb Code     0  libinit2.o(.ARM.Collect$$libinit$$0000002C)
    __rt_lib_init_atexit_1                   0x0800314f   Thumb Code     0  libinit2.o(.ARM.Collect$$libinit$$0000001B)
    __rt_lib_init_clock_1                    0x0800314f   Thumb Code     0  libinit2.o(.ARM.Collect$$libinit$$00000021)
    __rt_lib_init_cpp_1                      0x0800314f   Thumb Code     0  libinit2.o(.ARM.Collect$$libinit$$00000032)
    __rt_lib_init_exceptions_1               0x0800314f   Thumb Code     0  libinit2.o(.ARM.Collect$$libinit$$00000030)
    __rt_lib_init_fp_1                       0x0800314f   Thumb Code     0  libinit2.o(.ARM.Collect$$libinit$$00000002)
    __rt_lib_init_fp_trap_1                  0x0800314f   Thumb Code     0  libinit2.o(.ARM.Collect$$libinit$$0000001F)
    __rt_lib_init_getenv_1                   0x0800314f   Thumb Code     0  libinit2.o(.ARM.Collect$$libinit$$00000023)
    __rt_lib_init_heap_1                     0x0800314f   Thumb Code     0  libinit2.o(.ARM.Collect$$libinit$$0000000A)
    __rt_lib_init_lc_collate_1               0x0800314f   Thumb Code     0  libinit2.o(.ARM.Collect$$libinit$$00000011)
    __rt_lib_init_lc_ctype_1                 0x0800314f   Thumb Code     0  libinit2.o(.ARM.Collect$$libinit$$00000013)
    __rt_lib_init_lc_monetary_1              0x0800314f   Thumb Code     0  libinit2.o(.ARM.Collect$$libinit$$00000015)
    __rt_lib_init_lc_numeric_1               0x0800314f   Thumb Code     0  libinit2.o(.ARM.Collect$$libinit$$00000017)
    __rt_lib_init_lc_time_1                  0x0800314f   Thumb Code     0  libinit2.o(.ARM.Collect$$libinit$$00000019)
    __rt_lib_init_preinit_1                  0x0800314f   Thumb Code     0  libinit2.o(.ARM.Collect$$libinit$$00000004)
    __rt_lib_init_rand_1                     0x0800314f   Thumb Code     0  libinit2.o(.ARM.Collect$$libinit$$0000000E)
    __rt_lib_init_return                     0x0800314f   Thumb Code     0  libinit2.o(.ARM.Collect$$libinit$$00000033)
    __rt_lib_init_signal_1                   0x0800314f   Thumb Code     0  libinit2.o(.ARM.Collect$$libinit$$0000001D)
    __rt_lib_init_stdio_1                    0x0800314f   Thumb Code     0  libinit2.o(.ARM.Collect$$libinit$$00000025)
    __rt_lib_init_user_alloc_1               0x0800314f   Thumb Code     0  libinit2.o(.ARM.Collect$$libinit$$0000000C)
    __rt_lib_shutdown                        0x08003151   Thumb Code     0  libshutdown.o(.ARM.Collect$$libshutdown$$00000000)
    __rt_lib_shutdown_cpp_1                  0x08003153   Thumb Code     0  libshutdown2.o(.ARM.Collect$$libshutdown$$00000002)
    __rt_lib_shutdown_fp_trap_1              0x08003153   Thumb Code     0  libshutdown2.o(.ARM.Collect$$libshutdown$$00000007)
    __rt_lib_shutdown_heap_1                 0x08003153   Thumb Code     0  libshutdown2.o(.ARM.Collect$$libshutdown$$0000000F)
    __rt_lib_shutdown_return                 0x08003153   Thumb Code     0  libshutdown2.o(.ARM.Collect$$libshutdown$$00000010)
    __rt_lib_shutdown_signal_1               0x08003153   Thumb Code     0  libshutdown2.o(.ARM.Collect$$libshutdown$$0000000A)
    __rt_lib_shutdown_stdio_1                0x08003153   Thumb Code     0  libshutdown2.o(.ARM.Collect$$libshutdown$$00000004)
    __rt_lib_shutdown_user_alloc_1           0x08003153   Thumb Code     0  libshutdown2.o(.ARM.Collect$$libshutdown$$0000000C)
    __rt_entry                               0x08003155   Thumb Code     0  __rtentry.o(.ARM.Collect$$rtentry$$00000000)
    __rt_entry_presh_1                       0x08003155   Thumb Code     0  __rtentry2.o(.ARM.Collect$$rtentry$$00000002)
    __rt_entry_sh                            0x08003155   Thumb Code     0  __rtentry4.o(.ARM.Collect$$rtentry$$00000004)
    __rt_entry_li                            0x0800315b   Thumb Code     0  __rtentry2.o(.ARM.Collect$$rtentry$$0000000A)
    __rt_entry_postsh_1                      0x0800315b   Thumb Code     0  __rtentry2.o(.ARM.Collect$$rtentry$$00000009)
    __rt_entry_main                          0x0800315f   Thumb Code     0  __rtentry2.o(.ARM.Collect$$rtentry$$0000000D)
    __rt_entry_postli_1                      0x0800315f   Thumb Code     0  __rtentry2.o(.ARM.Collect$$rtentry$$0000000C)
    __rt_exit                                0x08003167   Thumb Code     0  rtexit.o(.ARM.Collect$$rtexit$$00000000)
    __rt_exit_ls                             0x08003169   Thumb Code     0  rtexit2.o(.ARM.Collect$$rtexit$$00000003)
    __rt_exit_prels_1                        0x08003169   Thumb Code     0  rtexit2.o(.ARM.Collect$$rtexit$$00000002)
    __rt_exit_exit                           0x0800316d   Thumb Code     0  rtexit2.o(.ARM.Collect$$rtexit$$00000004)
    __aeabi_memcpy4                          0x08003175   Thumb Code    56  rt_memcpy.o(.emb_text)
    __aeabi_memcpy8                          0x08003175   Thumb Code     0  rt_memcpy.o(.emb_text)
    Reset_Handler                            0x080031ad   Thumb Code     8  startup_stm32f030x8.o(.text)
    ADC1_COMP_IRQHandler                     0x080031bf   Thumb Code     0  startup_stm32f030x8.o(.text)
    CEC_IRQHandler                           0x080031bf   Thumb Code     0  startup_stm32f030x8.o(.text)
    DMA1_Channel1_IRQHandler                 0x080031bf   Thumb Code     0  startup_stm32f030x8.o(.text)
    DMA1_Channel2_3_IRQHandler               0x080031bf   Thumb Code     0  startup_stm32f030x8.o(.text)
    DMA1_Channel4_5_IRQHandler               0x080031bf   Thumb Code     0  startup_stm32f030x8.o(.text)
    EXTI2_3_IRQHandler                       0x080031bf   Thumb Code     0  startup_stm32f030x8.o(.text)
    EXTI4_15_IRQHandler                      0x080031bf   Thumb Code     0  startup_stm32f030x8.o(.text)
    FLASH_IRQHandler                         0x080031bf   Thumb Code     0  startup_stm32f030x8.o(.text)
    I2C1_IRQHandler                          0x080031bf   Thumb Code     0  startup_stm32f030x8.o(.text)
    I2C2_IRQHandler                          0x080031bf   Thumb Code     0  startup_stm32f030x8.o(.text)
    PVD_IRQHandler                           0x080031bf   Thumb Code     0  startup_stm32f030x8.o(.text)
    RCC_IRQHandler                           0x080031bf   Thumb Code     0  startup_stm32f030x8.o(.text)
    RTC_IRQHandler                           0x080031bf   Thumb Code     0  startup_stm32f030x8.o(.text)
    SPI1_IRQHandler                          0x080031bf   Thumb Code     0  startup_stm32f030x8.o(.text)
    SPI2_IRQHandler                          0x080031bf   Thumb Code     0  startup_stm32f030x8.o(.text)
    TIM15_IRQHandler                         0x080031bf   Thumb Code     0  startup_stm32f030x8.o(.text)
    TIM16_IRQHandler                         0x080031bf   Thumb Code     0  startup_stm32f030x8.o(.text)
    TIM17_IRQHandler                         0x080031bf   Thumb Code     0  startup_stm32f030x8.o(.text)
    TIM1_BRK_UP_TRG_COM_IRQHandler           0x080031bf   Thumb Code     0  startup_stm32f030x8.o(.text)
    TIM1_CC_IRQHandler                       0x080031bf   Thumb Code     0  startup_stm32f030x8.o(.text)
    TIM2_IRQHandler                          0x080031bf   Thumb Code     0  startup_stm32f030x8.o(.text)
    TIM6_DAC_IRQHandler                      0x080031bf   Thumb Code     0  startup_stm32f030x8.o(.text)
    TS_IRQHandler                            0x080031bf   Thumb Code     0  startup_stm32f030x8.o(.text)
    USART2_IRQHandler                        0x080031bf   Thumb Code     0  startup_stm32f030x8.o(.text)
    WWDG_IRQHandler                          0x080031bf   Thumb Code     0  startup_stm32f030x8.o(.text)
    __user_initial_stackheap                 0x080031c1   Thumb Code     0  startup_stm32f030x8.o(.text)
    __use_no_semihosting                     0x080031e5   Thumb Code     2  use_no_semi_2.o(.text)
    __2printf                                0x080031e9   Thumb Code    22  noretval__2printf.o(.text)
    __2sprintf                               0x08003205   Thumb Code    36  noretval__2sprintf.o(.text)
    _printf_int_dec                          0x0800322d   Thumb Code    90  _printf_dec.o(.text)
    __printf                                 0x08003299   Thumb Code   386  __printf_flags_ss_wp.o(.text)
    __aeabi_memcpy                           0x08003421   Thumb Code   130  rt_memcpy.o(.text)
    __rt_memcpy                              0x08003421   Thumb Code     0  rt_memcpy.o(.text)
    strncpy                                  0x080034a5   Thumb Code   104  strncpy.o(.text)
    __aeabi_uidiv                            0x08003511   Thumb Code     0  aeabi_sdiv.o(.text)
    __aeabi_uidivmod                         0x08003511   Thumb Code    20  aeabi_sdiv.o(.text)
    __aeabi_idiv                             0x08003525   Thumb Code     0  aeabi_sdiv.o(.text)
    __aeabi_idivmod                          0x08003525   Thumb Code   326  aeabi_sdiv.o(.text)
    __use_two_region_memory                  0x0800366b   Thumb Code     2  heapauxi.o(.text)
    __rt_heap_escrow$2region                 0x0800366d   Thumb Code     2  heapauxi.o(.text)
    __rt_heap_expand$2region                 0x0800366f   Thumb Code     2  heapauxi.o(.text)
    __I$use$semihosting                      0x08003671   Thumb Code     0  use_no_semi.o(.text)
    __use_no_semihosting_swi                 0x08003671   Thumb Code     2  use_no_semi.o(.text)
    _printf_int_common                       0x08003673   Thumb Code   176  _printf_intcommon.o(.text)
    _printf_char_common                      0x0800372f   Thumb Code    32  _printf_char_common.o(.text)
    _sputc                                   0x08003755   Thumb Code    10  _sputc.o(.text)
    _printf_char_file                        0x08003761   Thumb Code    34  _printf_char_file.o(.text)
    _memset_w                                0x08003789   Thumb Code    26  rt_memclr.o(.text)
    _memset                                  0x080037a3   Thumb Code    30  rt_memclr.o(.text)
    __aeabi_memclr                           0x080037c1   Thumb Code     4  rt_memclr.o(.text)
    __rt_memclr                              0x080037c1   Thumb Code     0  rt_memclr.o(.text)
    __aeabi_memclr4                          0x080037c5   Thumb Code     0  rt_memclr.o(.text)
    __aeabi_memclr8                          0x080037c5   Thumb Code     0  rt_memclr.o(.text)
    __rt_memclr_w                            0x080037c5   Thumb Code     4  rt_memclr.o(.text)
    __rt_udiv10                              0x080037c9   Thumb Code    40  rtudiv10.o(.text)
    ferror                                   0x080037f1   Thumb Code     8  ferror.o(.text)
    __user_setup_stackheap                   0x080037f9   Thumb Code    62  sys_stackheap_outer.o(.text)
    exit                                     0x08003837   Thumb Code    16  exit.o(.text)
    __user_libspace                          0x08003849   Thumb Code     8  libspace.o(.text)
    __user_perproc_libspace                  0x08003849   Thumb Code     0  libspace.o(.text)
    __user_perthread_libspace                0x08003849   Thumb Code     0  libspace.o(.text)
    DMA_Cmd                                  0x08003851   Thumb Code    20  stm32f0xx_dma.o(i.DMA_Cmd)
    DMA_DeInit                               0x08003869   Thumb Code   100  stm32f0xx_dma.o(i.DMA_DeInit)
    DMA_GetCurrDataCounter                   0x080038d5   Thumb Code     6  stm32f0xx_dma.o(i.DMA_GetCurrDataCounter)
    DMA_Init                                 0x080038dd   Thumb Code    56  stm32f0xx_dma.o(i.DMA_Init)
    DMA_SetCurrDataCounter                   0x08003919   Thumb Code     4  stm32f0xx_dma.o(i.DMA_SetCurrDataCounter)
    EXTI0_1_IRQHandler                       0x0800391d   Thumb Code    16  stm32f0xx_it.o(i.EXTI0_1_IRQHandler)
    EXTI_ClearITPendingBit                   0x0800392d   Thumb Code     6  stm32f0xx_exti.o(i.EXTI_ClearITPendingBit)
    EXTI_GetITStatus                         0x08003939   Thumb Code    16  stm32f0xx_exti.o(i.EXTI_GetITStatus)
    GPIO_Init                                0x0800394d   Thumb Code   112  stm32f0xx_gpio.o(i.GPIO_Init)
    GPIO_PinAFConfig                         0x080039bd   Thumb Code    32  stm32f0xx_gpio.o(i.GPIO_PinAFConfig)
    GPIO_ResetBits                           0x080039dd   Thumb Code     4  stm32f0xx_gpio.o(i.GPIO_ResetBits)
    GPIO_SetBits                             0x080039e1   Thumb Code     4  stm32f0xx_gpio.o(i.GPIO_SetBits)
    Get_Crc16                                0x080039e5   Thumb Code    42  crc8_16.o(i.Get_Crc16)
    HardFault_Handler                        0x08003a15   Thumb Code     2  stm32f0xx_it.o(i.HardFault_Handler)
    IIC_Start                                0x08003a17   Thumb Code    40  led.o(i.IIC_Start)
    IIC_Stop                                 0x08003a3f   Thumb Code    32  led.o(i.IIC_Stop)
    IIC_Wait_Ack                             0x08003a5f   Thumb Code    24  led.o(i.IIC_Wait_Ack)
    IWDG_Config                              0x08003a79   Thumb Code    30  iwdg.o(i.IWDG_Config)
    IWDG_Enable                              0x08003aa1   Thumb Code     8  stm32f0xx_iwdg.o(i.IWDG_Enable)
    IWDG_ReloadCounter                       0x08003ab1   Thumb Code     8  stm32f0xx_iwdg.o(i.IWDG_ReloadCounter)
    IWDG_SetPrescaler                        0x08003ac1   Thumb Code     6  stm32f0xx_iwdg.o(i.IWDG_SetPrescaler)
    IWDG_SetReload                           0x08003acd   Thumb Code     6  stm32f0xx_iwdg.o(i.IWDG_SetReload)
    IWDG_WriteAccessCmd                      0x08003ad9   Thumb Code     6  stm32f0xx_iwdg.o(i.IWDG_WriteAccessCmd)
    LED_Init                                 0x08003ae5   Thumb Code   320  led.o(i.LED_Init)
    NMI_Handler                              0x08003c29   Thumb Code     2  stm32f0xx_it.o(i.NMI_Handler)
    NVIC_Init                                0x08003c2d   Thumb Code    70  stm32f0xx_misc.o(i.NVIC_Init)
    OLED_Clear                               0x08003c7d   Thumb Code    58  led.o(i.OLED_Clear)
    OLED_Set_Pos                             0x08003cb7   Thumb Code    38  led.o(i.OLED_Set_Pos)
    OLED_ShowChar                            0x08003cdd   Thumb Code    86  led.o(i.OLED_ShowChar)
    OLED_ShowString                          0x08003d39   Thumb Code    46  led.o(i.OLED_ShowString)
    OLED_WR_Byte                             0x08003d67   Thumb Code    22  led.o(i.OLED_WR_Byte)
    PWR_BackupAccessCmd                      0x08003d7d   Thumb Code    20  stm32f0xx_pwr.o(i.PWR_BackupAccessCmd)
    PendSV_Handler                           0x08003d95   Thumb Code     2  stm32f0xx_it.o(i.PendSV_Handler)
    RCC_AHBPeriphClockCmd                    0x08003d99   Thumb Code    18  stm32f0xx_rcc.o(i.RCC_AHBPeriphClockCmd)
    RCC_APB1PeriphClockCmd                   0x08003db1   Thumb Code    18  stm32f0xx_rcc.o(i.RCC_APB1PeriphClockCmd)
    RCC_APB2PeriphClockCmd                   0x08003dc9   Thumb Code    18  stm32f0xx_rcc.o(i.RCC_APB2PeriphClockCmd)
    RCC_GetClocksFreq                        0x08003de1   Thumb Code   208  stm32f0xx_rcc.o(i.RCC_GetClocksFreq)
    RCC_GetFlagStatus                        0x08003ec9   Thumb Code    48  stm32f0xx_rcc.o(i.RCC_GetFlagStatus)
    RCC_LSICmd                               0x08003efd   Thumb Code    22  stm32f0xx_rcc.o(i.RCC_LSICmd)
    RCC_RTCCLKCmd                            0x08003f19   Thumb Code    22  stm32f0xx_rcc.o(i.RCC_RTCCLKCmd)
    RCC_RTCCLKConfig                         0x08003f35   Thumb Code    10  stm32f0xx_rcc.o(i.RCC_RTCCLKConfig)
    RTC_AlarmCmd                             0x08003f45   Thumb Code    74  stm32f0xx_rtc.o(i.RTC_AlarmCmd)
    RTC_AlarmShow                            0x08003f95   Thumb Code    30  rtc.o(i.RTC_AlarmShow)
    RTC_ClearFlag                            0x08004011   Thumb Code    22  stm32f0xx_rtc.o(i.RTC_ClearFlag)
    RTC_Config                               0x0800402d   Thumb Code    64  rtc.o(i.RTC_Config)
    RTC_EnterInitMode                        0x08004071   Thumb Code    56  stm32f0xx_rtc.o(i.RTC_EnterInitMode)
    RTC_ExitInitMode                         0x080040ad   Thumb Code    12  stm32f0xx_rtc.o(i.RTC_ExitInitMode)
    RTC_GetAlarm                             0x080040bd   Thumb Code    90  stm32f0xx_rtc.o(i.RTC_GetAlarm)
    RTC_GetTime                              0x08004121   Thumb Code    70  stm32f0xx_rtc.o(i.RTC_GetTime)
    RTC_ITConfig                             0x08004171   Thumb Code    56  stm32f0xx_rtc.o(i.RTC_ITConfig)
    RTC_Init                                 0x080041ad   Thumb Code    68  stm32f0xx_rtc.o(i.RTC_Init)
    RTC_ReadBackupRegister                   0x080041f5   Thumb Code    14  stm32f0xx_rtc.o(i.RTC_ReadBackupRegister)
    RTC_SetAlarm                             0x08004209   Thumb Code   130  stm32f0xx_rtc.o(i.RTC_SetAlarm)
    RTC_SetTime                              0x08004291   Thumb Code   142  stm32f0xx_rtc.o(i.RTC_SetTime)
    RTC_TimeRegulate                         0x08004329   Thumb Code   132  rtc.o(i.RTC_TimeRegulate)
    RTC_TimeShow                             0x0800442d   Thumb Code    46  rtc.o(i.RTC_TimeShow)
    RTC_WaitForSynchro                       0x080044a5   Thumb Code    74  stm32f0xx_rtc.o(i.RTC_WaitForSynchro)
    RTC_WriteBackupRegister                  0x080044f5   Thumb Code    14  stm32f0xx_rtc.o(i.RTC_WriteBackupRegister)
    RTC_init                                 0x08004509   Thumb Code   136  rtc.o(i.RTC_init)
    SVC_Handler                              0x08004645   Thumb Code     2  stm32f0xx_it.o(i.SVC_Handler)
    SysTick_Handler                          0x080046a9   Thumb Code     8  stm32f0xx_it.o(i.SysTick_Handler)
    SystemInit                               0x080046b1   Thumb Code    84  system_stm32f0xx.o(i.SystemInit)
    Systick_Init                             0x08004711   Thumb Code    52  systick.o(i.Systick_Init)
    TIM14_IRQHandler                         0x08004755   Thumb Code    22  stm32f0xx_it.o(i.TIM14_IRQHandler)
    TIM3_Config                              0x08004771   Thumb Code    84  time.o(i.TIM3_Config)
    TIM3_IRQHandler                          0x080047c9   Thumb Code    58  stm32f0xx_it.o(i.TIM3_IRQHandler)
    TIM_ClearITPendingBit                    0x08004815   Thumb Code     6  stm32f0xx_tim.o(i.TIM_ClearITPendingBit)
    TIM_Cmd                                  0x0800481b   Thumb Code    20  stm32f0xx_tim.o(i.TIM_Cmd)
    TIM_GetITStatus                          0x0800482f   Thumb Code    24  stm32f0xx_tim.o(i.TIM_GetITStatus)
    TIM_ITConfig                             0x08004847   Thumb Code    16  stm32f0xx_tim.o(i.TIM_ITConfig)
    TIM_TimeBaseInit                         0x08004859   Thumb Code    88  stm32f0xx_tim.o(i.TIM_TimeBaseInit)
    TimingDelay_Decrement                    0x080048cd   Thumb Code    22  systick.o(i.TimingDelay_Decrement)
    USART1_Configuration                     0x080048e9   Thumb Code   250  usart.o(i.USART1_Configuration)
    USART1_IRQHandler                        0x08004a01   Thumb Code   104  usart.o(i.USART1_IRQHandler)
    USART_Cmd                                0x08004a81   Thumb Code    20  stm32f0xx_usart.o(i.USART_Cmd)
    USART_DMACmd                             0x08004a95   Thumb Code    16  stm32f0xx_usart.o(i.USART_DMACmd)
    USART_GetITStatus                        0x08004aa5   Thumb Code    56  stm32f0xx_usart.o(i.USART_GetITStatus)
    USART_ITConfig                           0x08004add   Thumb Code    42  stm32f0xx_usart.o(i.USART_ITConfig)
    USART_Init                               0x08004b09   Thumb Code   128  stm32f0xx_usart.o(i.USART_Init)
    USART_Restart                            0x08004b95   Thumb Code     8  usart.o(i.USART_Restart)
    Write_IIC_Byte                           0x08004ba1   Thumb Code    74  led.o(i.Write_IIC_Byte)
    Write_IIC_Command                        0x08004beb   Thumb Code    44  led.o(i.Write_IIC_Command)
    Write_IIC_Data                           0x08004c17   Thumb Code    44  led.o(i.Write_IIC_Data)
    _is_digit                                0x08004c43   Thumb Code    14  __printf_wp.o(i._is_digit)
    _sys_exit                                0x08004c51   Thumb Code     2  usart.o(i._sys_exit)
    delay_ms                                 0x08004c55   Thumb Code    16  systick.o(i.delay_ms)
    fputc                                    0x08004c69   Thumb Code    16  usart.o(i.fputc)
    ifs_stmr_init                            0x08004c7d   Thumb Code    48  softtimer.o(i.ifs_stmr_init)
    ifs_stmr_interrupt                       0x08004cb5   Thumb Code    10  softtimer.o(i.ifs_stmr_interrupt)
    ifs_stmr_start                           0x08004cc5   Thumb Code    44  softtimer.o(i.ifs_stmr_start)
    ifs_stmr_task                            0x08004cf9   Thumb Code   108  softtimer.o(i.ifs_stmr_task)
    main                                     0x08004d6d   Thumb Code   318  main.o(i.main)
    uart_putc                                0x08004ee9   Thumb Code    16  usart.o(i.uart_putc)
    uart_putu16                              0x08004efd   Thumb Code    18  usart.o(i.uart_putu16)
    F8X16                                    0x08004f0e   Data        1520  led.o(.constdata)
    auchCRCHi                                0x080054fe   Data         256  crc8_16.o(.constdata)
    auchCRCLo                                0x080055fe   Data         256  crc8_16.o(.constdata)
    Region$$Table$$Base                      0x08005758   Number         0  anon$$obj.o(Region$$Table)
    Region$$Table$$Limit                     0x08005778   Number         0  anon$$obj.o(Region$$Table)
    f_Time2ms                                0x200000c0   Data           1  main.o(.data)
    machine_state                            0x200000c1   Data           1  main.o(.data)
    FILE_SIZE                                0x200000c4   Data           4  main.o(.data)
    file_size                                0x200000c8   Data           4  main.o(.data)
    packet_size                              0x200000cc   Data           4  main.o(.data)
    packets_all                              0x200000d0   Data           4  main.o(.data)
    packets_now                              0x200000d4   Data           4  main.o(.data)
    Fun_IAPSet                               0x200000d8   Data           4  main.o(.data)
    Fun_WriteSuccessflag                     0x200000dc   Data           4  main.o(.data)
    statemachine_handle                      0x200000e0   Data           4  main.o(.data)
    SystemCoreClock                          0x200000e8   Data           4  system_stm32f0xx.o(.data)
    AHBPrescTable                            0x200000ec   Data          16  system_stm32f0xx.o(.data)
    Time3                                    0x20000100   Data           2  time.o(.data)
    __stdout                                 0x20000104   Data           4  usart.o(.data)
    AsynchPrediv                             0x20000108   Data           4  rtc.o(.data)
    SynchPrediv                              0x2000010c   Data           4  rtc.o(.data)
    stmr_ticks                               0x20000110   Data           4  softtimer.o(.data)
    file_name                                0x20000124   Data          50  main.o(.bss)
    uart_recv                                0x20000566   Data        1044  usart.o(.bss)
    time_buff                                0x2000097a   Data          50  rtc.o(.bss)
    timer_list                               0x200009ac   Data          60  softtimer.o(.bss)
    __libspace_start                         0x200009e8   Data          96  libspace.o(.bss)
    __temporary_stack_top$libspace           0x20000a48   Data           0  libspace.o(.bss)



==============================================================================

Memory Map of the image

  Image Entry point : 0x080030c1

  Load Region LR_IROM1 (Base: 0x08003000, Size: 0x000027dc, Max: 0x0000d000, ABSOLUTE)

    Execution Region ER_IROM1 (Exec base: 0x08003000, Load base: 0x08003000, Size: 0x00002778, Max: 0x0000d000, ABSOLUTE)

    Exec Addr    Load Addr    Size         Type   Attr      Idx    E Section Name        Object

    0x08003000   0x08003000   0x000000c0   Data   RO         4011    RESET               startup_stm32f030x8.o
    0x080030c0   0x080030c0   0x00000008   Code   RO         4066  * !!!main             c_p.l(__main.o)
    0x080030c8   0x080030c8   0x0000003c   Code   RO         4252    !!!scatter          c_p.l(__scatter.o)
    0x08003104   0x08003104   0x0000001a   Code   RO         4254    !!handler_copy      c_p.l(__scatter_copy.o)
    0x0800311e   0x0800311e   0x00000002   PAD
    0x08003120   0x08003120   0x0000001c   Code   RO         4256    !!handler_zi        c_p.l(__scatter_zi.o)
    0x0800313c   0x0800313c   0x00000002   Code   RO         4053    .ARM.Collect$$_printf_percent$$00000000  c_p.l(_printf_percent.o)
    0x0800313e   0x0800313e   0x0000000a   Code   RO         4052    .ARM.Collect$$_printf_percent$$00000009  c_p.l(_printf_d.o)
    0x08003148   0x08003148   0x00000004   Code   RO         4083    .ARM.Collect$$_printf_percent$$00000017  c_p.l(_printf_percent_end.o)
    0x0800314c   0x0800314c   0x00000002   Code   RO         4125    .ARM.Collect$$libinit$$00000000  c_p.l(libinit.o)
    0x0800314e   0x0800314e   0x00000000   Code   RO         4139    .ARM.Collect$$libinit$$00000002  c_p.l(libinit2.o)
    0x0800314e   0x0800314e   0x00000000   Code   RO         4141    .ARM.Collect$$libinit$$00000004  c_p.l(libinit2.o)
    0x0800314e   0x0800314e   0x00000000   Code   RO         4144    .ARM.Collect$$libinit$$0000000A  c_p.l(libinit2.o)
    0x0800314e   0x0800314e   0x00000000   Code   RO         4146    .ARM.Collect$$libinit$$0000000C  c_p.l(libinit2.o)
    0x0800314e   0x0800314e   0x00000000   Code   RO         4148    .ARM.Collect$$libinit$$0000000E  c_p.l(libinit2.o)
    0x0800314e   0x0800314e   0x00000000   Code   RO         4151    .ARM.Collect$$libinit$$00000011  c_p.l(libinit2.o)
    0x0800314e   0x0800314e   0x00000000   Code   RO         4153    .ARM.Collect$$libinit$$00000013  c_p.l(libinit2.o)
    0x0800314e   0x0800314e   0x00000000   Code   RO         4155    .ARM.Collect$$libinit$$00000015  c_p.l(libinit2.o)
    0x0800314e   0x0800314e   0x00000000   Code   RO         4157    .ARM.Collect$$libinit$$00000017  c_p.l(libinit2.o)
    0x0800314e   0x0800314e   0x00000000   Code   RO         4159    .ARM.Collect$$libinit$$00000019  c_p.l(libinit2.o)
    0x0800314e   0x0800314e   0x00000000   Code   RO         4161    .ARM.Collect$$libinit$$0000001B  c_p.l(libinit2.o)
    0x0800314e   0x0800314e   0x00000000   Code   RO         4163    .ARM.Collect$$libinit$$0000001D  c_p.l(libinit2.o)
    0x0800314e   0x0800314e   0x00000000   Code   RO         4165    .ARM.Collect$$libinit$$0000001F  c_p.l(libinit2.o)
    0x0800314e   0x0800314e   0x00000000   Code   RO         4167    .ARM.Collect$$libinit$$00000021  c_p.l(libinit2.o)
    0x0800314e   0x0800314e   0x00000000   Code   RO         4169    .ARM.Collect$$libinit$$00000023  c_p.l(libinit2.o)
    0x0800314e   0x0800314e   0x00000000   Code   RO         4171    .ARM.Collect$$libinit$$00000025  c_p.l(libinit2.o)
    0x0800314e   0x0800314e   0x00000000   Code   RO         4175    .ARM.Collect$$libinit$$0000002C  c_p.l(libinit2.o)
    0x0800314e   0x0800314e   0x00000000   Code   RO         4177    .ARM.Collect$$libinit$$0000002E  c_p.l(libinit2.o)
    0x0800314e   0x0800314e   0x00000000   Code   RO         4179    .ARM.Collect$$libinit$$00000030  c_p.l(libinit2.o)
    0x0800314e   0x0800314e   0x00000000   Code   RO         4181    .ARM.Collect$$libinit$$00000032  c_p.l(libinit2.o)
    0x0800314e   0x0800314e   0x00000002   Code   RO         4182    .ARM.Collect$$libinit$$00000033  c_p.l(libinit2.o)
    0x08003150   0x08003150   0x00000002   Code   RO         4208    .ARM.Collect$$libshutdown$$00000000  c_p.l(libshutdown.o)
    0x08003152   0x08003152   0x00000000   Code   RO         4235    .ARM.Collect$$libshutdown$$00000002  c_p.l(libshutdown2.o)
    0x08003152   0x08003152   0x00000000   Code   RO         4237    .ARM.Collect$$libshutdown$$00000004  c_p.l(libshutdown2.o)
    0x08003152   0x08003152   0x00000000   Code   RO         4240    .ARM.Collect$$libshutdown$$00000007  c_p.l(libshutdown2.o)
    0x08003152   0x08003152   0x00000000   Code   RO         4243    .ARM.Collect$$libshutdown$$0000000A  c_p.l(libshutdown2.o)
    0x08003152   0x08003152   0x00000000   Code   RO         4245    .ARM.Collect$$libshutdown$$0000000C  c_p.l(libshutdown2.o)
    0x08003152   0x08003152   0x00000000   Code   RO         4248    .ARM.Collect$$libshutdown$$0000000F  c_p.l(libshutdown2.o)
    0x08003152   0x08003152   0x00000002   Code   RO         4249    .ARM.Collect$$libshutdown$$00000010  c_p.l(libshutdown2.o)
    0x08003154   0x08003154   0x00000000   Code   RO         4070    .ARM.Collect$$rtentry$$00000000  c_p.l(__rtentry.o)
    0x08003154   0x08003154   0x00000000   Code   RO         4089    .ARM.Collect$$rtentry$$00000002  c_p.l(__rtentry2.o)
    0x08003154   0x08003154   0x00000006   Code   RO         4101    .ARM.Collect$$rtentry$$00000004  c_p.l(__rtentry4.o)
    0x0800315a   0x0800315a   0x00000000   Code   RO         4091    .ARM.Collect$$rtentry$$00000009  c_p.l(__rtentry2.o)
    0x0800315a   0x0800315a   0x00000004   Code   RO         4092    .ARM.Collect$$rtentry$$0000000A  c_p.l(__rtentry2.o)
    0x0800315e   0x0800315e   0x00000000   Code   RO         4094    .ARM.Collect$$rtentry$$0000000C  c_p.l(__rtentry2.o)
    0x0800315e   0x0800315e   0x00000008   Code   RO         4095    .ARM.Collect$$rtentry$$0000000D  c_p.l(__rtentry2.o)
    0x08003166   0x08003166   0x00000002   Code   RO         4130    .ARM.Collect$$rtexit$$00000000  c_p.l(rtexit.o)
    0x08003168   0x08003168   0x00000000   Code   RO         4184    .ARM.Collect$$rtexit$$00000002  c_p.l(rtexit2.o)
    0x08003168   0x08003168   0x00000004   Code   RO         4185    .ARM.Collect$$rtexit$$00000003  c_p.l(rtexit2.o)
    0x0800316c   0x0800316c   0x00000006   Code   RO         4186    .ARM.Collect$$rtexit$$00000004  c_p.l(rtexit2.o)
    0x08003172   0x08003172   0x00000002   PAD
    0x08003174   0x08003174   0x00000038   Code   RO         4054    .emb_text           c_p.l(rt_memcpy.o)
    0x080031ac   0x080031ac   0x00000038   Code   RO         4012    .text               startup_stm32f030x8.o
    0x080031e4   0x080031e4   0x00000002   Code   RO         4018    .text               c_p.l(use_no_semi_2.o)
    0x080031e6   0x080031e6   0x00000002   PAD
    0x080031e8   0x080031e8   0x0000001c   Code   RO         4024    .text               c_p.l(noretval__2printf.o)
    0x08003204   0x08003204   0x00000028   Code   RO         4026    .text               c_p.l(noretval__2sprintf.o)
    0x0800322c   0x0800322c   0x0000006c   Code   RO         4030    .text               c_p.l(_printf_dec.o)
    0x08003298   0x08003298   0x00000188   Code   RO         4049    .text               c_p.l(__printf_flags_ss_wp.o)
    0x08003420   0x08003420   0x00000082   Code   RO         4055    .text               c_p.l(rt_memcpy.o)
    0x080034a2   0x080034a2   0x00000002   PAD
    0x080034a4   0x080034a4   0x0000006c   Code   RO         4058    .text               c_p.l(strncpy.o)
    0x08003510   0x08003510   0x0000015a   Code   RO         4060    .text               c_p.l(aeabi_sdiv.o)
    0x0800366a   0x0800366a   0x00000006   Code   RO         4064    .text               c_p.l(heapauxi.o)
    0x08003670   0x08003670   0x00000002   Code   RO         4068    .text               c_p.l(use_no_semi.o)
    0x08003672   0x08003672   0x000000b0   Code   RO         4075    .text               c_p.l(_printf_intcommon.o)
    0x08003722   0x08003722   0x00000002   PAD
    0x08003724   0x08003724   0x00000030   Code   RO         4077    .text               c_p.l(_printf_char_common.o)
    0x08003754   0x08003754   0x0000000a   Code   RO         4079    .text               c_p.l(_sputc.o)
    0x0800375e   0x0800375e   0x00000002   PAD
    0x08003760   0x08003760   0x00000028   Code   RO         4081    .text               c_p.l(_printf_char_file.o)
    0x08003788   0x08003788   0x00000040   Code   RO         4084    .text               c_p.l(rt_memclr.o)
    0x080037c8   0x080037c8   0x00000028   Code   RO         4086    .text               c_p.l(rtudiv10.o)
    0x080037f0   0x080037f0   0x00000008   Code   RO         4107    .text               c_p.l(ferror.o)
    0x080037f8   0x080037f8   0x0000003e   Code   RO         4111    .text               c_p.l(sys_stackheap_outer.o)
    0x08003836   0x08003836   0x00000010   Code   RO         4114    .text               c_p.l(exit.o)
    0x08003846   0x08003846   0x00000002   PAD
    0x08003848   0x08003848   0x00000008   Code   RO         4126    .text               c_p.l(libspace.o)
    0x08003850   0x08003850   0x00000018   Code   RO         1978    i.DMA_Cmd           stm32f0xx_dma.o
    0x08003868   0x08003868   0x0000006c   Code   RO         1979    i.DMA_DeInit        stm32f0xx_dma.o
    0x080038d4   0x080038d4   0x00000006   Code   RO         1980    i.DMA_GetCurrDataCounter  stm32f0xx_dma.o
    0x080038da   0x080038da   0x00000002   PAD
    0x080038dc   0x080038dc   0x0000003c   Code   RO         1984    i.DMA_Init          stm32f0xx_dma.o
    0x08003918   0x08003918   0x00000004   Code   RO         1985    i.DMA_SetCurrDataCounter  stm32f0xx_dma.o
    0x0800391c   0x0800391c   0x00000010   Code   RO          176    i.EXTI0_1_IRQHandler  stm32f0xx_it.o
    0x0800392c   0x0800392c   0x0000000c   Code   RO          852    i.EXTI_ClearITPendingBit  stm32f0xx_exti.o
    0x08003938   0x08003938   0x00000014   Code   RO          856    i.EXTI_GetITStatus  stm32f0xx_exti.o
    0x0800394c   0x0800394c   0x00000070   Code   RO          914    i.GPIO_Init         stm32f0xx_gpio.o
    0x080039bc   0x080039bc   0x00000020   Code   RO          915    i.GPIO_PinAFConfig  stm32f0xx_gpio.o
    0x080039dc   0x080039dc   0x00000004   Code   RO          921    i.GPIO_ResetBits    stm32f0xx_gpio.o
    0x080039e0   0x080039e0   0x00000004   Code   RO          922    i.GPIO_SetBits      stm32f0xx_gpio.o
    0x080039e4   0x080039e4   0x00000030   Code   RO          756    i.Get_Crc16         crc8_16.o
    0x08003a14   0x08003a14   0x00000002   Code   RO          177    i.HardFault_Handler  stm32f0xx_it.o
    0x08003a16   0x08003a16   0x00000028   Code   RO          286    i.IIC_Start         led.o
    0x08003a3e   0x08003a3e   0x00000020   Code   RO          287    i.IIC_Stop          led.o
    0x08003a5e   0x08003a5e   0x00000018   Code   RO          288    i.IIC_Wait_Ack      led.o
    0x08003a76   0x08003a76   0x00000002   PAD
    0x08003a78   0x08003a78   0x00000028   Code   RO          629    i.IWDG_Config       iwdg.o
    0x08003aa0   0x08003aa0   0x00000010   Code   RO         2751    i.IWDG_Enable       stm32f0xx_iwdg.o
    0x08003ab0   0x08003ab0   0x00000010   Code   RO         2753    i.IWDG_ReloadCounter  stm32f0xx_iwdg.o
    0x08003ac0   0x08003ac0   0x0000000c   Code   RO         2754    i.IWDG_SetPrescaler  stm32f0xx_iwdg.o
    0x08003acc   0x08003acc   0x0000000c   Code   RO         2755    i.IWDG_SetReload    stm32f0xx_iwdg.o
    0x08003ad8   0x08003ad8   0x0000000c   Code   RO         2757    i.IWDG_WriteAccessCmd  stm32f0xx_iwdg.o
    0x08003ae4   0x08003ae4   0x00000144   Code   RO          290    i.LED_Init          led.o
    0x08003c28   0x08003c28   0x00000002   Code   RO          178    i.NMI_Handler       stm32f0xx_it.o
    0x08003c2a   0x08003c2a   0x00000002   PAD
    0x08003c2c   0x08003c2c   0x00000050   Code   RO         1944    i.NVIC_Init         stm32f0xx_misc.o
    0x08003c7c   0x08003c7c   0x0000003a   Code   RO          292    i.OLED_Clear        led.o
    0x08003cb6   0x08003cb6   0x00000026   Code   RO          296    i.OLED_Set_Pos      led.o
    0x08003cdc   0x08003cdc   0x0000005c   Code   RO          298    i.OLED_ShowChar     led.o
    0x08003d38   0x08003d38   0x0000002e   Code   RO          300    i.OLED_ShowString   led.o
    0x08003d66   0x08003d66   0x00000016   Code   RO          301    i.OLED_WR_Byte      led.o
    0x08003d7c   0x08003d7c   0x00000018   Code   RO         1005    i.PWR_BackupAccessCmd  stm32f0xx_pwr.o
    0x08003d94   0x08003d94   0x00000002   Code   RO          179    i.PendSV_Handler    stm32f0xx_it.o
    0x08003d96   0x08003d96   0x00000002   PAD
    0x08003d98   0x08003d98   0x00000018   Code   RO         1080    i.RCC_AHBPeriphClockCmd  stm32f0xx_rcc.o
    0x08003db0   0x08003db0   0x00000018   Code   RO         1082    i.RCC_APB1PeriphClockCmd  stm32f0xx_rcc.o
    0x08003dc8   0x08003dc8   0x00000018   Code   RO         1084    i.RCC_APB2PeriphClockCmd  stm32f0xx_rcc.o
    0x08003de0   0x08003de0   0x000000e8   Code   RO         1094    i.RCC_GetClocksFreq  stm32f0xx_rcc.o
    0x08003ec8   0x08003ec8   0x00000034   Code   RO         1095    i.RCC_GetFlagStatus  stm32f0xx_rcc.o
    0x08003efc   0x08003efc   0x0000001c   Code   RO         1107    i.RCC_LSICmd        stm32f0xx_rcc.o
    0x08003f18   0x08003f18   0x0000001c   Code   RO         1113    i.RCC_RTCCLKCmd     stm32f0xx_rcc.o
    0x08003f34   0x08003f34   0x00000010   Code   RO         1114    i.RCC_RTCCLKConfig  stm32f0xx_rcc.o
    0x08003f44   0x08003f44   0x00000050   Code   RO         3643    i.RTC_AlarmCmd      stm32f0xx_rtc.o
    0x08003f94   0x08003f94   0x00000054   Code   RO          700    i.RTC_AlarmShow     rtc.o
    0x08003fe8   0x08003fe8   0x00000010   Code   RO         3646    i.RTC_Bcd2ToByte    stm32f0xx_rtc.o
    0x08003ff8   0x08003ff8   0x00000018   Code   RO         3648    i.RTC_ByteToBcd2    stm32f0xx_rtc.o
    0x08004010   0x08004010   0x0000001c   Code   RO         3651    i.RTC_ClearFlag     stm32f0xx_rtc.o
    0x0800402c   0x0800402c   0x00000044   Code   RO          701    i.RTC_Config        rtc.o
    0x08004070   0x08004070   0x0000003c   Code   RO         3656    i.RTC_EnterInitMode  stm32f0xx_rtc.o
    0x080040ac   0x080040ac   0x00000010   Code   RO         3657    i.RTC_ExitInitMode  stm32f0xx_rtc.o
    0x080040bc   0x080040bc   0x00000064   Code   RO         3658    i.RTC_GetAlarm      stm32f0xx_rtc.o
    0x08004120   0x08004120   0x00000050   Code   RO         3665    i.RTC_GetTime       stm32f0xx_rtc.o
    0x08004170   0x08004170   0x0000003c   Code   RO         3668    i.RTC_ITConfig      stm32f0xx_rtc.o
    0x080041ac   0x080041ac   0x00000048   Code   RO         3669    i.RTC_Init          stm32f0xx_rtc.o
    0x080041f4   0x080041f4   0x00000014   Code   RO         3672    i.RTC_ReadBackupRegister  stm32f0xx_rtc.o
    0x08004208   0x08004208   0x00000088   Code   RO         3674    i.RTC_SetAlarm      stm32f0xx_rtc.o
    0x08004290   0x08004290   0x00000098   Code   RO         3676    i.RTC_SetTime       stm32f0xx_rtc.o
    0x08004328   0x08004328   0x00000104   Code   RO          702    i.RTC_TimeRegulate  rtc.o
    0x0800442c   0x0800442c   0x00000078   Code   RO          703    i.RTC_TimeShow      rtc.o
    0x080044a4   0x080044a4   0x00000050   Code   RO         3689    i.RTC_WaitForSynchro  stm32f0xx_rtc.o
    0x080044f4   0x080044f4   0x00000014   Code   RO         3690    i.RTC_WriteBackupRegister  stm32f0xx_rtc.o
    0x08004508   0x08004508   0x0000013c   Code   RO          704    i.RTC_init          rtc.o
    0x08004644   0x08004644   0x00000002   Code   RO          180    i.SVC_Handler       stm32f0xx_it.o
    0x08004646   0x08004646   0x00000002   PAD
    0x08004648   0x08004648   0x00000060   Code   RO          249    i.SetSysClock       system_stm32f0xx.o
    0x080046a8   0x080046a8   0x00000008   Code   RO          181    i.SysTick_Handler   stm32f0xx_it.o
    0x080046b0   0x080046b0   0x00000060   Code   RO          251    i.SystemInit        system_stm32f0xx.o
    0x08004710   0x08004710   0x00000044   Code   RO          432    i.Systick_Init      systick.o
    0x08004754   0x08004754   0x0000001c   Code   RO          182    i.TIM14_IRQHandler  stm32f0xx_it.o
    0x08004770   0x08004770   0x00000058   Code   RO          478    i.TIM3_Config       time.o
    0x080047c8   0x080047c8   0x0000004c   Code   RO          183    i.TIM3_IRQHandler   stm32f0xx_it.o
    0x08004814   0x08004814   0x00000006   Code   RO         1400    i.TIM_ClearITPendingBit  stm32f0xx_tim.o
    0x0800481a   0x0800481a   0x00000014   Code   RO         1405    i.TIM_Cmd           stm32f0xx_tim.o
    0x0800482e   0x0800482e   0x00000018   Code   RO         1426    i.TIM_GetITStatus   stm32f0xx_tim.o
    0x08004846   0x08004846   0x00000010   Code   RO         1430    i.TIM_ITConfig      stm32f0xx_tim.o
    0x08004856   0x08004856   0x00000002   PAD
    0x08004858   0x08004858   0x00000074   Code   RO         1478    i.TIM_TimeBaseInit  stm32f0xx_tim.o
    0x080048cc   0x080048cc   0x0000001c   Code   RO          433    i.TimingDelay_Decrement  systick.o
    0x080048e8   0x080048e8   0x00000118   Code   RO          526    i.USART1_Configuration  usart.o
    0x08004a00   0x08004a00   0x00000080   Code   RO          527    i.USART1_IRQHandler  usart.o
    0x08004a80   0x08004a80   0x00000014   Code   RO         2063    i.USART_Cmd         stm32f0xx_usart.o
    0x08004a94   0x08004a94   0x00000010   Code   RO         2066    i.USART_DMACmd      stm32f0xx_usart.o
    0x08004aa4   0x08004aa4   0x00000038   Code   RO         2072    i.USART_GetITStatus  stm32f0xx_usart.o
    0x08004adc   0x08004adc   0x0000002a   Code   RO         2074    i.USART_ITConfig    stm32f0xx_usart.o
    0x08004b06   0x08004b06   0x00000002   PAD
    0x08004b08   0x08004b08   0x0000008c   Code   RO         2075    i.USART_Init        stm32f0xx_usart.o
    0x08004b94   0x08004b94   0x0000000c   Code   RO          528    i.USART_Restart     usart.o
    0x08004ba0   0x08004ba0   0x0000004a   Code   RO          303    i.Write_IIC_Byte    led.o
    0x08004bea   0x08004bea   0x0000002c   Code   RO          304    i.Write_IIC_Command  led.o
    0x08004c16   0x08004c16   0x0000002c   Code   RO          305    i.Write_IIC_Data    led.o
    0x08004c42   0x08004c42   0x0000000e   Code   RO         4042    i._is_digit         c_p.l(__printf_wp.o)
    0x08004c50   0x08004c50   0x00000002   Code   RO          530    i._sys_exit         usart.o
    0x08004c52   0x08004c52   0x00000002   PAD
    0x08004c54   0x08004c54   0x00000014   Code   RO          434    i.delay_ms          systick.o
    0x08004c68   0x08004c68   0x00000014   Code   RO          531    i.fputc             usart.o
    0x08004c7c   0x08004c7c   0x00000038   Code   RO          790    i.ifs_stmr_init     softtimer.o
    0x08004cb4   0x08004cb4   0x00000010   Code   RO          791    i.ifs_stmr_interrupt  softtimer.o
    0x08004cc4   0x08004cc4   0x00000034   Code   RO          793    i.ifs_stmr_start    softtimer.o
    0x08004cf8   0x08004cf8   0x00000074   Code   RO          795    i.ifs_stmr_task     softtimer.o
    0x08004d6c   0x08004d6c   0x0000017c   Code   RO            3    i.main              main.o
    0x08004ee8   0x08004ee8   0x00000014   Code   RO          532    i.uart_putc         usart.o
    0x08004efc   0x08004efc   0x00000012   Code   RO          533    i.uart_putu16       usart.o
    0x08004f0e   0x08004f0e   0x000005f0   Data   RO          308    .constdata          led.o
    0x080054fe   0x080054fe   0x00000200   Data   RO          758    .constdata          crc8_16.o
    0x080056fe   0x080056fe   0x00000011   Data   RO         4050    .constdata          c_p.l(__printf_flags_ss_wp.o)
    0x0800570f   0x0800570f   0x00000001   PAD
    0x08005710   0x08005710   0x00000048   Data   RO          706    .conststring        rtc.o
    0x08005758   0x08005758   0x00000020   Data   RO         4250    Region$$Table       anon$$obj.o


    Execution Region RW_IRAM1 (Exec base: 0x200000c0, Load base: 0x08005778, Size: 0x00000f88, Max: 0x00001f40, ABSOLUTE)

    Exec Addr    Load Addr    Size         Type   Attr      Idx    E Section Name        Object

    0x200000c0   0x08005778   0x00000024   Data   RW            8    .data               main.o
    0x200000e4   0x0800579c   0x00000001   Data   RW          184    .data               stm32f0xx_it.o
    0x200000e5   0x0800579d   0x00000003   PAD
    0x200000e8   0x080057a0   0x00000014   Data   RW          252    .data               system_stm32f0xx.o
    0x200000fc   0x080057b4   0x00000004   Data   RW          436    .data               systick.o
    0x20000100   0x080057b8   0x00000002   Data   RW          482    .data               time.o
    0x20000102   0x080057ba   0x00000002   PAD
    0x20000104   0x080057bc   0x00000004   Data   RW          536    .data               usart.o
    0x20000108   0x080057c0   0x00000008   Data   RW          707    .data               rtc.o
    0x20000110   0x080057c8   0x00000004   Data   RW          797    .data               softtimer.o
    0x20000114   0x080057cc   0x00000010   Data   RW         1118    .data               stm32f0xx_rcc.o
    0x20000124        -       0x00000032   Zero   RW            5    .bss                main.o
    0x20000156        -       0x00000824   Zero   RW          535    .bss                usart.o
    0x2000097a        -       0x00000032   Zero   RW          705    .bss                rtc.o
    0x200009ac        -       0x0000003c   Zero   RW          796    .bss                softtimer.o
    0x200009e8        -       0x00000060   Zero   RW         4127    .bss                c_p.l(libspace.o)
    0x20000a48        -       0x00000200   Zero   RW         4010    HEAP                startup_stm32f030x8.o
    0x20000c48        -       0x00000400   Zero   RW         4009    STACK               startup_stm32f030x8.o


==============================================================================

Image component sizes


      Code (inc. data)   RO Data    RW Data    ZI Data      Debug   Object Name

        48          6        512          0          0       1310   crc8_16.o
        40         10          0          0          0        466   iwdg.o
       838         10       1520          0          0       8171   led.o
       380         62          0         36         50     165548   main.o
       848        440         72          8         50       3447   rtc.o
       240         30          0          4         60       4041   softtimer.o
        56         26        192          0       1536        748   startup_stm32f030x8.o
       202         16          0          0          0       4168   stm32f0xx_dma.o
        32         10          0          0          0       1260   stm32f0xx_exti.o
       152          0          0          0          0       3163   stm32f0xx_gpio.o
       136         24          0          1          0       4024   stm32f0xx_it.o
        68         34          0          0          0       2790   stm32f0xx_iwdg.o
        80         10          0          0          0       1088   stm32f0xx_misc.o
        24          4          0          0          0        598   stm32f0xx_pwr.o
       428         64          0         16          0       6410   stm32f0xx_rcc.o
       944         82          0          0          0      11598   stm32f0xx_rtc.o
       182         28          0          0          0       4865   stm32f0xx_tim.o
       274         12          0          0          0       4705   stm32f0xx_usart.o
       192         22          0         20          0       1809   system_stm32f0xx.o
       116         26          0          4          0       9991   systick.o
        88          4          0          2          0       1022   time.o
       480         66          0          4       2084       6157   usart.o

    ----------------------------------------------------------------------
      5864        986       2328        100       3780     247379   Object Totals
         0          0         32          0          0          0   (incl. Generated)
        16          0          0          5          0          0   (incl. Padding)

    ----------------------------------------------------------------------

      Code (inc. data)   RO Data    RW Data    ZI Data      Debug   Library Member Name

         8          0          0          0          0         68   __main.o
       392          6         17          0          0         76   __printf_flags_ss_wp.o
        14          0          0          0          0         60   __printf_wp.o
         0          0          0          0          0          0   __rtentry.o
        12          0          0          0          0          0   __rtentry2.o
         6          0          0          0          0          0   __rtentry4.o
        60          8          0          0          0          0   __scatter.o
        26          0          0          0          0          0   __scatter_copy.o
        28          0          0          0          0          0   __scatter_zi.o
        48          6          0          0          0         88   _printf_char_common.o
        40          6          0          0          0         72   _printf_char_file.o
        10          0          0          0          0          0   _printf_d.o
       108         18          0          0          0         76   _printf_dec.o
       176          0          0          0          0         84   _printf_intcommon.o
         2          0          0          0          0          0   _printf_percent.o
         4          0          0          0          0          0   _printf_percent_end.o
        10          0          0          0          0         60   _sputc.o
       346          0          0          0          0         92   aeabi_sdiv.o
        16          0          0          0          0         68   exit.o
         8          0          0          0          0         60   ferror.o
         6          0          0          0          0        136   heapauxi.o
         2          0          0          0          0          0   libinit.o
         2          0          0          0          0          0   libinit2.o
         2          0          0          0          0          0   libshutdown.o
         2          0          0          0          0          0   libshutdown2.o
         8          4          0          0         96         68   libspace.o
        28          6          0          0          0         84   noretval__2printf.o
        40          4          0          0          0         84   noretval__2sprintf.o
        64          0          0          0          0        108   rt_memclr.o
       186          0          0          0          0        144   rt_memcpy.o
         2          0          0          0          0          0   rtexit.o
        10          0          0          0          0          0   rtexit2.o
        40          0          0          0          0         60   rtudiv10.o
       108          4          0          0          0         76   strncpy.o
        62          0          0          0          0         80   sys_stackheap_outer.o
         2          0          0          0          0         68   use_no_semi.o
         2          0          0          0          0         68   use_no_semi_2.o

    ----------------------------------------------------------------------
      1894         62         18          0         96       1780   Library Totals
        14          0          1          0          0          0   (incl. Padding)

    ----------------------------------------------------------------------

      Code (inc. data)   RO Data    RW Data    ZI Data      Debug   Library Name

      1880         62         17          0         96       1780   c_p.l

    ----------------------------------------------------------------------
      1894         62         18          0         96       1780   Library Totals

    ----------------------------------------------------------------------

==============================================================================


      Code (inc. data)   RO Data    RW Data    ZI Data      Debug   

      7758       1048       2346        100       3876     244335   Grand Totals
      7758       1048       2346        100       3876     244335   ELF Image Totals
      7758       1048       2346        100          0          0   ROM Totals

==============================================================================

    Total RO  Size (Code + RO Data)                10104 (   9.87kB)
    Total RW  Size (RW Data + ZI Data)              3976 (   3.88kB)
    Total ROM Size (Code + RO Data + RW Data)      10204 (   9.96kB)

==============================================================================

