<html>
<body>
<pre>
<h1>µVision Build Log</h1>
<h2>Project:</h2>
C:\Users\Administrator\Desktop\STM32_Nucleo_FW_V1.2.1\Projects\NUCLEO-F030R8\RTC_Calendar\MDK-ARM\Project.uvproj
Project File Date:  06/20/2014

<h2>Output:</h2>
Build target 'RTC_Calendar'
assembling startup_stm32f030.s...
compiling stm32f0xx_adc.c...
compiling stm32f0xx_cec.c...
compiling stm32f0xx_comp.c...
compiling stm32f0xx_crc.c...
compiling stm32f0xx_dac.c...
compiling stm32f0xx_dbgmcu.c...
compiling stm32f0xx_dma.c...
compiling stm32f0xx_exti.c...
compiling stm32f0xx_flash.c...
compiling stm32f0xx_gpio.c...
compiling stm32f0xx_i2c.c...
compiling stm32f0xx_iwdg.c...
compiling stm32f0xx_misc.c...
compiling stm32f0xx_pwr.c...
compiling stm32f0xx_rcc.c...
compiling stm32f0xx_rtc.c...
compiling stm32f0xx_spi.c...
compiling stm32f0xx_syscfg.c...
compiling stm32f0xx_tim.c...
compiling stm32f0xx_usart.c...
compiling stm32f0xx_wwdg.c...
compiling stm32f0xx_nucleo.c...
compiling main.c...
compiling stm32f0xx_it.c...
compiling system_stm32f0xx.c...
linking...
Program Size: Code=2948 RO-data=232 RW-data=16 ZI-data=1128  
FromELF: creating hex file...
"RTC_Calendar\RTC_Calendar.axf" - 0 Error(s), 0 Warning(s).
Load "RTC_Calendar\\RTC_Calendar.axf" 
Erase Done.
Programming Done.
Verify OK.
</pre>
</body>
</html>
