ARM Linker, 5.03 [Build 76] [MDK-ARM Standard]

==============================================================================

Section Cross References

    system_stm32f0xx.o(i.SystemCoreClockUpdate) refers to uidiv.o(.text) for __aeabi_uidivmod
    system_stm32f0xx.o(i.SystemCoreClockUpdate) refers to system_stm32f0xx.o(.data) for .data
    system_stm32f0xx.o(i.SystemInit) refers to system_stm32f0xx.o(i.SetSysClock) for SetSysClock
    startup_stm32f0xx.o(RESET) refers to startup_stm32f0xx.o(STACK) for __initial_sp
    startup_stm32f0xx.o(RESET) refers to startup_stm32f0xx.o(.text) for Reset_Handler
    startup_stm32f0xx.o(RESET) refers to stm32f0xx_it.o(i.NMI_Handler) for NMI_Handler
    startup_stm32f0xx.o(RESET) refers to stm32f0xx_it.o(i.HardFault_Handler) for HardFault_Handler
    startup_stm32f0xx.o(RESET) refers to stm32f0xx_it.o(i.SVC_Handler) for SVC_Handler
    startup_stm32f0xx.o(RESET) refers to stm32f0xx_it.o(i.PendSV_Handler) for PendSV_Handler
    startup_stm32f0xx.o(RESET) refers to stm32f0xx_it.o(i.SysTick_Handler) for SysTick_Handler
    startup_stm32f0xx.o(.text) refers to system_stm32f0xx.o(i.SystemInit) for SystemInit
    startup_stm32f0xx.o(.text) refers to entry.o(.ARM.Collect$$$$00000000) for __main
    stm32f0xx_adc.o(i.ADC_DeInit) refers to stm32f0xx_rcc.o(i.RCC_APB2PeriphResetCmd) for RCC_APB2PeriphResetCmd
    stm32f0xx_cec.o(i.CEC_DeInit) refers to stm32f0xx_rcc.o(i.RCC_APB1PeriphResetCmd) for RCC_APB1PeriphResetCmd
    stm32f0xx_dac.o(i.DAC_DeInit) refers to stm32f0xx_rcc.o(i.RCC_APB1PeriphResetCmd) for RCC_APB1PeriphResetCmd
    stm32f0xx_flash.o(i.FLASH_EraseAllPages) refers to stm32f0xx_flash.o(i.FLASH_WaitForLastOperation) for FLASH_WaitForLastOperation
    stm32f0xx_flash.o(i.FLASH_ErasePage) refers to stm32f0xx_flash.o(i.FLASH_WaitForLastOperation) for FLASH_WaitForLastOperation
    stm32f0xx_flash.o(i.FLASH_OB_BOOTConfig) refers to stm32f0xx_flash.o(i.FLASH_WaitForLastOperation) for FLASH_WaitForLastOperation
    stm32f0xx_flash.o(i.FLASH_OB_EnableWRP) refers to stm32f0xx_flash.o(i.FLASH_WaitForLastOperation) for FLASH_WaitForLastOperation
    stm32f0xx_flash.o(i.FLASH_OB_Erase) refers to stm32f0xx_flash.o(i.FLASH_OB_GetRDP) for FLASH_OB_GetRDP
    stm32f0xx_flash.o(i.FLASH_OB_Erase) refers to stm32f0xx_flash.o(i.FLASH_WaitForLastOperation) for FLASH_WaitForLastOperation
    stm32f0xx_flash.o(i.FLASH_OB_RDPConfig) refers to stm32f0xx_flash.o(i.FLASH_WaitForLastOperation) for FLASH_WaitForLastOperation
    stm32f0xx_flash.o(i.FLASH_OB_SRAMParityConfig) refers to stm32f0xx_flash.o(i.FLASH_WaitForLastOperation) for FLASH_WaitForLastOperation
    stm32f0xx_flash.o(i.FLASH_OB_UserConfig) refers to stm32f0xx_flash.o(i.FLASH_WaitForLastOperation) for FLASH_WaitForLastOperation
    stm32f0xx_flash.o(i.FLASH_OB_VDDAConfig) refers to stm32f0xx_flash.o(i.FLASH_WaitForLastOperation) for FLASH_WaitForLastOperation
    stm32f0xx_flash.o(i.FLASH_OB_WriteUser) refers to stm32f0xx_flash.o(i.FLASH_WaitForLastOperation) for FLASH_WaitForLastOperation
    stm32f0xx_flash.o(i.FLASH_ProgramHalfWord) refers to stm32f0xx_flash.o(i.FLASH_WaitForLastOperation) for FLASH_WaitForLastOperation
    stm32f0xx_flash.o(i.FLASH_ProgramOptionByteData) refers to stm32f0xx_flash.o(i.FLASH_WaitForLastOperation) for FLASH_WaitForLastOperation
    stm32f0xx_flash.o(i.FLASH_ProgramWord) refers to stm32f0xx_flash.o(i.FLASH_WaitForLastOperation) for FLASH_WaitForLastOperation
    stm32f0xx_flash.o(i.FLASH_WaitForLastOperation) refers to stm32f0xx_flash.o(i.FLASH_GetStatus) for FLASH_GetStatus
    stm32f0xx_gpio.o(i.GPIO_DeInit) refers to stm32f0xx_rcc.o(i.RCC_AHBPeriphResetCmd) for RCC_AHBPeriphResetCmd
    stm32f0xx_i2c.o(i.I2C_DeInit) refers to stm32f0xx_rcc.o(i.RCC_APB1PeriphResetCmd) for RCC_APB1PeriphResetCmd
    stm32f0xx_pwr.o(i.PWR_DeInit) refers to stm32f0xx_rcc.o(i.RCC_APB1PeriphResetCmd) for RCC_APB1PeriphResetCmd
    stm32f0xx_rcc.o(i.RCC_GetClocksFreq) refers to uidiv.o(.text) for __aeabi_uidivmod
    stm32f0xx_rcc.o(i.RCC_GetClocksFreq) refers to stm32f0xx_rcc.o(.data) for .data
    stm32f0xx_rcc.o(i.RCC_WaitForHSEStartUp) refers to stm32f0xx_rcc.o(i.RCC_GetFlagStatus) for RCC_GetFlagStatus
    stm32f0xx_rtc.o(i.RTC_DeInit) refers to stm32f0xx_rtc.o(i.RTC_EnterInitMode) for RTC_EnterInitMode
    stm32f0xx_rtc.o(i.RTC_DeInit) refers to stm32f0xx_rtc.o(i.RTC_WaitForSynchro) for RTC_WaitForSynchro
    stm32f0xx_rtc.o(i.RTC_GetAlarm) refers to stm32f0xx_rtc.o(i.RTC_Bcd2ToByte) for RTC_Bcd2ToByte
    stm32f0xx_rtc.o(i.RTC_GetDate) refers to stm32f0xx_rtc.o(i.RTC_Bcd2ToByte) for RTC_Bcd2ToByte
    stm32f0xx_rtc.o(i.RTC_GetTime) refers to stm32f0xx_rtc.o(i.RTC_Bcd2ToByte) for RTC_Bcd2ToByte
    stm32f0xx_rtc.o(i.RTC_GetTimeStamp) refers to stm32f0xx_rtc.o(i.RTC_Bcd2ToByte) for RTC_Bcd2ToByte
    stm32f0xx_rtc.o(i.RTC_Init) refers to stm32f0xx_rtc.o(i.RTC_EnterInitMode) for RTC_EnterInitMode
    stm32f0xx_rtc.o(i.RTC_Init) refers to stm32f0xx_rtc.o(i.RTC_ExitInitMode) for RTC_ExitInitMode
[...]
    stm32f0xx_usart.o(i.USART_Init) refers to uidiv.o(.text) for __aeabi_uidivmod
    stm32f0xx_wwdg.o(i.WWDG_DeInit) refers to stm32f0xx_rcc.o(i.RCC_APB1PeriphResetCmd) for RCC_APB1PeriphResetCmd
    stm320518_eval.o(i.LM75_LowLevel_DeInit) refers to stm32f0xx_i2c.o(i.I2C_Cmd) for I2C_Cmd
    stm320518_eval.o(i.LM75_LowLevel_DeInit) refers to stm32f0xx_i2c.o(i.I2C_DeInit) for I2C_DeInit
    stm320518_eval.o(i.LM75_LowLevel_DeInit) refers to stm32f0xx_rcc.o(i.RCC_APB1PeriphClockCmd) for RCC_APB1PeriphClockCmd
    stm320518_eval.o(i.LM75_LowLevel_DeInit) refers to stm32f0xx_gpio.o(i.GPIO_Init) for GPIO_Init
    stm320518_eval.o(i.LM75_LowLevel_Init) refers to stm32f0xx_rcc.o(i.RCC_APB1PeriphClockCmd) for RCC_APB1PeriphClockCmd
    stm320518_eval.o(i.LM75_LowLevel_Init) refers to stm32f0xx_rcc.o(i.RCC_I2CCLKConfig) for RCC_I2CCLKConfig
    stm320518_eval.o(i.LM75_LowLevel_Init) refers to stm32f0xx_rcc.o(i.RCC_AHBPeriphClockCmd) for RCC_AHBPeriphClockCmd
    stm320518_eval.o(i.LM75_LowLevel_Init) refers to stm32f0xx_gpio.o(i.GPIO_PinAFConfig) for GPIO_PinAFConfig
    stm320518_eval.o(i.LM75_LowLevel_Init) refers to stm32f0xx_gpio.o(i.GPIO_Init) for GPIO_Init
    stm320518_eval.o(i.SD_LowLevel_DeInit) refers to stm32f0xx_spi.o(i.SPI_Cmd) for SPI_Cmd
    stm320518_eval.o(i.SD_LowLevel_DeInit) refers to stm32f0xx_spi.o(i.SPI_I2S_DeInit) for SPI_I2S_DeInit
    stm320518_eval.o(i.SD_LowLevel_DeInit) refers to stm32f0xx_rcc.o(i.RCC_APB2PeriphClockCmd) for RCC_APB2PeriphClockCmd
    stm320518_eval.o(i.SD_LowLevel_DeInit) refers to stm32f0xx_gpio.o(i.GPIO_Init) for GPIO_Init
    stm320518_eval.o(i.SD_LowLevel_Init) refers to stm32f0xx_rcc.o(i.RCC_AHBPeriphClockCmd) for RCC_AHBPeriphClockCmd
    stm320518_eval.o(i.SD_LowLevel_Init) refers to stm32f0xx_rcc.o(i.RCC_APB2PeriphClockCmd) for RCC_APB2PeriphClockCmd
    stm320518_eval.o(i.SD_LowLevel_Init) refers to stm32f0xx_gpio.o(i.GPIO_Init) for GPIO_Init
    stm320518_eval.o(i.SD_LowLevel_Init) refers to stm32f0xx_gpio.o(i.GPIO_PinAFConfig) for GPIO_PinAFConfig
    stm320518_eval.o(i.SD_LowLevel_Init) refers to stm32f0xx_spi.o(i.SPI_Init) for SPI_Init
    stm320518_eval.o(i.SD_LowLevel_Init) refers to stm32f0xx_spi.o(i.SPI_RxFIFOThresholdConfig) for SPI_RxFIFOThresholdConfig
    stm320518_eval.o(i.SD_LowLevel_Init) refers to stm32f0xx_spi.o(i.SPI_Cmd) for SPI_Cmd
    stm320518_eval.o(i.STM_EVAL_COMInit) refers to stm32f0xx_rcc.o(i.RCC_AHBPeriphClockCmd) for RCC_AHBPeriphClockCmd
    stm320518_eval.o(i.STM_EVAL_COMInit) refers to stm32f0xx_rcc.o(i.RCC_APB2PeriphClockCmd) for RCC_APB2PeriphClockCmd
    stm320518_eval.o(i.STM_EVAL_COMInit) refers to stm32f0xx_gpio.o(i.GPIO_PinAFConfig) for GPIO_PinAFConfig
    stm320518_eval.o(i.STM_EVAL_COMInit) refers to stm32f0xx_gpio.o(i.GPIO_Init) for GPIO_Init
    stm320518_eval.o(i.STM_EVAL_COMInit) refers to stm32f0xx_usart.o(i.USART_Init) for USART_Init
    stm320518_eval.o(i.STM_EVAL_COMInit) refers to stm32f0xx_usart.o(i.USART_Cmd) for USART_Cmd
    stm320518_eval.o(i.STM_EVAL_COMInit) refers to stm320518_eval.o(.constdata) for .constdata
    stm320518_eval.o(i.STM_EVAL_COMInit) refers to stm320518_eval.o(.data) for .data
    stm320518_eval.o(i.STM_EVAL_LEDInit) refers to stm32f0xx_rcc.o(i.RCC_AHBPeriphClockCmd) for RCC_AHBPeriphClockCmd
    stm320518_eval.o(i.STM_EVAL_LEDInit) refers to stm32f0xx_gpio.o(i.GPIO_Init) for GPIO_Init
    stm320518_eval.o(i.STM_EVAL_LEDInit) refers to stm320518_eval.o(.constdata) for .constdata
    stm320518_eval.o(i.STM_EVAL_LEDInit) refers to stm320518_eval.o(.data) for .data
    stm320518_eval.o(i.STM_EVAL_LEDOff) refers to stm320518_eval.o(.constdata) for .constdata
    stm320518_eval.o(i.STM_EVAL_LEDOff) refers to stm320518_eval.o(.data) for .data
    stm320518_eval.o(i.STM_EVAL_LEDOn) refers to stm320518_eval.o(.constdata) for .constdata
    stm320518_eval.o(i.STM_EVAL_LEDOn) refers to stm320518_eval.o(.data) for .data
    stm320518_eval.o(i.STM_EVAL_LEDToggle) refers to stm320518_eval.o(.data) for .data
    stm320518_eval.o(i.STM_EVAL_LEDToggle) refers to stm320518_eval.o(.constdata) for .constdata
    stm320518_eval.o(i.STM_EVAL_PBGetState) refers to stm32f0xx_gpio.o(i.GPIO_ReadInputDataBit) for GPIO_ReadInputDataBit
    stm320518_eval.o(i.STM_EVAL_PBGetState) refers to stm320518_eval.o(.constdata) for .constdata
    stm320518_eval.o(i.STM_EVAL_PBGetState) refers to stm320518_eval.o(.data) for .data
    stm320518_eval.o(i.STM_EVAL_PBInit) refers to stm32f0xx_rcc.o(i.RCC_AHBPeriphClockCmd) for RCC_AHBPeriphClockCmd
    stm320518_eval.o(i.STM_EVAL_PBInit) refers to stm32f0xx_rcc.o(i.RCC_APB2PeriphClockCmd) for RCC_APB2PeriphClockCmd
    stm320518_eval.o(i.STM_EVAL_PBInit) refers to stm32f0xx_gpio.o(i.GPIO_Init) for GPIO_Init
    stm320518_eval.o(i.STM_EVAL_PBInit) refers to stm32f0xx_syscfg.o(i.SYSCFG_EXTILineConfig) for SYSCFG_EXTILineConfig
    stm320518_eval.o(i.STM_EVAL_PBInit) refers to stm32f0xx_exti.o(i.EXTI_Init) for EXTI_Init
    stm320518_eval.o(i.STM_EVAL_PBInit) refers to stm32f0xx_misc.o(i.NVIC_Init) for NVIC_Init
    stm320518_eval.o(i.STM_EVAL_PBInit) refers to stm320518_eval.o(.constdata) for .constdata
    stm320518_eval.o(i.STM_EVAL_PBInit) refers to stm320518_eval.o(.data) for .data
    stm320518_eval.o(i.sEE_LowLevel_DeInit) refers to stm32f0xx_i2c.o(i.I2C_Cmd) for I2C_Cmd
    stm320518_eval.o(i.sEE_LowLevel_DeInit) refers to stm32f0xx_i2c.o(i.I2C_DeInit) for I2C_DeInit
    stm320518_eval.o(i.sEE_LowLevel_DeInit) refers to stm32f0xx_rcc.o(i.RCC_APB1PeriphClockCmd) for RCC_APB1PeriphClockCmd
    stm320518_eval.o(i.sEE_LowLevel_DeInit) refers to stm32f0xx_gpio.o(i.GPIO_Init) for GPIO_Init
    stm320518_eval.o(i.sEE_LowLevel_Init) refers to stm32f0xx_rcc.o(i.RCC_I2CCLKConfig) for RCC_I2CCLKConfig
    stm320518_eval.o(i.sEE_LowLevel_Init) refers to stm32f0xx_rcc.o(i.RCC_AHBPeriphClockCmd) for RCC_AHBPeriphClockCmd
    stm320518_eval.o(i.sEE_LowLevel_Init) refers to stm32f0xx_rcc.o(i.RCC_APB1PeriphClockCmd) for RCC_APB1PeriphClockCmd
    stm320518_eval.o(i.sEE_LowLevel_Init) refers to stm32f0xx_gpio.o(i.GPIO_PinAFConfig) for GPIO_PinAFConfig
    stm320518_eval.o(i.sEE_LowLevel_Init) refers to stm32f0xx_gpio.o(i.GPIO_Init) for GPIO_Init
    common.o(i.GetInputString) refers to common.o(i.GetKey) for GetKey
    common.o(i.GetInputString) refers to common.o(i.Serial_PutString) for Serial_PutString
    common.o(i.GetInputString) refers to common.o(i.SerialPutChar) for SerialPutChar
    common.o(i.GetIntegerInput) refers to common.o(i.GetInputString) for GetInputString
    common.o(i.GetIntegerInput) refers to common.o(i.Str2Int) for Str2Int
    common.o(i.GetIntegerInput) refers to common.o(i.Serial_PutString) for Serial_PutString
    common.o(i.GetKey) refers to common.o(i.SerialKeyPressed) for SerialKeyPressed
    common.o(i.Int2Str) refers to uidiv.o(.text) for __aeabi_uidivmod
    common.o(i.SerialKeyPressed) refers to stm32f0xx_usart.o(i.USART_GetFlagStatus) for USART_GetFlagStatus
    common.o(i.SerialKeyPressed) refers to stm32f0xx_usart.o(i.USART_ReceiveData) for USART_ReceiveData
    common.o(i.SerialPutChar) refers to stm32f0xx_usart.o(i.USART_SendData) for USART_SendData
    common.o(i.SerialPutChar) refers to stm32f0xx_usart.o(i.USART_GetFlagStatus) for USART_GetFlagStatus
    common.o(i.Serial_PutString) refers to common.o(i.SerialPutChar) for SerialPutChar
    flash_if.o(i.FLASH_If_DisableWriteProtection) refers to stm32f0xx_flash.o(i.FLASH_ClearFlag) for FLASH_ClearFlag
    flash_if.o(i.FLASH_If_DisableWriteProtection) refers to stm32f0xx_flash.o(i.FLASH_OB_GetWRP) for FLASH_OB_GetWRP
    flash_if.o(i.FLASH_If_DisableWriteProtection) refers to flash_if.o(i.FLASH_If_GetWriteProtectionStatus) for FLASH_If_GetWriteProtectionStatus
    flash_if.o(i.FLASH_If_DisableWriteProtection) refers to stm32f0xx_flash.o(i.FLASH_OB_Unlock) for FLASH_OB_Unlock
    flash_if.o(i.FLASH_If_DisableWriteProtection) refers to stm32f0xx_flash.o(i.FLASH_OB_Erase) for FLASH_OB_Erase
    flash_if.o(i.FLASH_If_DisableWriteProtection) refers to stm32f0xx_flash.o(i.FLASH_OB_EnableWRP) for FLASH_OB_EnableWRP
    flash_if.o(i.FLASH_If_Erase) refers to stm32f0xx_flash.o(i.FLASH_ErasePage) for FLASH_ErasePage
    flash_if.o(i.FLASH_If_GetWriteProtectionStatus) refers to stm32f0xx_flash.o(i.FLASH_OB_GetWRP) for FLASH_OB_GetWRP
    flash_if.o(i.FLASH_If_Init) refers to stm32f0xx_flash.o(i.FLASH_Unlock) for FLASH_Unlock
    flash_if.o(i.FLASH_If_Init) refers to stm32f0xx_flash.o(i.FLASH_ClearFlag) for FLASH_ClearFlag
    flash_if.o(i.FLASH_If_Write) refers to stm32f0xx_flash.o(i.FLASH_ProgramWord) for FLASH_ProgramWord
    main.o(i.main) refers to stm320518_eval.o(i.STM_EVAL_PBInit) for STM_EVAL_PBInit
    main.o(i.main) refers to stm320518_eval.o(i.STM_EVAL_PBGetState) for STM_EVAL_PBGetState
    main.o(i.main) refers to flash_if.o(i.FLASH_If_Init) for FLASH_If_Init
    main.o(i.main) refers to stm320518_eval.o(i.STM_EVAL_COMInit) for STM_EVAL_COMInit
    main.o(i.main) refers to menu.o(i.Main_Menu) for Main_Menu
    main.o(i.main) refers to menu.o(.data) for JumpAddress
    menu.o(i.Main_Menu) refers to common.o(i.Serial_PutString) for Serial_PutString
    menu.o(i.Main_Menu) refers to flash_if.o(i.FLASH_If_GetWriteProtectionStatus) for FLASH_If_GetWriteProtectionStatus
    menu.o(i.Main_Menu) refers to common.o(i.GetKey) for GetKey
    menu.o(i.Main_Menu) refers to menu.o(i.SerialDownload) for SerialDownload
    menu.o(i.Main_Menu) refers to menu.o(i.SerialUpload) for SerialUpload
    menu.o(i.Main_Menu) refers to flash_if.o(i.FLASH_If_DisableWriteProtection) for FLASH_If_DisableWriteProtection
    menu.o(i.Main_Menu) refers to stm32f0xx_flash.o(i.FLASH_OB_Launch) for FLASH_OB_Launch
    menu.o(i.Main_Menu) refers to menu.o(.constdata) for .constdata
    menu.o(i.Main_Menu) refers to menu.o(.data) for .data
    menu.o(i.SerialDownload) refers to common.o(i.Serial_PutString) for Serial_PutString
    menu.o(i.SerialDownload) refers to ymodem.o(i.Ymodem_Receive) for Ymodem_Receive
    menu.o(i.SerialDownload) refers to common.o(i.Int2Str) for Int2Str
    menu.o(i.SerialDownload) refers to menu.o(.bss) for .bss
    menu.o(i.SerialDownload) refers to menu.o(.constdata) for .constdata
    menu.o(i.SerialUpload) refers to common.o(i.Serial_PutString) for Serial_PutString
    menu.o(i.SerialUpload) refers to common.o(i.GetKey) for GetKey
    menu.o(i.SerialUpload) refers to ymodem.o(i.Ymodem_Transmit) for Ymodem_Transmit
    ymodem.o(i.Cal_CRC16) refers to ymodem.o(i.UpdateCRC16) for UpdateCRC16
    ymodem.o(i.Receive_Byte) refers to common.o(i.SerialKeyPressed) for SerialKeyPressed
    ymodem.o(i.Receive_Packet) refers to ymodem.o(i.Receive_Byte) for Receive_Byte
    ymodem.o(i.Receive_Packet) refers to ymodem.o(i.Cal_CRC16) for Cal_CRC16
    ymodem.o(i.Ymodem_PrepareIntialPacket) refers to common.o(i.Int2Str) for Int2Str
    ymodem.o(i.Ymodem_Receive) refers to ymodem.o(i.Receive_Packet) for Receive_Packet
    ymodem.o(i.Ymodem_Receive) refers to common.o(i.SerialPutChar) for SerialPutChar
    ymodem.o(i.Ymodem_Receive) refers to memcpya.o(.text) for __aeabi_memcpy
    ymodem.o(i.Ymodem_Receive) refers to flash_if.o(i.FLASH_If_Write) for FLASH_If_Write
    ymodem.o(i.Ymodem_Receive) refers to common.o(i.Str2Int) for Str2Int
    ymodem.o(i.Ymodem_Receive) refers to flash_if.o(i.FLASH_If_Erase) for FLASH_If_Erase
    ymodem.o(i.Ymodem_Receive) refers to menu.o(.bss) for FileName
    ymodem.o(i.Ymodem_SendPacket) refers to common.o(i.SerialPutChar) for SerialPutChar
    ymodem.o(i.Ymodem_Transmit) refers to ymodem.o(i.Ymodem_PrepareIntialPacket) for Ymodem_PrepareIntialPacket
    ymodem.o(i.Ymodem_Transmit) refers to ymodem.o(i.Ymodem_SendPacket) for Ymodem_SendPacket
    ymodem.o(i.Ymodem_Transmit) refers to ymodem.o(i.Cal_CRC16) for Cal_CRC16
    ymodem.o(i.Ymodem_Transmit) refers to common.o(i.SerialPutChar) for SerialPutChar
    ymodem.o(i.Ymodem_Transmit) refers to ymodem.o(i.CalChecksum) for CalChecksum
    ymodem.o(i.Ymodem_Transmit) refers to ymodem.o(i.Receive_Byte) for Receive_Byte
    ymodem.o(i.Ymodem_Transmit) refers to ymodem.o(i.Ymodem_PreparePacket) for Ymodem_PreparePacket
    ymodem.o(i.Ymodem_Transmit) refers to stm32f0xx_usart.o(i.USART_ReceiveData) for USART_ReceiveData
    ymodem.o(i.Ymodem_Transmit) refers to stm32f0xx_usart.o(i.USART_ClearFlag) for USART_ClearFlag
    entry.o(.ARM.Collect$$$$00000000) refers (Special) to entry10a.o(.ARM.Collect$$$$0000000D) for __rt_final_cpp
    entry.o(.ARM.Collect$$$$00000000) refers (Special) to entry11a.o(.ARM.Collect$$$$0000000F) for __rt_final_exit
    entry.o(.ARM.Collect$$$$00000000) refers (Special) to entry7b.o(.ARM.Collect$$$$00000008) for _main_clock
    entry.o(.ARM.Collect$$$$00000000) refers (Special) to entry8b.o(.ARM.Collect$$$$0000000A) for _main_cpp_init
    entry.o(.ARM.Collect$$$$00000000) refers (Special) to entry9a.o(.ARM.Collect$$$$0000000B) for _main_init
    entry.o(.ARM.Collect$$$$00000000) refers (Special) to entry5.o(.ARM.Collect$$$$00000004) for _main_scatterload
    entry.o(.ARM.Collect$$$$00000000) refers (Special) to entry2.o(.ARM.Collect$$$$00000001) for _main_stk
    entry2.o(.ARM.Collect$$$$00000001) refers to entry2.o(.ARM.Collect$$$$00002712) for __lit__00000000
    entry2.o(.ARM.Collect$$$$00002712) refers to startup_stm32f0xx.o(STACK) for __initial_sp
    entry2.o(__vectab_stack_and_reset_area) refers to startup_stm32f0xx.o(STACK) for __initial_sp
    entry2.o(__vectab_stack_and_reset_area) refers to entry.o(.ARM.Collect$$$$00000000) for __main
    entry5.o(.ARM.Collect$$$$00000004) refers to init.o(.text) for __scatterload
    entry9a.o(.ARM.Collect$$$$0000000B) refers to main.o(i.main) for main
    entry9b.o(.ARM.Collect$$$$0000000C) refers to main.o(i.main) for main
    init.o(.text) refers to entry5.o(.ARM.Collect$$$$00000004) for __main_after_scatterload


==============================================================================

Removing Unused input sections from the image.

    Removing system_stm32f0xx.o(.rev16_text), (4 bytes).
    Removing system_stm32f0xx.o(.revsh_text), (4 bytes).
    Removing system_stm32f0xx.o(i.SystemCoreClockUpdate), (108 bytes).
    Removing system_stm32f0xx.o(.data), (20 bytes).
    Removing startup_stm32f0xx.o(HEAP), (512 bytes).
    Removing stm32f0xx_adc.o(.rev16_text), (4 bytes).
    Removing stm32f0xx_adc.o(.revsh_text), (4 bytes).
    Removing stm32f0xx_adc.o(i.ADC_AnalogWatchdogCmd), (20 bytes).
    Removing stm32f0xx_adc.o(i.ADC_AnalogWatchdogSingleChannelCmd), (20 bytes).
    Removing stm32f0xx_adc.o(i.ADC_AnalogWatchdogSingleChannelConfig), (14 bytes).
    Removing stm32f0xx_adc.o(i.ADC_AnalogWatchdogThresholdsConfig), (8 bytes).
    Removing stm32f0xx_adc.o(i.ADC_AutoPowerOffCmd), (20 bytes).
    Removing stm32f0xx_adc.o(i.ADC_ChannelConfig), (10 bytes).
    Removing stm32f0xx_adc.o(i.ADC_ClearFlag), (4 bytes).
    Removing stm32f0xx_adc.o(i.ADC_ClearITPendingBit), (4 bytes).
    Removing stm32f0xx_adc.o(i.ADC_Cmd), (18 bytes).
    Removing stm32f0xx_adc.o(i.ADC_ContinuousModeCmd), (20 bytes).
    Removing stm32f0xx_adc.o(i.ADC_DMACmd), (20 bytes).
    Removing stm32f0xx_adc.o(i.ADC_DMARequestModeConfig), (16 bytes).
    Removing stm32f0xx_adc.o(i.ADC_DeInit), (32 bytes).
    Removing stm32f0xx_adc.o(i.ADC_DiscModeCmd), (20 bytes).
    Removing stm32f0xx_adc.o(i.ADC_GetCalibrationFactor), (46 bytes).
    Removing stm32f0xx_adc.o(i.ADC_GetConversionValue), (6 bytes).
    Removing stm32f0xx_adc.o(i.ADC_GetFlagStatus), (28 bytes).
    Removing stm32f0xx_adc.o(i.ADC_GetITStatus), (22 bytes).
    Removing stm32f0xx_adc.o(i.ADC_ITConfig), (16 bytes).
    Removing stm32f0xx_adc.o(i.ADC_Init), (44 bytes).
    Removing stm32f0xx_adc.o(i.ADC_JitterCmd), (16 bytes).
    Removing stm32f0xx_adc.o(i.ADC_OverrunModeCmd), (20 bytes).
    Removing stm32f0xx_adc.o(i.ADC_StartOfConversion), (10 bytes).
    Removing stm32f0xx_adc.o(i.ADC_StopOfConversion), (10 bytes).
    Removing stm32f0xx_adc.o(i.ADC_StructInit), (16 bytes).
    Removing stm32f0xx_adc.o(i.ADC_TempSensorCmd), (28 bytes).
    Removing stm32f0xx_adc.o(i.ADC_VbatCmd), (28 bytes).
    Removing stm32f0xx_adc.o(i.ADC_VrefintCmd), (28 bytes).
    Removing stm32f0xx_adc.o(i.ADC_WaitModeCmd), (20 bytes).
    Removing stm32f0xx_cec.o(.rev16_text), (4 bytes).
    Removing stm32f0xx_cec.o(.revsh_text), (4 bytes).
    Removing stm32f0xx_cec.o(i.CEC_ClearFlag), (12 bytes).
    Removing stm32f0xx_cec.o(i.CEC_ClearITPendingBit), (12 bytes).
    Removing stm32f0xx_cec.o(i.CEC_Cmd), (28 bytes).
    Removing stm32f0xx_cec.o(i.CEC_DeInit), (22 bytes).
    Removing stm32f0xx_cec.o(i.CEC_EndOfMessage), (16 bytes).
    Removing stm32f0xx_cec.o(i.CEC_GetFlagStatus), (20 bytes).
    Removing stm32f0xx_cec.o(i.CEC_GetITStatus), (28 bytes).
    Removing stm32f0xx_cec.o(i.CEC_ITConfig), (28 bytes).
    Removing stm32f0xx_cec.o(i.CEC_Init), (52 bytes).
    Removing stm32f0xx_cec.o(i.CEC_ListenModeCmd), (28 bytes).
    Removing stm32f0xx_cec.o(i.CEC_OwnAddressClear), (12 bytes).
    Removing stm32f0xx_cec.o(i.CEC_OwnAddressConfig), (20 bytes).
    Removing stm32f0xx_cec.o(i.CEC_ReceiveData), (12 bytes).
    Removing stm32f0xx_cec.o(i.CEC_SendData), (12 bytes).
    Removing stm32f0xx_cec.o(i.CEC_StartOfMessage), (16 bytes).
    Removing stm32f0xx_cec.o(i.CEC_StructInit), (18 bytes).
    Removing stm32f0xx_comp.o(.rev16_text), (4 bytes).
    Removing stm32f0xx_comp.o(.revsh_text), (4 bytes).
    Removing stm32f0xx_comp.o(i.COMP_Cmd), (28 bytes).
    Removing stm32f0xx_comp.o(i.COMP_DeInit), (12 bytes).
    Removing stm32f0xx_comp.o(i.COMP_GetOutputLevel), (32 bytes).
    Removing stm32f0xx_comp.o(i.COMP_Init), (48 bytes).
    Removing stm32f0xx_comp.o(i.COMP_LockConfig), (20 bytes).
    Removing stm32f0xx_comp.o(i.COMP_StructInit), (16 bytes).
    Removing stm32f0xx_comp.o(i.COMP_SwitchCmd), (24 bytes).
    Removing stm32f0xx_comp.o(i.COMP_WindowCmd), (24 bytes).
    Removing stm32f0xx_crc.o(.rev16_text), (4 bytes).
    Removing stm32f0xx_crc.o(.revsh_text), (4 bytes).
    Removing stm32f0xx_crc.o(i.CRC_CalcBlockCRC), (28 bytes).
    Removing stm32f0xx_crc.o(i.CRC_CalcCRC), (12 bytes).
    Removing stm32f0xx_crc.o(i.CRC_DeInit), (24 bytes).
    Removing stm32f0xx_crc.o(i.CRC_GetCRC), (12 bytes).
    Removing stm32f0xx_crc.o(i.CRC_GetIDRegister), (12 bytes).
    Removing stm32f0xx_crc.o(i.CRC_ResetDR), (12 bytes).
    Removing stm32f0xx_crc.o(i.CRC_ReverseInputDataSelect), (20 bytes).
    Removing stm32f0xx_crc.o(i.CRC_ReverseOutputDataCmd), (24 bytes).
    Removing stm32f0xx_crc.o(i.CRC_SetIDRegister), (12 bytes).
    Removing stm32f0xx_crc.o(i.CRC_SetInitRegister), (12 bytes).
    Removing stm32f0xx_dac.o(.rev16_text), (4 bytes).
    Removing stm32f0xx_dac.o(.revsh_text), (4 bytes).
    Removing stm32f0xx_dac.o(i.DAC_ClearFlag), (12 bytes).
    Removing stm32f0xx_dac.o(i.DAC_ClearITPendingBit), (12 bytes).
    Removing stm32f0xx_dac.o(i.DAC_Cmd), (28 bytes).
    Removing stm32f0xx_dac.o(i.DAC_DMACmd), (28 bytes).
    Removing stm32f0xx_dac.o(i.DAC_DeInit), (22 bytes).
    Removing stm32f0xx_dac.o(i.DAC_GetDataOutputValue), (24 bytes).
    Removing stm32f0xx_dac.o(i.DAC_GetFlagStatus), (24 bytes).
    Removing stm32f0xx_dac.o(i.DAC_GetITStatus), (32 bytes).
    Removing stm32f0xx_dac.o(i.DAC_ITConfig), (24 bytes).
    Removing stm32f0xx_dac.o(i.DAC_Init), (32 bytes).
    Removing stm32f0xx_dac.o(i.DAC_SetChannel1Data), (20 bytes).
    Removing stm32f0xx_dac.o(i.DAC_SoftwareTriggerCmd), (28 bytes).
    Removing stm32f0xx_dac.o(i.DAC_StructInit), (8 bytes).
    Removing stm32f0xx_dbgmcu.o(.rev16_text), (4 bytes).
    Removing stm32f0xx_dbgmcu.o(.revsh_text), (4 bytes).
    Removing stm32f0xx_dbgmcu.o(i.DBGMCU_APB1PeriphConfig), (24 bytes).
    Removing stm32f0xx_dbgmcu.o(i.DBGMCU_APB2PeriphConfig), (24 bytes).
    Removing stm32f0xx_dbgmcu.o(i.DBGMCU_Config), (24 bytes).
    Removing stm32f0xx_dbgmcu.o(i.DBGMCU_GetDEVID), (16 bytes).
    Removing stm32f0xx_dbgmcu.o(i.DBGMCU_GetREVID), (12 bytes).
    Removing stm32f0xx_dma.o(.rev16_text), (4 bytes).
    Removing stm32f0xx_dma.o(.revsh_text), (4 bytes).
    Removing stm32f0xx_dma.o(i.DMA_ClearFlag), (12 bytes).
    Removing stm32f0xx_dma.o(i.DMA_ClearITPendingBit), (12 bytes).
    Removing stm32f0xx_dma.o(i.DMA_Cmd), (24 bytes).
    Removing stm32f0xx_dma.o(i.DMA_DeInit), (108 bytes).
    Removing stm32f0xx_dma.o(i.DMA_GetCurrDataCounter), (6 bytes).
    Removing stm32f0xx_dma.o(i.DMA_GetFlagStatus), (20 bytes).
    Removing stm32f0xx_dma.o(i.DMA_GetITStatus), (20 bytes).
    Removing stm32f0xx_dma.o(i.DMA_ITConfig), (16 bytes).
    Removing stm32f0xx_dma.o(i.DMA_Init), (60 bytes).
    Removing stm32f0xx_dma.o(i.DMA_SetCurrDataCounter), (4 bytes).
    Removing stm32f0xx_dma.o(i.DMA_StructInit), (26 bytes).
    Removing stm32f0xx_exti.o(.rev16_text), (4 bytes).
    Removing stm32f0xx_exti.o(.revsh_text), (4 bytes).
    Removing stm32f0xx_exti.o(i.EXTI_ClearFlag), (12 bytes).
    Removing stm32f0xx_exti.o(i.EXTI_ClearITPendingBit), (12 bytes).
    Removing stm32f0xx_exti.o(i.EXTI_DeInit), (32 bytes).
    Removing stm32f0xx_exti.o(i.EXTI_GenerateSWInterrupt), (16 bytes).
    Removing stm32f0xx_exti.o(i.EXTI_GetFlagStatus), (20 bytes).
    Removing stm32f0xx_exti.o(i.EXTI_GetITStatus), (28 bytes).
    Removing stm32f0xx_exti.o(i.EXTI_StructInit), (14 bytes).
    Removing stm32f0xx_flash.o(.rev16_text), (4 bytes).
    Removing stm32f0xx_flash.o(.revsh_text), (4 bytes).
    Removing stm32f0xx_flash.o(i.FLASH_EraseAllPages), (52 bytes).
    Removing stm32f0xx_flash.o(i.FLASH_GetFlagStatus), (20 bytes).
    Removing stm32f0xx_flash.o(i.FLASH_GetPrefetchBufferStatus), (20 bytes).
    Removing stm32f0xx_flash.o(i.FLASH_ITConfig), (24 bytes).
    Removing stm32f0xx_flash.o(i.FLASH_Lock), (16 bytes).
    Removing stm32f0xx_flash.o(i.FLASH_OB_BOOTConfig), (64 bytes).
    Removing stm32f0xx_flash.o(i.FLASH_OB_GetUser), (16 bytes).
    Removing stm32f0xx_flash.o(i.FLASH_OB_Lock), (16 bytes).
    Removing stm32f0xx_flash.o(i.FLASH_OB_RDPConfig), (92 bytes).
    Removing stm32f0xx_flash.o(i.FLASH_OB_SRAMParityConfig), (64 bytes).
    Removing stm32f0xx_flash.o(i.FLASH_OB_UserConfig), (72 bytes).
    Removing stm32f0xx_flash.o(i.FLASH_OB_VDDAConfig), (64 bytes).
    Removing stm32f0xx_flash.o(i.FLASH_OB_WriteUser), (64 bytes).
    Removing stm32f0xx_flash.o(i.FLASH_PrefetchBufferCmd), (24 bytes).
    Removing stm32f0xx_flash.o(i.FLASH_ProgramHalfWord), (52 bytes).
    Removing stm32f0xx_flash.o(i.FLASH_ProgramOptionByteData), (56 bytes).
    Removing stm32f0xx_flash.o(i.FLASH_SetLatency), (20 bytes).
    Removing stm32f0xx_gpio.o(.rev16_text), (4 bytes).
    Removing stm32f0xx_gpio.o(.revsh_text), (4 bytes).
    Removing stm32f0xx_gpio.o(i.GPIO_DeInit), (96 bytes).
    Removing stm32f0xx_gpio.o(i.GPIO_PinLockConfig), (26 bytes).
    Removing stm32f0xx_gpio.o(i.GPIO_ReadInputData), (4 bytes).
    Removing stm32f0xx_gpio.o(i.GPIO_ReadOutputData), (4 bytes).
    Removing stm32f0xx_gpio.o(i.GPIO_ReadOutputDataBit), (14 bytes).
    Removing stm32f0xx_gpio.o(i.GPIO_ResetBits), (4 bytes).
    Removing stm32f0xx_gpio.o(i.GPIO_SetBits), (4 bytes).
    Removing stm32f0xx_gpio.o(i.GPIO_StructInit), (24 bytes).
    Removing stm32f0xx_gpio.o(i.GPIO_Write), (4 bytes).
    Removing stm32f0xx_gpio.o(i.GPIO_WriteBit), (12 bytes).
    Removing stm32f0xx_i2c.o(.rev16_text), (4 bytes).
    Removing stm32f0xx_i2c.o(.revsh_text), (4 bytes).
    Removing stm32f0xx_i2c.o(i.I2C_10BitAddressHeaderCmd), (20 bytes).
    Removing stm32f0xx_i2c.o(i.I2C_10BitAddressingModeCmd), (20 bytes).
    Removing stm32f0xx_i2c.o(i.I2C_AcknowledgeConfig), (20 bytes).
    Removing stm32f0xx_i2c.o(i.I2C_AutoEndCmd), (20 bytes).
    Removing stm32f0xx_i2c.o(i.I2C_CalculatePEC), (20 bytes).
    Removing stm32f0xx_i2c.o(i.I2C_ClearFlag), (4 bytes).
    Removing stm32f0xx_i2c.o(i.I2C_ClearITPendingBit), (4 bytes).
    Removing stm32f0xx_i2c.o(i.I2C_ClockTimeoutCmd), (20 bytes).
    Removing stm32f0xx_i2c.o(i.I2C_Cmd), (20 bytes).
    Removing stm32f0xx_i2c.o(i.I2C_DMACmd), (16 bytes).
    Removing stm32f0xx_i2c.o(i.I2C_DeInit), (40 bytes).
    Removing stm32f0xx_i2c.o(i.I2C_DualAddressCmd), (20 bytes).
    Removing stm32f0xx_i2c.o(i.I2C_ExtendedClockTimeoutCmd), (22 bytes).
    Removing stm32f0xx_i2c.o(i.I2C_GeneralCallCmd), (20 bytes).
    Removing stm32f0xx_i2c.o(i.I2C_GenerateSTART), (20 bytes).
    Removing stm32f0xx_i2c.o(i.I2C_GenerateSTOP), (20 bytes).
    Removing stm32f0xx_i2c.o(i.I2C_GetAddressMatched), (10 bytes).
    Removing stm32f0xx_i2c.o(i.I2C_GetFlagStatus), (14 bytes).
    Removing stm32f0xx_i2c.o(i.I2C_GetITStatus), (48 bytes).
    Removing stm32f0xx_i2c.o(i.I2C_GetPEC), (6 bytes).
    Removing stm32f0xx_i2c.o(i.I2C_GetTransferDirection), (18 bytes).
    Removing stm32f0xx_i2c.o(i.I2C_ITConfig), (16 bytes).
    Removing stm32f0xx_i2c.o(i.I2C_IdleClockTimeoutCmd), (20 bytes).
    Removing stm32f0xx_i2c.o(i.I2C_Init), (100 bytes).
    Removing stm32f0xx_i2c.o(i.I2C_MasterRequestConfig), (20 bytes).
    Removing stm32f0xx_i2c.o(i.I2C_NumberOfBytesConfig), (16 bytes).
    Removing stm32f0xx_i2c.o(i.I2C_OwnAddress2Config), (28 bytes).
    Removing stm32f0xx_i2c.o(i.I2C_PECRequestCmd), (20 bytes).
    Removing stm32f0xx_i2c.o(i.I2C_ReadRegister), (10 bytes).
    Removing stm32f0xx_i2c.o(i.I2C_ReceiveData), (6 bytes).
    Removing stm32f0xx_i2c.o(i.I2C_ReloadCmd), (20 bytes).
    Removing stm32f0xx_i2c.o(i.I2C_SMBusAlertCmd), (20 bytes).
    Removing stm32f0xx_i2c.o(i.I2C_SendData), (4 bytes).
    Removing stm32f0xx_i2c.o(i.I2C_SlaveAddressConfig), (16 bytes).
    Removing stm32f0xx_i2c.o(i.I2C_SlaveByteControlCmd), (20 bytes).
    Removing stm32f0xx_i2c.o(i.I2C_SoftwareResetCmd), (20 bytes).
    Removing stm32f0xx_i2c.o(i.I2C_StopModeCmd), (20 bytes).
    Removing stm32f0xx_i2c.o(i.I2C_StretchClockCmd), (20 bytes).
    Removing stm32f0xx_i2c.o(i.I2C_StructInit), (22 bytes).
    Removing stm32f0xx_i2c.o(i.I2C_TimeoutAConfig), (16 bytes).
    Removing stm32f0xx_i2c.o(i.I2C_TimeoutBConfig), (20 bytes).
    Removing stm32f0xx_i2c.o(i.I2C_TransferHandling), (32 bytes).
    Removing stm32f0xx_iwdg.o(.rev16_text), (4 bytes).
    Removing stm32f0xx_iwdg.o(.revsh_text), (4 bytes).
    Removing stm32f0xx_iwdg.o(i.IWDG_Enable), (16 bytes).
    Removing stm32f0xx_iwdg.o(i.IWDG_GetFlagStatus), (20 bytes).
    Removing stm32f0xx_iwdg.o(i.IWDG_ReloadCounter), (16 bytes).
    Removing stm32f0xx_iwdg.o(i.IWDG_SetPrescaler), (12 bytes).
    Removing stm32f0xx_iwdg.o(i.IWDG_SetReload), (12 bytes).
    Removing stm32f0xx_iwdg.o(i.IWDG_SetWindowValue), (12 bytes).
    Removing stm32f0xx_iwdg.o(i.IWDG_WriteAccessCmd), (12 bytes).
    Removing stm32f0xx_misc.o(.rev16_text), (4 bytes).
    Removing stm32f0xx_misc.o(.revsh_text), (4 bytes).
    Removing stm32f0xx_misc.o(i.NVIC_SystemLPConfig), (24 bytes).
    Removing stm32f0xx_misc.o(i.SysTick_CLKSourceConfig), (24 bytes).
    Removing stm32f0xx_pwr.o(.rev16_text), (4 bytes).
    Removing stm32f0xx_pwr.o(.revsh_text), (4 bytes).
    Removing stm32f0xx_pwr.o(i.PWR_BackupAccessCmd), (24 bytes).
    Removing stm32f0xx_pwr.o(i.PWR_ClearFlag), (16 bytes).
    Removing stm32f0xx_pwr.o(i.PWR_DeInit), (22 bytes).
    Removing stm32f0xx_pwr.o(i.PWR_EnterSTANDBYMode), (40 bytes).
    Removing stm32f0xx_pwr.o(i.PWR_EnterSTOPMode), (48 bytes).
    Removing stm32f0xx_pwr.o(i.PWR_EnterSleepMode), (28 bytes).
    Removing stm32f0xx_pwr.o(i.PWR_GetFlagStatus), (20 bytes).
    Removing stm32f0xx_pwr.o(i.PWR_PVDCmd), (24 bytes).
    Removing stm32f0xx_pwr.o(i.PWR_PVDLevelConfig), (20 bytes).
    Removing stm32f0xx_pwr.o(i.PWR_WakeUpPinCmd), (24 bytes).
    Removing stm32f0xx_rcc.o(.rev16_text), (4 bytes).
    Removing stm32f0xx_rcc.o(.revsh_text), (4 bytes).
    Removing stm32f0xx_rcc.o(i.RCC_ADCCLKConfig), (44 bytes).
    Removing stm32f0xx_rcc.o(i.RCC_AHBPeriphResetCmd), (24 bytes).
    Removing stm32f0xx_rcc.o(i.RCC_APB1PeriphClockCmd), (24 bytes).
    Removing stm32f0xx_rcc.o(i.RCC_APB1PeriphResetCmd), (24 bytes).
    Removing stm32f0xx_rcc.o(i.RCC_APB2PeriphResetCmd), (24 bytes).
    Removing stm32f0xx_rcc.o(i.RCC_AdjustHSI14CalibrationValue), (20 bytes).
    Removing stm32f0xx_rcc.o(i.RCC_AdjustHSICalibrationValue), (20 bytes).
    Removing stm32f0xx_rcc.o(i.RCC_BackupResetCmd), (28 bytes).
    Removing stm32f0xx_rcc.o(i.RCC_CECCLKConfig), (24 bytes).
    Removing stm32f0xx_rcc.o(i.RCC_ClearFlag), (20 bytes).
    Removing stm32f0xx_rcc.o(i.RCC_ClearITPendingBit), (12 bytes).
    Removing stm32f0xx_rcc.o(i.RCC_ClockSecuritySystemCmd), (28 bytes).
    Removing stm32f0xx_rcc.o(i.RCC_DeInit), (92 bytes).
    Removing stm32f0xx_rcc.o(i.RCC_GetFlagStatus), (52 bytes).
    Removing stm32f0xx_rcc.o(i.RCC_GetITStatus), (20 bytes).
    Removing stm32f0xx_rcc.o(i.RCC_GetSYSCLKSource), (16 bytes).
    Removing stm32f0xx_rcc.o(i.RCC_HCLKConfig), (20 bytes).
    Removing stm32f0xx_rcc.o(i.RCC_HSEConfig), (16 bytes).
    Removing stm32f0xx_rcc.o(i.RCC_HSI14ADCRequestCmd), (24 bytes).
    Removing stm32f0xx_rcc.o(i.RCC_HSI14Cmd), (28 bytes).
    Removing stm32f0xx_rcc.o(i.RCC_HSICmd), (28 bytes).
    Removing stm32f0xx_rcc.o(i.RCC_I2CCLKConfig), (24 bytes).
    Removing stm32f0xx_rcc.o(i.RCC_ITConfig), (24 bytes).
    Removing stm32f0xx_rcc.o(i.RCC_LSEConfig), (32 bytes).
    Removing stm32f0xx_rcc.o(i.RCC_LSEDriveConfig), (24 bytes).
    Removing stm32f0xx_rcc.o(i.RCC_LSICmd), (28 bytes).
    Removing stm32f0xx_rcc.o(i.RCC_MCOConfig), (12 bytes).
    Removing stm32f0xx_rcc.o(i.RCC_PCLKConfig), (20 bytes).
    Removing stm32f0xx_rcc.o(i.RCC_PLLCmd), (28 bytes).
    Removing stm32f0xx_rcc.o(i.RCC_PLLConfig), (28 bytes).
    Removing stm32f0xx_rcc.o(i.RCC_PREDIV1Config), (20 bytes).
    Removing stm32f0xx_rcc.o(i.RCC_RTCCLKCmd), (28 bytes).
    Removing stm32f0xx_rcc.o(i.RCC_RTCCLKConfig), (16 bytes).
    Removing stm32f0xx_rcc.o(i.RCC_SYSCLKConfig), (20 bytes).
    Removing stm32f0xx_rcc.o(i.RCC_USARTCLKConfig), (24 bytes).
    Removing stm32f0xx_rcc.o(i.RCC_WaitForHSEStartUp), (44 bytes).
    Removing stm32f0xx_rtc.o(.rev16_text), (4 bytes).
    Removing stm32f0xx_rtc.o(.revsh_text), (4 bytes).
    Removing stm32f0xx_rtc.o(i.RTC_AlarmCmd), (80 bytes).
    Removing stm32f0xx_rtc.o(i.RTC_AlarmStructInit), (20 bytes).
    Removing stm32f0xx_rtc.o(i.RTC_AlarmSubSecondConfig), (32 bytes).
    Removing stm32f0xx_rtc.o(i.RTC_Bcd2ToByte), (16 bytes).
    Removing stm32f0xx_rtc.o(i.RTC_BypassShadowCmd), (40 bytes).
    Removing stm32f0xx_rtc.o(i.RTC_ByteToBcd2), (24 bytes).
    Removing stm32f0xx_rtc.o(i.RTC_CalibOutputCmd), (40 bytes).
    Removing stm32f0xx_rtc.o(i.RTC_CalibOutputConfig), (36 bytes).
    Removing stm32f0xx_rtc.o(i.RTC_ClearFlag), (28 bytes).
    Removing stm32f0xx_rtc.o(i.RTC_ClearITPendingBit), (28 bytes).
    Removing stm32f0xx_rtc.o(i.RTC_DateStructInit), (14 bytes).
    Removing stm32f0xx_rtc.o(i.RTC_DayLightSavingConfig), (40 bytes).
    Removing stm32f0xx_rtc.o(i.RTC_DeInit), (88 bytes).
    Removing stm32f0xx_rtc.o(i.RTC_EnterInitMode), (60 bytes).
    Removing stm32f0xx_rtc.o(i.RTC_ExitInitMode), (16 bytes).
    Removing stm32f0xx_rtc.o(i.RTC_GetAlarm), (100 bytes).
    Removing stm32f0xx_rtc.o(i.RTC_GetAlarmSubSecond), (16 bytes).
    Removing stm32f0xx_rtc.o(i.RTC_GetDate), (72 bytes).
    Removing stm32f0xx_rtc.o(i.RTC_GetFlagStatus), (28 bytes).
    Removing stm32f0xx_rtc.o(i.RTC_GetITStatus), (60 bytes).
    Removing stm32f0xx_rtc.o(i.RTC_GetStoreOperation), (16 bytes).
    Removing stm32f0xx_rtc.o(i.RTC_GetSubSecond), (12 bytes).
    Removing stm32f0xx_rtc.o(i.RTC_GetTime), (80 bytes).
    Removing stm32f0xx_rtc.o(i.RTC_GetTimeStamp), (136 bytes).
    Removing stm32f0xx_rtc.o(i.RTC_GetTimeStampSubSecond), (12 bytes).
    Removing stm32f0xx_rtc.o(i.RTC_ITConfig), (60 bytes).
    Removing stm32f0xx_rtc.o(i.RTC_Init), (72 bytes).
    Removing stm32f0xx_rtc.o(i.RTC_OutputConfig), (40 bytes).
    Removing stm32f0xx_rtc.o(i.RTC_OutputTypeConfig), (24 bytes).
    Removing stm32f0xx_rtc.o(i.RTC_ReadBackupRegister), (20 bytes).
    Removing stm32f0xx_rtc.o(i.RTC_RefClockCmd), (60 bytes).
    Removing stm32f0xx_rtc.o(i.RTC_SetAlarm), (136 bytes).
    Removing stm32f0xx_rtc.o(i.RTC_SetDate), (148 bytes).
    Removing stm32f0xx_rtc.o(i.RTC_SetTime), (152 bytes).
    Removing stm32f0xx_rtc.o(i.RTC_SmoothCalibConfig), (64 bytes).
    Removing stm32f0xx_rtc.o(i.RTC_StructInit), (14 bytes).
    Removing stm32f0xx_rtc.o(i.RTC_SynchroShiftConfig), (76 bytes).
    Removing stm32f0xx_rtc.o(i.RTC_TamperCmd), (24 bytes).
    Removing stm32f0xx_rtc.o(i.RTC_TamperFilterConfig), (24 bytes).
    Removing stm32f0xx_rtc.o(i.RTC_TamperPinsPrechargeDuration), (24 bytes).
    Removing stm32f0xx_rtc.o(i.RTC_TamperPullUpCmd), (24 bytes).
    Removing stm32f0xx_rtc.o(i.RTC_TamperSamplingFreqConfig), (24 bytes).
    Removing stm32f0xx_rtc.o(i.RTC_TamperTriggerConfig), (24 bytes).
    Removing stm32f0xx_rtc.o(i.RTC_TimeStampCmd), (44 bytes).
    Removing stm32f0xx_rtc.o(i.RTC_TimeStampOnTamperDetectionCmd), (24 bytes).
    Removing stm32f0xx_rtc.o(i.RTC_TimeStructInit), (12 bytes).
    Removing stm32f0xx_rtc.o(i.RTC_WaitForSynchro), (80 bytes).
    Removing stm32f0xx_rtc.o(i.RTC_WriteBackupRegister), (20 bytes).
    Removing stm32f0xx_rtc.o(i.RTC_WriteProtectionCmd), (24 bytes).
    Removing stm32f0xx_spi.o(.rev16_text), (4 bytes).
    Removing stm32f0xx_spi.o(.revsh_text), (4 bytes).
    Removing stm32f0xx_spi.o(i.I2S_Cmd), (28 bytes).
    Removing stm32f0xx_spi.o(i.I2S_Init), (156 bytes).
    Removing stm32f0xx_spi.o(i.I2S_StructInit), (18 bytes).
    Removing stm32f0xx_spi.o(i.SPI_BiDirectionalLineConfig), (28 bytes).
    Removing stm32f0xx_spi.o(i.SPI_CRCLengthConfig), (20 bytes).
    Removing stm32f0xx_spi.o(i.SPI_CalculateCRC), (28 bytes).
    Removing stm32f0xx_spi.o(i.SPI_Cmd), (18 bytes).
    Removing stm32f0xx_spi.o(i.SPI_DataSizeConfig), (16 bytes).
    Removing stm32f0xx_spi.o(i.SPI_GetCRC), (12 bytes).
    Removing stm32f0xx_spi.o(i.SPI_GetCRCPolynomial), (4 bytes).
    Removing stm32f0xx_spi.o(i.SPI_GetReceptionFIFOStatus), (10 bytes).
    Removing stm32f0xx_spi.o(i.SPI_GetTransmissionFIFOStatus), (10 bytes).
    Removing stm32f0xx_spi.o(i.SPI_I2S_ClearFlag), (6 bytes).
    Removing stm32f0xx_spi.o(i.SPI_I2S_DMACmd), (16 bytes).
    Removing stm32f0xx_spi.o(i.SPI_I2S_DeInit), (64 bytes).
    Removing stm32f0xx_spi.o(i.SPI_I2S_GetFlagStatus), (14 bytes).
    Removing stm32f0xx_spi.o(i.SPI_I2S_GetITStatus), (42 bytes).
    Removing stm32f0xx_spi.o(i.SPI_I2S_ITConfig), (24 bytes).
    Removing stm32f0xx_spi.o(i.SPI_I2S_ReceiveData16), (4 bytes).
    Removing stm32f0xx_spi.o(i.SPI_I2S_SendData16), (4 bytes).
    Removing stm32f0xx_spi.o(i.SPI_Init), (84 bytes).
    Removing stm32f0xx_spi.o(i.SPI_LastDMATransferCmd), (20 bytes).
    Removing stm32f0xx_spi.o(i.SPI_NSSInternalSoftwareConfig), (28 bytes).
    Removing stm32f0xx_spi.o(i.SPI_NSSPulseModeCmd), (18 bytes).
    Removing stm32f0xx_spi.o(i.SPI_ReceiveData8), (4 bytes).
    Removing stm32f0xx_spi.o(i.SPI_RxFIFOThresholdConfig), (20 bytes).
    Removing stm32f0xx_spi.o(i.SPI_SSOutputCmd), (18 bytes).
    Removing stm32f0xx_spi.o(i.SPI_SendData8), (4 bytes).
    Removing stm32f0xx_spi.o(i.SPI_StructInit), (28 bytes).
    Removing stm32f0xx_spi.o(i.SPI_TIModeCmd), (18 bytes).
    Removing stm32f0xx_spi.o(i.SPI_TransmitCRC), (12 bytes).
    Removing stm32f0xx_syscfg.o(.rev16_text), (4 bytes).
    Removing stm32f0xx_syscfg.o(.revsh_text), (4 bytes).
    Removing stm32f0xx_syscfg.o(i.SYSCFG_BreakConfig), (16 bytes).
    Removing stm32f0xx_syscfg.o(i.SYSCFG_ClearFlag), (16 bytes).
    Removing stm32f0xx_syscfg.o(i.SYSCFG_DMAChannelRemapConfig), (24 bytes).
    Removing stm32f0xx_syscfg.o(i.SYSCFG_DeInit), (36 bytes).
    Removing stm32f0xx_syscfg.o(i.SYSCFG_GetFlagStatus), (20 bytes).
    Removing stm32f0xx_syscfg.o(i.SYSCFG_I2CFastModePlusConfig), (24 bytes).
    Removing stm32f0xx_syscfg.o(i.SYSCFG_MemoryRemapConfig), (20 bytes).
    Removing stm32f0xx_tim.o(.rev16_text), (4 bytes).
    Removing stm32f0xx_tim.o(.revsh_text), (4 bytes).
    Removing stm32f0xx_tim.o(i.TI1_Config), (40 bytes).
    Removing stm32f0xx_tim.o(i.TI2_Config), (48 bytes).
    Removing stm32f0xx_tim.o(i.TIM_ARRPreloadConfig), (18 bytes).
    Removing stm32f0xx_tim.o(i.TIM_BDTRConfig), (34 bytes).
    Removing stm32f0xx_tim.o(i.TIM_BDTRStructInit), (18 bytes).
    Removing stm32f0xx_tim.o(i.TIM_CCPreloadControl), (20 bytes).
    Removing stm32f0xx_tim.o(i.TIM_CCxCmd), (22 bytes).
    Removing stm32f0xx_tim.o(i.TIM_CCxNCmd), (22 bytes).
    Removing stm32f0xx_tim.o(i.TIM_ClearFlag), (6 bytes).
    Removing stm32f0xx_tim.o(i.TIM_ClearITPendingBit), (6 bytes).
    Removing stm32f0xx_tim.o(i.TIM_ClearOC1Ref), (12 bytes).
    Removing stm32f0xx_tim.o(i.TIM_ClearOC2Ref), (14 bytes).
    Removing stm32f0xx_tim.o(i.TIM_ClearOC3Ref), (12 bytes).
    Removing stm32f0xx_tim.o(i.TIM_ClearOC4Ref), (14 bytes).
    Removing stm32f0xx_tim.o(i.TIM_Cmd), (20 bytes).
    Removing stm32f0xx_tim.o(i.TIM_CounterModeConfig), (12 bytes).
    Removing stm32f0xx_tim.o(i.TIM_CtrlPWMOutputs), (24 bytes).
    Removing stm32f0xx_tim.o(i.TIM_DMACmd), (16 bytes).
    Removing stm32f0xx_tim.o(i.TIM_DMAConfig), (8 bytes).
    Removing stm32f0xx_tim.o(i.TIM_DeInit), (180 bytes).
    Removing stm32f0xx_tim.o(i.TIM_ETRClockMode1Config), (28 bytes).
    Removing stm32f0xx_tim.o(i.TIM_ETRClockMode2Config), (20 bytes).
    Removing stm32f0xx_tim.o(i.TIM_ETRConfig), (18 bytes).
    Removing stm32f0xx_tim.o(i.TIM_EncoderInterfaceConfig), (48 bytes).
    Removing stm32f0xx_tim.o(i.TIM_ForcedOC1Config), (12 bytes).
    Removing stm32f0xx_tim.o(i.TIM_ForcedOC2Config), (20 bytes).
    Removing stm32f0xx_tim.o(i.TIM_ForcedOC3Config), (12 bytes).
    Removing stm32f0xx_tim.o(i.TIM_ForcedOC4Config), (20 bytes).
    Removing stm32f0xx_tim.o(i.TIM_GenerateEvent), (4 bytes).
    Removing stm32f0xx_tim.o(i.TIM_GetCapture1), (4 bytes).
    Removing stm32f0xx_tim.o(i.TIM_GetCapture2), (4 bytes).
    Removing stm32f0xx_tim.o(i.TIM_GetCapture3), (4 bytes).
    Removing stm32f0xx_tim.o(i.TIM_GetCapture4), (4 bytes).
    Removing stm32f0xx_tim.o(i.TIM_GetCounter), (4 bytes).
    Removing stm32f0xx_tim.o(i.TIM_GetFlagStatus), (14 bytes).
    Removing stm32f0xx_tim.o(i.TIM_GetITStatus), (24 bytes).
    Removing stm32f0xx_tim.o(i.TIM_GetPrescaler), (4 bytes).
    Removing stm32f0xx_tim.o(i.TIM_ICInit), (184 bytes).
    Removing stm32f0xx_tim.o(i.TIM_ICStructInit), (16 bytes).
    Removing stm32f0xx_tim.o(i.TIM_ITConfig), (16 bytes).
    Removing stm32f0xx_tim.o(i.TIM_ITRxExternalClockConfig), (18 bytes).
    Removing stm32f0xx_tim.o(i.TIM_InternalClockConfig), (10 bytes).
    Removing stm32f0xx_tim.o(i.TIM_OC1FastConfig), (12 bytes).
    Removing stm32f0xx_tim.o(i.TIM_OC1Init), (124 bytes).
    Removing stm32f0xx_tim.o(i.TIM_OC1NPolarityConfig), (12 bytes).
    Removing stm32f0xx_tim.o(i.TIM_OC1PolarityConfig), (12 bytes).
    Removing stm32f0xx_tim.o(i.TIM_OC1PreloadConfig), (12 bytes).
    Removing stm32f0xx_tim.o(i.TIM_OC2FastConfig), (20 bytes).
    Removing stm32f0xx_tim.o(i.TIM_OC2Init), (124 bytes).
    Removing stm32f0xx_tim.o(i.TIM_OC2NPolarityConfig), (14 bytes).
    Removing stm32f0xx_tim.o(i.TIM_OC2PolarityConfig), (14 bytes).
    Removing stm32f0xx_tim.o(i.TIM_OC2PreloadConfig), (20 bytes).
    Removing stm32f0xx_tim.o(i.TIM_OC3FastConfig), (12 bytes).
    Removing stm32f0xx_tim.o(i.TIM_OC3Init), (136 bytes).
    Removing stm32f0xx_tim.o(i.TIM_OC3NPolarityConfig), (20 bytes).
    Removing stm32f0xx_tim.o(i.TIM_OC3PolarityConfig), (20 bytes).
    Removing stm32f0xx_tim.o(i.TIM_OC3PreloadConfig), (12 bytes).
    Removing stm32f0xx_tim.o(i.TIM_OC4FastConfig), (20 bytes).
    Removing stm32f0xx_tim.o(i.TIM_OC4Init), (100 bytes).
    Removing stm32f0xx_tim.o(i.TIM_OC4PolarityConfig), (20 bytes).
    Removing stm32f0xx_tim.o(i.TIM_OC4PreloadConfig), (20 bytes).
    Removing stm32f0xx_tim.o(i.TIM_OCStructInit), (20 bytes).
    Removing stm32f0xx_tim.o(i.TIM_PWMIConfig), (104 bytes).
    Removing stm32f0xx_tim.o(i.TIM_PrescalerConfig), (6 bytes).
    Removing stm32f0xx_tim.o(i.TIM_RemapConfig), (6 bytes).
    Removing stm32f0xx_tim.o(i.TIM_SelectCCDMA), (18 bytes).
    Removing stm32f0xx_tim.o(i.TIM_SelectCOM), (18 bytes).
    Removing stm32f0xx_tim.o(i.TIM_SelectHallSensor), (18 bytes).
    Removing stm32f0xx_tim.o(i.TIM_SelectInputTrigger), (12 bytes).
    Removing stm32f0xx_tim.o(i.TIM_SelectMasterSlaveMode), (16 bytes).
    Removing stm32f0xx_tim.o(i.TIM_SelectOCREFClear), (16 bytes).
    Removing stm32f0xx_tim.o(i.TIM_SelectOCxM), (70 bytes).
    Removing stm32f0xx_tim.o(i.TIM_SelectOnePulseMode), (16 bytes).
    Removing stm32f0xx_tim.o(i.TIM_SelectOutputTrigger), (16 bytes).
    Removing stm32f0xx_tim.o(i.TIM_SelectSlaveMode), (16 bytes).
    Removing stm32f0xx_tim.o(i.TIM_SetAutoreload), (4 bytes).
    Removing stm32f0xx_tim.o(i.TIM_SetClockDivision), (20 bytes).
    Removing stm32f0xx_tim.o(i.TIM_SetCompare1), (4 bytes).
    Removing stm32f0xx_tim.o(i.TIM_SetCompare2), (4 bytes).
    Removing stm32f0xx_tim.o(i.TIM_SetCompare3), (4 bytes).
    Removing stm32f0xx_tim.o(i.TIM_SetCompare4), (4 bytes).
    Removing stm32f0xx_tim.o(i.TIM_SetCounter), (4 bytes).
    Removing stm32f0xx_tim.o(i.TIM_SetIC1Prescaler), (16 bytes).
    Removing stm32f0xx_tim.o(i.TIM_SetIC2Prescaler), (24 bytes).
    Removing stm32f0xx_tim.o(i.TIM_SetIC3Prescaler), (16 bytes).
    Removing stm32f0xx_tim.o(i.TIM_SetIC4Prescaler), (24 bytes).
    Removing stm32f0xx_tim.o(i.TIM_TIxExternalClockConfig), (48 bytes).
    Removing stm32f0xx_tim.o(i.TIM_TimeBaseInit), (116 bytes).
    Removing stm32f0xx_tim.o(i.TIM_TimeBaseStructInit), (18 bytes).
    Removing stm32f0xx_tim.o(i.TIM_UpdateDisableConfig), (18 bytes).
    Removing stm32f0xx_tim.o(i.TIM_UpdateRequestConfig), (18 bytes).
    Removing stm32f0xx_usart.o(.rev16_text), (4 bytes).
    Removing stm32f0xx_usart.o(.revsh_text), (4 bytes).
    Removing stm32f0xx_usart.o(i.USART_AddressDetectionConfig), (16 bytes).
    Removing stm32f0xx_usart.o(i.USART_AutoBaudRateCmd), (20 bytes).
    Removing stm32f0xx_usart.o(i.USART_AutoBaudRateConfig), (18 bytes).
    Removing stm32f0xx_usart.o(i.USART_ClearITPendingBit), (10 bytes).
    Removing stm32f0xx_usart.o(i.USART_ClockInit), (30 bytes).
    Removing stm32f0xx_usart.o(i.USART_ClockStructInit), (12 bytes).
    Removing stm32f0xx_usart.o(i.USART_DECmd), (20 bytes).
    Removing stm32f0xx_usart.o(i.USART_DEPolarityConfig), (18 bytes).
    Removing stm32f0xx_usart.o(i.USART_DMACmd), (16 bytes).
    Removing stm32f0xx_usart.o(i.USART_DMAReceptionErrorConfig), (18 bytes).
    Removing stm32f0xx_usart.o(i.USART_DataInvCmd), (20 bytes).
    Removing stm32f0xx_usart.o(i.USART_DeInit), (64 bytes).
    Removing stm32f0xx_usart.o(i.USART_DirectionModeCmd), (16 bytes).
    Removing stm32f0xx_usart.o(i.USART_GetITStatus), (56 bytes).
    Removing stm32f0xx_usart.o(i.USART_HalfDuplexCmd), (18 bytes).
    Removing stm32f0xx_usart.o(i.USART_ITConfig), (42 bytes).
    Removing stm32f0xx_usart.o(i.USART_InvPinCmd), (16 bytes).
    Removing stm32f0xx_usart.o(i.USART_IrDACmd), (18 bytes).
    Removing stm32f0xx_usart.o(i.USART_IrDAConfig), (16 bytes).
    Removing stm32f0xx_usart.o(i.USART_LINBreakDetectLengthConfig), (16 bytes).
    Removing stm32f0xx_usart.o(i.USART_LINCmd), (20 bytes).
    Removing stm32f0xx_usart.o(i.USART_MSBFirstCmd), (20 bytes).
    Removing stm32f0xx_usart.o(i.USART_MuteModeCmd), (20 bytes).
    Removing stm32f0xx_usart.o(i.USART_MuteModeWakeUpConfig), (18 bytes).
    Removing stm32f0xx_usart.o(i.USART_OneBitMethodCmd), (20 bytes).
    Removing stm32f0xx_usart.o(i.USART_OverSampling8Cmd), (20 bytes).
    Removing stm32f0xx_usart.o(i.USART_OverrunDetectionConfig), (18 bytes).
    Removing stm32f0xx_usart.o(i.USART_ReceiverTimeOutCmd), (20 bytes).
    Removing stm32f0xx_usart.o(i.USART_RequestCmd), (16 bytes).
    Removing stm32f0xx_usart.o(i.USART_STOPModeCmd), (18 bytes).
    Removing stm32f0xx_usart.o(i.USART_SWAPPinCmd), (20 bytes).
    Removing stm32f0xx_usart.o(i.USART_SetAddress), (18 bytes).
    Removing stm32f0xx_usart.o(i.USART_SetAutoRetryCount), (20 bytes).
    Removing stm32f0xx_usart.o(i.USART_SetBlockLength), (18 bytes).
    Removing stm32f0xx_usart.o(i.USART_SetDEAssertionTime), (20 bytes).
    Removing stm32f0xx_usart.o(i.USART_SetDEDeassertionTime), (20 bytes).
    Removing stm32f0xx_usart.o(i.USART_SetGuardTime), (16 bytes).
    Removing stm32f0xx_usart.o(i.USART_SetPrescaler), (16 bytes).
    Removing stm32f0xx_usart.o(i.USART_SetReceiverTimeOut), (16 bytes).
    Removing stm32f0xx_usart.o(i.USART_SmartCardCmd), (18 bytes).
    Removing stm32f0xx_usart.o(i.USART_SmartCardNACKCmd), (18 bytes).
    Removing stm32f0xx_usart.o(i.USART_StopModeWakeUpSourceConfig), (18 bytes).
    Removing stm32f0xx_usart.o(i.USART_StructInit), (22 bytes).
    Removing stm32f0xx_wwdg.o(.rev16_text), (4 bytes).
    Removing stm32f0xx_wwdg.o(.revsh_text), (4 bytes).
    Removing stm32f0xx_wwdg.o(i.WWDG_ClearFlag), (12 bytes).
    Removing stm32f0xx_wwdg.o(i.WWDG_DeInit), (22 bytes).
    Removing stm32f0xx_wwdg.o(i.WWDG_Enable), (16 bytes).
    Removing stm32f0xx_wwdg.o(i.WWDG_EnableIT), (16 bytes).
    Removing stm32f0xx_wwdg.o(i.WWDG_GetFlagStatus), (20 bytes).
    Removing stm32f0xx_wwdg.o(i.WWDG_SetCounter), (16 bytes).
    Removing stm32f0xx_wwdg.o(i.WWDG_SetPrescaler), (20 bytes).
    Removing stm32f0xx_wwdg.o(i.WWDG_SetWindowValue), (28 bytes).
    Removing stm320518_eval.o(.rev16_text), (4 bytes).
    Removing stm320518_eval.o(.revsh_text), (4 bytes).
    Removing stm320518_eval.o(i.LM75_LowLevel_DeInit), (84 bytes).
    Removing stm320518_eval.o(i.LM75_LowLevel_Init), (116 bytes).
    Removing stm320518_eval.o(i.SD_LowLevel_DeInit), (112 bytes).
    Removing stm320518_eval.o(i.SD_LowLevel_Init), (228 bytes).
    Removing stm320518_eval.o(i.STM_EVAL_LEDInit), (68 bytes).
    Removing stm320518_eval.o(i.STM_EVAL_LEDOff), (24 bytes).
    Removing stm320518_eval.o(i.STM_EVAL_LEDOn), (24 bytes).
    Removing stm320518_eval.o(i.STM_EVAL_LEDToggle), (28 bytes).
    Removing stm320518_eval.o(i.sEE_LowLevel_DeInit), (72 bytes).
    Removing stm320518_eval.o(i.sEE_LowLevel_Init), (88 bytes).
    Removing common.o(.rev16_text), (4 bytes).
    Removing common.o(.revsh_text), (4 bytes).
    Removing common.o(i.GetInputString), (116 bytes).
    Removing common.o(i.GetIntegerInput), (112 bytes).
    Removing flash_if.o(.rev16_text), (4 bytes).
    Removing flash_if.o(.revsh_text), (4 bytes).
    Removing main.o(.rev16_text), (4 bytes).
    Removing main.o(.revsh_text), (4 bytes).
    Removing menu.o(.rev16_text), (4 bytes).
    Removing menu.o(.revsh_text), (4 bytes).
    Removing stm32f0xx_it.o(.rev16_text), (4 bytes).
    Removing stm32f0xx_it.o(.revsh_text), (4 bytes).
    Removing ymodem.o(.rev16_text), (4 bytes).
    Removing ymodem.o(.revsh_text), (4 bytes).
    Removing ymodem.o(i.Ymodem_CheckResponse), (4 bytes).

526 unused section(s) (total 13958 bytes) removed from the image.

==============================================================================

Image Symbol Table

    Local Symbols

    Symbol Name                              Value     Ov Type        Size  Object(Section)

    ../clib/microlib/division.c              0x00000000   Number         0  uidiv.o ABSOLUTE
    ../clib/microlib/init/entry.s            0x00000000   Number         0  entry10a.o ABSOLUTE
    ../clib/microlib/init/entry.s            0x00000000   Number         0  entry2.o ABSOLUTE
    ../clib/microlib/init/entry.s            0x00000000   Number         0  entry.o ABSOLUTE
    ../clib/microlib/init/entry.s            0x00000000   Number         0  entry10b.o ABSOLUTE
    ../clib/microlib/init/entry.s            0x00000000   Number         0  entry11a.o ABSOLUTE
    ../clib/microlib/init/entry.s            0x00000000   Number         0  entry11b.o ABSOLUTE
    ../clib/microlib/init/entry.s            0x00000000   Number         0  entry5.o ABSOLUTE
    ../clib/microlib/init/entry.s            0x00000000   Number         0  entry7a.o ABSOLUTE
    ../clib/microlib/init/entry.s            0x00000000   Number         0  entry7b.o ABSOLUTE
    ../clib/microlib/init/entry.s            0x00000000   Number         0  entry8b.o ABSOLUTE
    ../clib/microlib/init/entry.s            0x00000000   Number         0  entry9a.o ABSOLUTE
    ../clib/microlib/init/entry.s            0x00000000   Number         0  entry8a.o ABSOLUTE
    ../clib/microlib/init/entry.s            0x00000000   Number         0  entry9b.o ABSOLUTE
    ../clib/microlib/string/memcpy.c         0x00000000   Number         0  memcpyb.o ABSOLUTE
    ../clib/microlib/string/memcpy.c         0x00000000   Number         0  memcpya.o ABSOLUTE
    ..\..\..\Libraries\CMSIS\Device\ST\STM32F0xx\Source\Templates\arm\startup_stm32f0xx.s 0x00000000   Number         0  startup_stm32f0xx.o ABSOLUTE
    ..\..\..\Libraries\STM32F0xx_StdPeriph_Driver\src\stm32f0xx_adc.c 0x00000000   Number         0  stm32f0xx_adc.o ABSOLUTE
    ..\..\..\Libraries\STM32F0xx_StdPeriph_Driver\src\stm32f0xx_cec.c 0x00000000   Number         0  stm32f0xx_cec.o ABSOLUTE
    ..\..\..\Libraries\STM32F0xx_StdPeriph_Driver\src\stm32f0xx_comp.c 0x00000000   Number         0  stm32f0xx_comp.o ABSOLUTE
    ..\..\..\Libraries\STM32F0xx_StdPeriph_Driver\src\stm32f0xx_crc.c 0x00000000   Number         0  stm32f0xx_crc.o ABSOLUTE
    ..\..\..\Libraries\STM32F0xx_StdPeriph_Driver\src\stm32f0xx_dac.c 0x00000000   Number         0  stm32f0xx_dac.o ABSOLUTE
    ..\..\..\Libraries\STM32F0xx_StdPeriph_Driver\src\stm32f0xx_dbgmcu.c 0x00000000   Number         0  stm32f0xx_dbgmcu.o ABSOLUTE
    ..\..\..\Libraries\STM32F0xx_StdPeriph_Driver\src\stm32f0xx_dma.c 0x00000000   Number         0  stm32f0xx_dma.o ABSOLUTE
    ..\..\..\Libraries\STM32F0xx_StdPeriph_Driver\src\stm32f0xx_exti.c 0x00000000   Number         0  stm32f0xx_exti.o ABSOLUTE
    ..\..\..\Libraries\STM32F0xx_StdPeriph_Driver\src\stm32f0xx_flash.c 0x00000000   Number         0  stm32f0xx_flash.o ABSOLUTE
    ..\..\..\Libraries\STM32F0xx_StdPeriph_Driver\src\stm32f0xx_gpio.c 0x00000000   Number         0  stm32f0xx_gpio.o ABSOLUTE
    ..\..\..\Libraries\STM32F0xx_StdPeriph_Driver\src\stm32f0xx_i2c.c 0x00000000   Number         0  stm32f0xx_i2c.o ABSOLUTE
    ..\..\..\Libraries\STM32F0xx_StdPeriph_Driver\src\stm32f0xx_iwdg.c 0x00000000   Number         0  stm32f0xx_iwdg.o ABSOLUTE
    ..\..\..\Libraries\STM32F0xx_StdPeriph_Driver\src\stm32f0xx_misc.c 0x00000000   Number         0  stm32f0xx_misc.o ABSOLUTE
    ..\..\..\Libraries\STM32F0xx_StdPeriph_Driver\src\stm32f0xx_pwr.c 0x00000000   Number         0  stm32f0xx_pwr.o ABSOLUTE
    ..\..\..\Libraries\STM32F0xx_StdPeriph_Driver\src\stm32f0xx_rcc.c 0x00000000   Number         0  stm32f0xx_rcc.o ABSOLUTE
    ..\..\..\Libraries\STM32F0xx_StdPeriph_Driver\src\stm32f0xx_rtc.c 0x00000000   Number         0  stm32f0xx_rtc.o ABSOLUTE
    ..\..\..\Libraries\STM32F0xx_StdPeriph_Driver\src\stm32f0xx_spi.c 0x00000000   Number         0  stm32f0xx_spi.o ABSOLUTE
    ..\..\..\Libraries\STM32F0xx_StdPeriph_Driver\src\stm32f0xx_syscfg.c 0x00000000   Number         0  stm32f0xx_syscfg.o ABSOLUTE
    ..\..\..\Libraries\STM32F0xx_StdPeriph_Driver\src\stm32f0xx_tim.c 0x00000000   Number         0  stm32f0xx_tim.o ABSOLUTE
    ..\..\..\Libraries\STM32F0xx_StdPeriph_Driver\src\stm32f0xx_usart.c 0x00000000   Number         0  stm32f0xx_usart.o ABSOLUTE
    ..\..\..\Libraries\STM32F0xx_StdPeriph_Driver\src\stm32f0xx_wwdg.c 0x00000000   Number         0  stm32f0xx_wwdg.o ABSOLUTE
    ..\..\..\Utilities\STM32_EVAL\STM320518_EVAL\stm320518_eval.c 0x00000000   Number         0  stm320518_eval.o ABSOLUTE
    ..\\..\\..\\Libraries\\STM32F0xx_StdPeriph_Driver\\src\\stm32f0xx_adc.c 0x00000000   Number         0  stm32f0xx_adc.o ABSOLUTE
    ..\\..\\..\\Libraries\\STM32F0xx_StdPeriph_Driver\\src\\stm32f0xx_cec.c 0x00000000   Number         0  stm32f0xx_cec.o ABSOLUTE
    ..\\..\\..\\Libraries\\STM32F0xx_StdPeriph_Driver\\src\\stm32f0xx_comp.c 0x00000000   Number         0  stm32f0xx_comp.o ABSOLUTE
    ..\\..\\..\\Libraries\\STM32F0xx_StdPeriph_Driver\\src\\stm32f0xx_crc.c 0x00000000   Number         0  stm32f0xx_crc.o ABSOLUTE
    ..\\..\\..\\Libraries\\STM32F0xx_StdPeriph_Driver\\src\\stm32f0xx_dac.c 0x00000000   Number         0  stm32f0xx_dac.o ABSOLUTE
    ..\\..\\..\\Libraries\\STM32F0xx_StdPeriph_Driver\\src\\stm32f0xx_dbgmcu.c 0x00000000   Number         0  stm32f0xx_dbgmcu.o ABSOLUTE
    ..\\..\\..\\Libraries\\STM32F0xx_StdPeriph_Driver\\src\\stm32f0xx_dma.c 0x00000000   Number         0  stm32f0xx_dma.o ABSOLUTE
    ..\\..\\..\\Libraries\\STM32F0xx_StdPeriph_Driver\\src\\stm32f0xx_exti.c 0x00000000   Number         0  stm32f0xx_exti.o ABSOLUTE
    ..\\..\\..\\Libraries\\STM32F0xx_StdPeriph_Driver\\src\\stm32f0xx_flash.c 0x00000000   Number         0  stm32f0xx_flash.o ABSOLUTE
    ..\\..\\..\\Libraries\\STM32F0xx_StdPeriph_Driver\\src\\stm32f0xx_gpio.c 0x00000000   Number         0  stm32f0xx_gpio.o ABSOLUTE
    ..\\..\\..\\Libraries\\STM32F0xx_StdPeriph_Driver\\src\\stm32f0xx_i2c.c 0x00000000   Number         0  stm32f0xx_i2c.o ABSOLUTE
    ..\\..\\..\\Libraries\\STM32F0xx_StdPeriph_Driver\\src\\stm32f0xx_iwdg.c 0x00000000   Number         0  stm32f0xx_iwdg.o ABSOLUTE
    ..\\..\\..\\Libraries\\STM32F0xx_StdPeriph_Driver\\src\\stm32f0xx_misc.c 0x00000000   Number         0  stm32f0xx_misc.o ABSOLUTE
    ..\\..\\..\\Libraries\\STM32F0xx_StdPeriph_Driver\\src\\stm32f0xx_pwr.c 0x00000000   Number         0  stm32f0xx_pwr.o ABSOLUTE
    ..\\..\\..\\Libraries\\STM32F0xx_StdPeriph_Driver\\src\\stm32f0xx_rcc.c 0x00000000   Number         0  stm32f0xx_rcc.o ABSOLUTE
    ..\\..\\..\\Libraries\\STM32F0xx_StdPeriph_Driver\\src\\stm32f0xx_rtc.c 0x00000000   Number         0  stm32f0xx_rtc.o ABSOLUTE
    ..\\..\\..\\Libraries\\STM32F0xx_StdPeriph_Driver\\src\\stm32f0xx_spi.c 0x00000000   Number         0  stm32f0xx_spi.o ABSOLUTE
    ..\\..\\..\\Libraries\\STM32F0xx_StdPeriph_Driver\\src\\stm32f0xx_syscfg.c 0x00000000   Number         0  stm32f0xx_syscfg.o ABSOLUTE
    ..\\..\\..\\Libraries\\STM32F0xx_StdPeriph_Driver\\src\\stm32f0xx_tim.c 0x00000000   Number         0  stm32f0xx_tim.o ABSOLUTE
    ..\\..\\..\\Libraries\\STM32F0xx_StdPeriph_Driver\\src\\stm32f0xx_usart.c 0x00000000   Number         0  stm32f0xx_usart.o ABSOLUTE
    ..\\..\\..\\Libraries\\STM32F0xx_StdPeriph_Driver\\src\\stm32f0xx_wwdg.c 0x00000000   Number         0  stm32f0xx_wwdg.o ABSOLUTE
    ..\\..\\..\\Utilities\\STM32_EVAL\\STM320518_EVAL\\stm320518_eval.c 0x00000000   Number         0  stm320518_eval.o ABSOLUTE
    ..\\src\\common.c                        0x00000000   Number         0  common.o ABSOLUTE
    ..\\src\\flash_if.c                      0x00000000   Number         0  flash_if.o ABSOLUTE
    ..\\src\\main.c                          0x00000000   Number         0  main.o ABSOLUTE
    ..\\src\\menu.c                          0x00000000   Number         0  menu.o ABSOLUTE
    ..\\src\\stm32f0xx_it.c                  0x00000000   Number         0  stm32f0xx_it.o ABSOLUTE
    ..\\src\\system_stm32f0xx.c              0x00000000   Number         0  system_stm32f0xx.o ABSOLUTE
    ..\\src\\ymodem.c                        0x00000000   Number         0  ymodem.o ABSOLUTE
    ..\src\common.c                          0x00000000   Number         0  common.o ABSOLUTE
    ..\src\flash_if.c                        0x00000000   Number         0  flash_if.o ABSOLUTE
    ..\src\main.c                            0x00000000   Number         0  main.o ABSOLUTE
    ..\src\menu.c                            0x00000000   Number         0  menu.o ABSOLUTE
    ..\src\stm32f0xx_it.c                    0x00000000   Number         0  stm32f0xx_it.o ABSOLUTE
    ..\src\system_stm32f0xx.c                0x00000000   Number         0  system_stm32f0xx.o ABSOLUTE
    ..\src\ymodem.c                          0x00000000   Number         0  ymodem.o ABSOLUTE
    dc.s                                     0x00000000   Number         0  dc.o ABSOLUTE
    handlers.s                               0x00000000   Number         0  handlers.o ABSOLUTE
    init.s                                   0x00000000   Number         0  init.o ABSOLUTE
    RESET                                    0x08000000   Section      192  startup_stm32f0xx.o(RESET)
    .ARM.Collect$$$$00000000                 0x080000c0   Section        0  entry.o(.ARM.Collect$$$$00000000)
    .ARM.Collect$$$$00000001                 0x080000c0   Section        4  entry2.o(.ARM.Collect$$$$00000001)
    .ARM.Collect$$$$00000004                 0x080000c4   Section        4  entry5.o(.ARM.Collect$$$$00000004)
    .ARM.Collect$$$$00000008                 0x080000c8   Section        0  entry7b.o(.ARM.Collect$$$$00000008)
    .ARM.Collect$$$$0000000A                 0x080000c8   Section        0  entry8b.o(.ARM.Collect$$$$0000000A)
    .ARM.Collect$$$$0000000B                 0x080000c8   Section        8  entry9a.o(.ARM.Collect$$$$0000000B)
    .ARM.Collect$$$$0000000D                 0x080000d0   Section        0  entry10a.o(.ARM.Collect$$$$0000000D)
    .ARM.Collect$$$$0000000F                 0x080000d0   Section        0  entry11a.o(.ARM.Collect$$$$0000000F)
    .ARM.Collect$$$$00002712                 0x080000d0   Section        4  entry2.o(.ARM.Collect$$$$00002712)
    __lit__00000000                          0x080000d0   Data           4  entry2.o(.ARM.Collect$$$$00002712)
    .text                                    0x080000d4   Section       28  startup_stm32f0xx.o(.text)
    .text                                    0x080000f0   Section        0  uidiv.o(.text)
    .text                                    0x0800011c   Section        0  memcpya.o(.text)
    .text                                    0x08000140   Section       36  init.o(.text)
    i.CalChecksum                            0x08000164   Section        0  ymodem.o(i.CalChecksum)
    i.Cal_CRC16                              0x08000178   Section        0  ymodem.o(i.Cal_CRC16)
    i.EXTI_Init                              0x0800019c   Section        0  stm32f0xx_exti.o(i.EXTI_Init)
    i.FLASH_ClearFlag                        0x08000208   Section        0  stm32f0xx_flash.o(i.FLASH_ClearFlag)
    i.FLASH_ErasePage                        0x08000214   Section        0  stm32f0xx_flash.o(i.FLASH_ErasePage)
    i.FLASH_GetStatus                        0x0800024c   Section        0  stm32f0xx_flash.o(i.FLASH_GetStatus)
    i.FLASH_If_DisableWriteProtection        0x08000274   Section        0  flash_if.o(i.FLASH_If_DisableWriteProtection)
    i.FLASH_If_Erase                         0x080002b4   Section        0  flash_if.o(i.FLASH_If_Erase)
    i.FLASH_If_GetWriteProtectionStatus      0x080002dc   Section        0  flash_if.o(i.FLASH_If_GetWriteProtectionStatus)
    i.FLASH_If_Init                          0x080002ec   Section        0  flash_if.o(i.FLASH_If_Init)
    i.FLASH_If_Write                         0x080002fc   Section        0  flash_if.o(i.FLASH_If_Write)
    i.FLASH_OB_EnableWRP                     0x08000350   Section        0  stm32f0xx_flash.o(i.FLASH_OB_EnableWRP)
    i.FLASH_OB_Erase                         0x080003a8   Section        0  stm32f0xx_flash.o(i.FLASH_OB_Erase)
    i.FLASH_OB_GetRDP                        0x0800041c   Section        0  stm32f0xx_flash.o(i.FLASH_OB_GetRDP)
    i.FLASH_OB_GetWRP                        0x08000430   Section        0  stm32f0xx_flash.o(i.FLASH_OB_GetWRP)
    i.FLASH_OB_Launch                        0x0800043c   Section        0  stm32f0xx_flash.o(i.FLASH_OB_Launch)
    i.FLASH_OB_Unlock                        0x08000450   Section        0  stm32f0xx_flash.o(i.FLASH_OB_Unlock)
    i.FLASH_ProgramWord                      0x08000470   Section        0  stm32f0xx_flash.o(i.FLASH_ProgramWord)
    i.FLASH_Unlock                           0x080004bc   Section        0  stm32f0xx_flash.o(i.FLASH_Unlock)
    i.FLASH_WaitForLastOperation             0x080004dc   Section        0  stm32f0xx_flash.o(i.FLASH_WaitForLastOperation)
    i.GPIO_Init                              0x080004fe   Section        0  stm32f0xx_gpio.o(i.GPIO_Init)
    i.GPIO_PinAFConfig                       0x0800056e   Section        0  stm32f0xx_gpio.o(i.GPIO_PinAFConfig)
    i.GPIO_ReadInputDataBit                  0x0800058e   Section        0  stm32f0xx_gpio.o(i.GPIO_ReadInputDataBit)
    i.GetKey                                 0x0800059c   Section        0  common.o(i.GetKey)
    i.HardFault_Handler                      0x080005b4   Section        0  stm32f0xx_it.o(i.HardFault_Handler)
    i.Int2Str                                0x080005b8   Section        0  common.o(i.Int2Str)
    i.Main_Menu                              0x08000604   Section        0  menu.o(i.Main_Menu)
    i.NMI_Handler                            0x08000974   Section        0  stm32f0xx_it.o(i.NMI_Handler)
    i.NVIC_Init                              0x08000978   Section        0  stm32f0xx_misc.o(i.NVIC_Init)
    i.PendSV_Handler                         0x080009c8   Section        0  stm32f0xx_it.o(i.PendSV_Handler)
    i.RCC_AHBPeriphClockCmd                  0x080009cc   Section        0  stm32f0xx_rcc.o(i.RCC_AHBPeriphClockCmd)
    i.RCC_APB2PeriphClockCmd                 0x080009e4   Section        0  stm32f0xx_rcc.o(i.RCC_APB2PeriphClockCmd)
    i.RCC_GetClocksFreq                      0x080009fc   Section        0  stm32f0xx_rcc.o(i.RCC_GetClocksFreq)
    i.Receive_Byte                           0x08000ae4   Section        0  ymodem.o(i.Receive_Byte)
    Receive_Byte                             0x08000ae5   Thumb Code    32  ymodem.o(i.Receive_Byte)
    i.Receive_Packet                         0x08000b04   Section        0  ymodem.o(i.Receive_Packet)
    Receive_Packet                           0x08000b05   Thumb Code   180  ymodem.o(i.Receive_Packet)
    i.STM_EVAL_COMInit                       0x08000bb8   Section        0  stm320518_eval.o(i.STM_EVAL_COMInit)
    i.STM_EVAL_PBGetState                    0x08000c54   Section        0  stm320518_eval.o(i.STM_EVAL_PBGetState)
    i.STM_EVAL_PBInit                        0x08000c70   Section        0  stm320518_eval.o(i.STM_EVAL_PBInit)
    i.SVC_Handler                            0x08000d04   Section        0  stm32f0xx_it.o(i.SVC_Handler)
    i.SYSCFG_EXTILineConfig                  0x08000d08   Section        0  stm32f0xx_syscfg.o(i.SYSCFG_EXTILineConfig)
    i.SerialDownload                         0x08000d30   Section        0  menu.o(i.SerialDownload)
    i.SerialKeyPressed                       0x08000ea0   Section        0  common.o(i.SerialKeyPressed)
    i.SerialPutChar                          0x08000ec4   Section        0  common.o(i.SerialPutChar)
    i.SerialUpload                           0x08000ee4   Section        0  menu.o(i.SerialUpload)
    i.Serial_PutString                       0x08000f94   Section        0  common.o(i.Serial_PutString)
    i.SetSysClock                            0x08000fa8   Section        0  system_stm32f0xx.o(i.SetSysClock)
    SetSysClock                              0x08000fa9   Thumb Code   142  system_stm32f0xx.o(i.SetSysClock)
    i.Str2Int                                0x08001040   Section        0  common.o(i.Str2Int)
    i.SysTick_Handler                        0x080010fe   Section        0  stm32f0xx_it.o(i.SysTick_Handler)
    i.SystemInit                             0x08001100   Section        0  system_stm32f0xx.o(i.SystemInit)
    i.USART_ClearFlag                        0x08001160   Section        0  stm32f0xx_usart.o(i.USART_ClearFlag)
    i.USART_Cmd                              0x08001164   Section        0  stm32f0xx_usart.o(i.USART_Cmd)
    i.USART_GetFlagStatus                    0x08001178   Section        0  stm32f0xx_usart.o(i.USART_GetFlagStatus)
    i.USART_Init                             0x08001188   Section        0  stm32f0xx_usart.o(i.USART_Init)
    i.USART_ReceiveData                      0x08001214   Section        0  stm32f0xx_usart.o(i.USART_ReceiveData)
    i.USART_SendData                         0x0800121c   Section        0  stm32f0xx_usart.o(i.USART_SendData)
    i.UpdateCRC16                            0x08001224   Section        0  ymodem.o(i.UpdateCRC16)
    i.Ymodem_PrepareIntialPacket             0x08001248   Section        0  ymodem.o(i.Ymodem_PrepareIntialPacket)
    i.Ymodem_PreparePacket                   0x080012a2   Section        0  ymodem.o(i.Ymodem_PreparePacket)
    i.Ymodem_Receive                         0x080012f8   Section        0  ymodem.o(i.Ymodem_Receive)
    i.Ymodem_SendPacket                      0x08001478   Section        0  ymodem.o(i.Ymodem_SendPacket)
    i.Ymodem_Transmit                        0x08001494   Section        0  ymodem.o(i.Ymodem_Transmit)
    i.__scatterload_copy                     0x080016ec   Section       14  handlers.o(i.__scatterload_copy)
    i.__scatterload_null                     0x080016fa   Section        2  handlers.o(i.__scatterload_null)
    i.__scatterload_zeroinit                 0x080016fc   Section       14  handlers.o(i.__scatterload_zeroinit)
    i.main                                   0x0800170c   Section        0  main.o(i.main)
    .constdata                               0x0800177c   Section      148  stm320518_eval.o(.constdata)
    .constdata                               0x08001810   Section      537  menu.o(.constdata)
    .data                                    0x20000000   Section       16  stm32f0xx_rcc.o(.data)
    APBAHBPrescTable                         0x20000000   Data          16  stm32f0xx_rcc.o(.data)
    .data                                    0x20000010   Section       56  stm320518_eval.o(.data)
    .data                                    0x20000048   Section       12  menu.o(.data)
    .bss                                     0x20000054   Section     1280  menu.o(.bss)
    STACK                                    0x20000558   Section     1024  startup_stm32f0xx.o(STACK)

    Global Symbols

    Symbol Name                              Value     Ov Type        Size  Object(Section)

    BuildAttributes$$THM_ISAv3M$S$PE$A:L22$X:L11$S22$IEEE1$IW$USESV6$~STKCKD$USESV7$~SHL$OSPACE$EBA8$MICROLIB$REQ8$PRES8$EABIv2 0x00000000   Number         0  anon$$obj.o ABSOLUTE
    __ARM_use_no_argv                        0x00000000   Number         0  main.o ABSOLUTE
    __cpp_initialize__aeabi_                  - Undefined Weak Reference
    __cxa_finalize                            - Undefined Weak Reference
    __decompress                              - Undefined Weak Reference
    _clock_init                               - Undefined Weak Reference
    _microlib_exit                            - Undefined Weak Reference
    __Vectors_Size                           0x000000c0   Number         0  startup_stm32f0xx.o ABSOLUTE
    __Vectors                                0x08000000   Data           4  startup_stm32f0xx.o(RESET)
    __Vectors_End                            0x080000c0   Data           0  startup_stm32f0xx.o(RESET)
    __main                                   0x080000c1   Thumb Code     0  entry.o(.ARM.Collect$$$$00000000)
    _main_stk                                0x080000c1   Thumb Code     0  entry2.o(.ARM.Collect$$$$00000001)
    _main_scatterload                        0x080000c5   Thumb Code     0  entry5.o(.ARM.Collect$$$$00000004)
    __main_after_scatterload                 0x080000c9   Thumb Code     0  entry5.o(.ARM.Collect$$$$00000004)
    _main_clock                              0x080000c9   Thumb Code     0  entry7b.o(.ARM.Collect$$$$00000008)
    _main_cpp_init                           0x080000c9   Thumb Code     0  entry8b.o(.ARM.Collect$$$$0000000A)
    _main_init                               0x080000c9   Thumb Code     0  entry9a.o(.ARM.Collect$$$$0000000B)
    __rt_final_cpp                           0x080000d1   Thumb Code     0  entry10a.o(.ARM.Collect$$$$0000000D)
    __rt_final_exit                          0x080000d1   Thumb Code     0  entry11a.o(.ARM.Collect$$$$0000000F)
    Reset_Handler                            0x080000d5   Thumb Code     8  startup_stm32f0xx.o(.text)
    ADC1_COMP_IRQHandler                     0x080000e7   Thumb Code     0  startup_stm32f0xx.o(.text)
    CEC_IRQHandler                           0x080000e7   Thumb Code     0  startup_stm32f0xx.o(.text)
    DMA1_Channel1_IRQHandler                 0x080000e7   Thumb Code     0  startup_stm32f0xx.o(.text)
    DMA1_Channel2_3_IRQHandler               0x080000e7   Thumb Code     0  startup_stm32f0xx.o(.text)
    DMA1_Channel4_5_IRQHandler               0x080000e7   Thumb Code     0  startup_stm32f0xx.o(.text)
    EXTI0_1_IRQHandler                       0x080000e7   Thumb Code     0  startup_stm32f0xx.o(.text)
    EXTI2_3_IRQHandler                       0x080000e7   Thumb Code     0  startup_stm32f0xx.o(.text)
    EXTI4_15_IRQHandler                      0x080000e7   Thumb Code     0  startup_stm32f0xx.o(.text)
    FLASH_IRQHandler                         0x080000e7   Thumb Code     0  startup_stm32f0xx.o(.text)
    I2C1_IRQHandler                          0x080000e7   Thumb Code     0  startup_stm32f0xx.o(.text)
    I2C2_IRQHandler                          0x080000e7   Thumb Code     0  startup_stm32f0xx.o(.text)
    PVD_IRQHandler                           0x080000e7   Thumb Code     0  startup_stm32f0xx.o(.text)
    RCC_IRQHandler                           0x080000e7   Thumb Code     0  startup_stm32f0xx.o(.text)
    RTC_IRQHandler                           0x080000e7   Thumb Code     0  startup_stm32f0xx.o(.text)
    SPI1_IRQHandler                          0x080000e7   Thumb Code     0  startup_stm32f0xx.o(.text)
    SPI2_IRQHandler                          0x080000e7   Thumb Code     0  startup_stm32f0xx.o(.text)
    TIM14_IRQHandler                         0x080000e7   Thumb Code     0  startup_stm32f0xx.o(.text)
    TIM15_IRQHandler                         0x080000e7   Thumb Code     0  startup_stm32f0xx.o(.text)
    TIM16_IRQHandler                         0x080000e7   Thumb Code     0  startup_stm32f0xx.o(.text)
    TIM17_IRQHandler                         0x080000e7   Thumb Code     0  startup_stm32f0xx.o(.text)
    TIM1_BRK_UP_TRG_COM_IRQHandler           0x080000e7   Thumb Code     0  startup_stm32f0xx.o(.text)
    TIM1_CC_IRQHandler                       0x080000e7   Thumb Code     0  startup_stm32f0xx.o(.text)
    TIM2_IRQHandler                          0x080000e7   Thumb Code     0  startup_stm32f0xx.o(.text)
    TIM3_IRQHandler                          0x080000e7   Thumb Code     0  startup_stm32f0xx.o(.text)
    TIM6_DAC_IRQHandler                      0x080000e7   Thumb Code     0  startup_stm32f0xx.o(.text)
    TS_IRQHandler                            0x080000e7   Thumb Code     0  startup_stm32f0xx.o(.text)
    USART1_IRQHandler                        0x080000e7   Thumb Code     0  startup_stm32f0xx.o(.text)
    USART2_IRQHandler                        0x080000e7   Thumb Code     0  startup_stm32f0xx.o(.text)
    WWDG_IRQHandler                          0x080000e7   Thumb Code     0  startup_stm32f0xx.o(.text)
    __aeabi_uidiv                            0x080000f1   Thumb Code     0  uidiv.o(.text)
    __aeabi_uidivmod                         0x080000f1   Thumb Code    44  uidiv.o(.text)
    __aeabi_memcpy                           0x0800011d   Thumb Code    36  memcpya.o(.text)
    __aeabi_memcpy4                          0x0800011d   Thumb Code     0  memcpya.o(.text)
    __aeabi_memcpy8                          0x0800011d   Thumb Code     0  memcpya.o(.text)
    __scatterload                            0x08000141   Thumb Code    28  init.o(.text)
    __scatterload_rt2                        0x08000141   Thumb Code     0  init.o(.text)
    CalChecksum                              0x08000165   Thumb Code    20  ymodem.o(i.CalChecksum)
    Cal_CRC16                                0x08000179   Thumb Code    36  ymodem.o(i.Cal_CRC16)
    EXTI_Init                                0x0800019d   Thumb Code   102  stm32f0xx_exti.o(i.EXTI_Init)
    FLASH_ClearFlag                          0x08000209   Thumb Code     6  stm32f0xx_flash.o(i.FLASH_ClearFlag)
    FLASH_ErasePage                          0x08000215   Thumb Code    52  stm32f0xx_flash.o(i.FLASH_ErasePage)
    FLASH_GetStatus                          0x0800024d   Thumb Code    34  stm32f0xx_flash.o(i.FLASH_GetStatus)
    FLASH_If_DisableWriteProtection          0x08000275   Thumb Code    62  flash_if.o(i.FLASH_If_DisableWriteProtection)
    FLASH_If_Erase                           0x080002b5   Thumb Code    36  flash_if.o(i.FLASH_If_Erase)
    FLASH_If_GetWriteProtectionStatus        0x080002dd   Thumb Code    16  flash_if.o(i.FLASH_If_GetWriteProtectionStatus)
    FLASH_If_Init                            0x080002ed   Thumb Code    14  flash_if.o(i.FLASH_If_Init)
    FLASH_If_Write                           0x080002fd   Thumb Code    78  flash_if.o(i.FLASH_If_Write)
    FLASH_OB_EnableWRP                       0x08000351   Thumb Code    80  stm32f0xx_flash.o(i.FLASH_OB_EnableWRP)
    FLASH_OB_Erase                           0x080003a9   Thumb Code   106  stm32f0xx_flash.o(i.FLASH_OB_Erase)
    FLASH_OB_GetRDP                          0x0800041d   Thumb Code    16  stm32f0xx_flash.o(i.FLASH_OB_GetRDP)
    FLASH_OB_GetWRP                          0x08000431   Thumb Code     6  stm32f0xx_flash.o(i.FLASH_OB_GetWRP)
    FLASH_OB_Launch                          0x0800043d   Thumb Code    14  stm32f0xx_flash.o(i.FLASH_OB_Launch)
    FLASH_OB_Unlock                          0x08000451   Thumb Code    18  stm32f0xx_flash.o(i.FLASH_OB_Unlock)
    FLASH_ProgramWord                        0x08000471   Thumb Code    70  stm32f0xx_flash.o(i.FLASH_ProgramWord)
    FLASH_Unlock                             0x080004bd   Thumb Code    18  stm32f0xx_flash.o(i.FLASH_Unlock)
    FLASH_WaitForLastOperation               0x080004dd   Thumb Code    34  stm32f0xx_flash.o(i.FLASH_WaitForLastOperation)
    GPIO_Init                                0x080004ff   Thumb Code   112  stm32f0xx_gpio.o(i.GPIO_Init)
    GPIO_PinAFConfig                         0x0800056f   Thumb Code    32  stm32f0xx_gpio.o(i.GPIO_PinAFConfig)
    GPIO_ReadInputDataBit                    0x0800058f   Thumb Code    14  stm32f0xx_gpio.o(i.GPIO_ReadInputDataBit)
    GetKey                                   0x0800059d   Thumb Code    24  common.o(i.GetKey)
    HardFault_Handler                        0x080005b5   Thumb Code     2  stm32f0xx_it.o(i.HardFault_Handler)
    Int2Str                                  0x080005b9   Thumb Code    70  common.o(i.Int2Str)
    Main_Menu                                0x08000605   Thumb Code   234  menu.o(i.Main_Menu)
    NMI_Handler                              0x08000975   Thumb Code     2  stm32f0xx_it.o(i.NMI_Handler)
    NVIC_Init                                0x08000979   Thumb Code    70  stm32f0xx_misc.o(i.NVIC_Init)
    PendSV_Handler                           0x080009c9   Thumb Code     2  stm32f0xx_it.o(i.PendSV_Handler)
    RCC_AHBPeriphClockCmd                    0x080009cd   Thumb Code    18  stm32f0xx_rcc.o(i.RCC_AHBPeriphClockCmd)
    RCC_APB2PeriphClockCmd                   0x080009e5   Thumb Code    18  stm32f0xx_rcc.o(i.RCC_APB2PeriphClockCmd)
    RCC_GetClocksFreq                        0x080009fd   Thumb Code   208  stm32f0xx_rcc.o(i.RCC_GetClocksFreq)
    STM_EVAL_COMInit                         0x08000bb9   Thumb Code   148  stm320518_eval.o(i.STM_EVAL_COMInit)
    STM_EVAL_PBGetState                      0x08000c55   Thumb Code    20  stm320518_eval.o(i.STM_EVAL_PBGetState)
    STM_EVAL_PBInit                          0x08000c71   Thumb Code   140  stm320518_eval.o(i.STM_EVAL_PBInit)
    SVC_Handler                              0x08000d05   Thumb Code     2  stm32f0xx_it.o(i.SVC_Handler)
    SYSCFG_EXTILineConfig                    0x08000d09   Thumb Code    34  stm32f0xx_syscfg.o(i.SYSCFG_EXTILineConfig)
    SerialDownload                           0x08000d31   Thumb Code   100  menu.o(i.SerialDownload)
    SerialKeyPressed                         0x08000ea1   Thumb Code    30  common.o(i.SerialKeyPressed)
    SerialPutChar                            0x08000ec5   Thumb Code    26  common.o(i.SerialPutChar)
    SerialUpload                             0x08000ee5   Thumb Code    44  menu.o(i.SerialUpload)
    Serial_PutString                         0x08000f95   Thumb Code    20  common.o(i.Serial_PutString)
    Str2Int                                  0x08001041   Thumb Code   190  common.o(i.Str2Int)
    SysTick_Handler                          0x080010ff   Thumb Code     2  stm32f0xx_it.o(i.SysTick_Handler)
    SystemInit                               0x08001101   Thumb Code    84  system_stm32f0xx.o(i.SystemInit)
    USART_ClearFlag                          0x08001161   Thumb Code     4  stm32f0xx_usart.o(i.USART_ClearFlag)
    USART_Cmd                                0x08001165   Thumb Code    20  stm32f0xx_usart.o(i.USART_Cmd)
    USART_GetFlagStatus                      0x08001179   Thumb Code    14  stm32f0xx_usart.o(i.USART_GetFlagStatus)
    USART_Init                               0x08001189   Thumb Code   128  stm32f0xx_usart.o(i.USART_Init)
    USART_ReceiveData                        0x08001215   Thumb Code     8  stm32f0xx_usart.o(i.USART_ReceiveData)
    USART_SendData                           0x0800121d   Thumb Code     8  stm32f0xx_usart.o(i.USART_SendData)
    UpdateCRC16                              0x08001225   Thumb Code    30  ymodem.o(i.UpdateCRC16)
    Ymodem_PrepareIntialPacket               0x08001249   Thumb Code    90  ymodem.o(i.Ymodem_PrepareIntialPacket)
    Ymodem_PreparePacket                     0x080012a3   Thumb Code    86  ymodem.o(i.Ymodem_PreparePacket)
    Ymodem_Receive                           0x080012f9   Thumb Code   370  ymodem.o(i.Ymodem_Receive)
    Ymodem_SendPacket                        0x08001479   Thumb Code    26  ymodem.o(i.Ymodem_SendPacket)
    Ymodem_Transmit                          0x08001495   Thumb Code   582  ymodem.o(i.Ymodem_Transmit)
    __scatterload_copy                       0x080016ed   Thumb Code    14  handlers.o(i.__scatterload_copy)
    __scatterload_null                       0x080016fb   Thumb Code     2  handlers.o(i.__scatterload_null)
    __scatterload_zeroinit                   0x080016fd   Thumb Code    14  handlers.o(i.__scatterload_zeroinit)
    main                                     0x0800170d   Thumb Code    94  main.o(i.main)
    COM_TX_PIN                               0x0800177c   Data           2  stm320518_eval.o(.constdata)
    COM_RX_PIN                               0x0800177e   Data           2  stm320518_eval.o(.constdata)
    COM_TX_PIN_SOURCE                        0x08001780   Data           2  stm320518_eval.o(.constdata)
    COM_RX_PIN_SOURCE                        0x08001782   Data           2  stm320518_eval.o(.constdata)
    COM_TX_AF                                0x08001784   Data           2  stm320518_eval.o(.constdata)
    COM_RX_AF                                0x08001786   Data           2  stm320518_eval.o(.constdata)
    COM_USART_CLK                            0x08001788   Data           4  stm320518_eval.o(.constdata)
    COM_TX_PORT_CLK                          0x0800178c   Data           4  stm320518_eval.o(.constdata)
    COM_RX_PORT_CLK                          0x08001790   Data           4  stm320518_eval.o(.constdata)
    GPIO_PIN                                 0x08001794   Data           8  stm320518_eval.o(.constdata)
    GPIO_CLK                                 0x0800179c   Data          16  stm320518_eval.o(.constdata)
    BUTTON_PIN                               0x080017ac   Data          14  stm320518_eval.o(.constdata)
    BUTTON_CLK                               0x080017bc   Data          28  stm320518_eval.o(.constdata)
    BUTTON_EXTI_LINE                         0x080017d8   Data          14  stm320518_eval.o(.constdata)
    BUTTON_PORT_SOURCE                       0x080017e6   Data          14  stm320518_eval.o(.constdata)
    BUTTON_PIN_SOURCE                        0x080017f4   Data          14  stm320518_eval.o(.constdata)
    BUTTON_IRQn                              0x08001802   Data          14  stm320518_eval.o(.constdata)
    Region$$Table$$Base                      0x08001a2c   Number         0  anon$$obj.o(Region$$Table)
    Region$$Table$$Limit                     0x08001a4c   Number         0  anon$$obj.o(Region$$Table)
    COM_USART                                0x20000010   Data           4  stm320518_eval.o(.data)
    COM_TX_PORT                              0x20000014   Data           4  stm320518_eval.o(.data)
    COM_RX_PORT                              0x20000018   Data           4  stm320518_eval.o(.data)
    GPIO_PORT                                0x2000001c   Data          16  stm320518_eval.o(.data)
    BUTTON_PORT                              0x2000002c   Data          28  stm320518_eval.o(.data)
    FlashProtection                          0x20000048   Data           4  menu.o(.data)
    Jump_To_Application                      0x2000004c   Data           4  menu.o(.data)
    JumpAddress                              0x20000050   Data           4  menu.o(.data)
    tab_1024                                 0x20000054   Data        1024  menu.o(.bss)
    FileName                                 0x20000454   Data         256  menu.o(.bss)
    __initial_sp                             0x20000958   Data           0  startup_stm32f0xx.o(STACK)



==============================================================================

Memory Map of the image

  Image Entry point : 0x080000c1

  Load Region LR_IROM1 (Base: 0x08000000, Size: 0x00001aa0, Max: 0x00010000, ABSOLUTE)

    Execution Region ER_IROM1 (Base: 0x08000000, Size: 0x00001a4c, Max: 0x00010000, ABSOLUTE)

    Base Addr    Size         Type   Attr      Idx    E Section Name        Object

    0x08000000   0x000000c0   Data   RO          124    RESET               startup_stm32f0xx.o
    0x080000c0   0x00000000   Code   RO         3708  * .ARM.Collect$$$$00000000  mc_p.l(entry.o)
    0x080000c0   0x00000004   Code   RO         3717    .ARM.Collect$$$$00000001  mc_p.l(entry2.o)
    0x080000c4   0x00000004   Code   RO         3720    .ARM.Collect$$$$00000004  mc_p.l(entry5.o)
    0x080000c8   0x00000000   Code   RO         3722    .ARM.Collect$$$$00000008  mc_p.l(entry7b.o)
    0x080000c8   0x00000000   Code   RO         3724    .ARM.Collect$$$$0000000A  mc_p.l(entry8b.o)
    0x080000c8   0x00000008   Code   RO         3725    .ARM.Collect$$$$0000000B  mc_p.l(entry9a.o)
    0x080000d0   0x00000000   Code   RO         3727    .ARM.Collect$$$$0000000D  mc_p.l(entry10a.o)
    0x080000d0   0x00000000   Code   RO         3729    .ARM.Collect$$$$0000000F  mc_p.l(entry11a.o)
    0x080000d0   0x00000004   Code   RO         3718    .ARM.Collect$$$$00002712  mc_p.l(entry2.o)
    0x080000d4   0x0000001c   Code   RO          125    .text               startup_stm32f0xx.o
    0x080000f0   0x0000002c   Code   RO         3711    .text               mc_p.l(uidiv.o)
    0x0800011c   0x00000024   Code   RO         3713    .text               mc_p.l(memcpya.o)
    0x08000140   0x00000024   Code   RO         3731    .text               mc_p.l(init.o)
    0x08000164   0x00000014   Code   RO         3631    i.CalChecksum       ymodem.o
    0x08000178   0x00000024   Code   RO         3632    i.Cal_CRC16         ymodem.o
    0x0800019c   0x0000006c   Code   RO          791    i.EXTI_Init         stm32f0xx_exti.o
    0x08000208   0x0000000c   Code   RO          847    i.FLASH_ClearFlag   stm32f0xx_flash.o
    0x08000214   0x00000038   Code   RO          849    i.FLASH_ErasePage   stm32f0xx_flash.o
    0x0800024c   0x00000028   Code   RO          852    i.FLASH_GetStatus   stm32f0xx_flash.o
    0x08000274   0x0000003e   Code   RO         3462    i.FLASH_If_DisableWriteProtection  flash_if.o
    0x080002b2   0x00000002   PAD
    0x080002b4   0x00000028   Code   RO         3463    i.FLASH_If_Erase    flash_if.o
    0x080002dc   0x00000010   Code   RO         3464    i.FLASH_If_GetWriteProtectionStatus  flash_if.o
    0x080002ec   0x0000000e   Code   RO         3465    i.FLASH_If_Init     flash_if.o
    0x080002fa   0x00000002   PAD
    0x080002fc   0x00000054   Code   RO         3466    i.FLASH_If_Write    flash_if.o
    0x08000350   0x00000058   Code   RO          856    i.FLASH_OB_EnableWRP  stm32f0xx_flash.o
    0x080003a8   0x00000074   Code   RO          857    i.FLASH_OB_Erase    stm32f0xx_flash.o
    0x0800041c   0x00000014   Code   RO          858    i.FLASH_OB_GetRDP   stm32f0xx_flash.o
    0x08000430   0x0000000c   Code   RO          860    i.FLASH_OB_GetWRP   stm32f0xx_flash.o
    0x0800043c   0x00000014   Code   RO          861    i.FLASH_OB_Launch   stm32f0xx_flash.o
    0x08000450   0x00000020   Code   RO          865    i.FLASH_OB_Unlock   stm32f0xx_flash.o
    0x08000470   0x0000004c   Code   RO          872    i.FLASH_ProgramWord  stm32f0xx_flash.o
    0x080004bc   0x00000020   Code   RO          874    i.FLASH_Unlock      stm32f0xx_flash.o
    0x080004dc   0x00000022   Code   RO          875    i.FLASH_WaitForLastOperation  stm32f0xx_flash.o
    0x080004fe   0x00000070   Code   RO         1035    i.GPIO_Init         stm32f0xx_gpio.o
    0x0800056e   0x00000020   Code   RO         1036    i.GPIO_PinAFConfig  stm32f0xx_gpio.o
    0x0800058e   0x0000000e   Code   RO         1039    i.GPIO_ReadInputDataBit  stm32f0xx_gpio.o
    0x0800059c   0x00000018   Code   RO         3399    i.GetKey            common.o
    0x080005b4   0x00000002   Code   RO         3584    i.HardFault_Handler  stm32f0xx_it.o
    0x080005b6   0x00000002   PAD
    0x080005b8   0x0000004c   Code   RO         3400    i.Int2Str           common.o
    0x08000604   0x00000370   Code   RO         3543    i.Main_Menu         menu.o
    0x08000974   0x00000002   Code   RO         3585    i.NMI_Handler       stm32f0xx_it.o
    0x08000976   0x00000002   PAD
    0x08000978   0x00000050   Code   RO         1448    i.NVIC_Init         stm32f0xx_misc.o
    0x080009c8   0x00000002   Code   RO         3586    i.PendSV_Handler    stm32f0xx_it.o
    0x080009ca   0x00000002   PAD
    0x080009cc   0x00000018   Code   RO         1555    i.RCC_AHBPeriphClockCmd  stm32f0xx_rcc.o
    0x080009e4   0x00000018   Code   RO         1559    i.RCC_APB2PeriphClockCmd  stm32f0xx_rcc.o
    0x080009fc   0x000000e8   Code   RO         1569    i.RCC_GetClocksFreq  stm32f0xx_rcc.o
    0x08000ae4   0x00000020   Code   RO         3633    i.Receive_Byte      ymodem.o
    0x08000b04   0x000000b4   Code   RO         3634    i.Receive_Packet    ymodem.o
    0x08000bb8   0x0000009c   Code   RO         3299    i.STM_EVAL_COMInit  stm320518_eval.o
    0x08000c54   0x0000001c   Code   RO         3304    i.STM_EVAL_PBGetState  stm320518_eval.o
    0x08000c70   0x00000094   Code   RO         3305    i.STM_EVAL_PBInit   stm320518_eval.o
    0x08000d04   0x00000002   Code   RO         3587    i.SVC_Handler       stm32f0xx_it.o
    0x08000d06   0x00000002   PAD
    0x08000d08   0x00000028   Code   RO         2314    i.SYSCFG_EXTILineConfig  stm32f0xx_syscfg.o
    0x08000d30   0x00000170   Code   RO         3544    i.SerialDownload    menu.o
    0x08000ea0   0x00000024   Code   RO         3401    i.SerialKeyPressed  common.o
    0x08000ec4   0x00000020   Code   RO         3402    i.SerialPutChar     common.o
    0x08000ee4   0x000000b0   Code   RO         3545    i.SerialUpload      menu.o
    0x08000f94   0x00000014   Code   RO         3403    i.Serial_PutString  common.o
    0x08000fa8   0x00000098   Code   RO            3    i.SetSysClock       system_stm32f0xx.o
    0x08001040   0x000000be   Code   RO         3404    i.Str2Int           common.o
    0x080010fe   0x00000002   Code   RO         3588    i.SysTick_Handler   stm32f0xx_it.o
    0x08001100   0x00000060   Code   RO            5    i.SystemInit        system_stm32f0xx.o
    0x08001160   0x00000004   Code   RO         2928    i.USART_ClearFlag   stm32f0xx_usart.o
    0x08001164   0x00000014   Code   RO         2932    i.USART_Cmd         stm32f0xx_usart.o
    0x08001178   0x0000000e   Code   RO         2940    i.USART_GetFlagStatus  stm32f0xx_usart.o
    0x08001186   0x00000002   PAD
    0x08001188   0x0000008c   Code   RO         2944    i.USART_Init        stm32f0xx_usart.o
    0x08001214   0x00000008   Code   RO         2956    i.USART_ReceiveData  stm32f0xx_usart.o
    0x0800121c   0x00000008   Code   RO         2961    i.USART_SendData    stm32f0xx_usart.o
    0x08001224   0x00000024   Code   RO         3635    i.UpdateCRC16       ymodem.o
    0x08001248   0x0000005a   Code   RO         3637    i.Ymodem_PrepareIntialPacket  ymodem.o
    0x080012a2   0x00000056   Code   RO         3638    i.Ymodem_PreparePacket  ymodem.o
    0x080012f8   0x00000180   Code   RO         3639    i.Ymodem_Receive    ymodem.o
    0x08001478   0x0000001a   Code   RO         3640    i.Ymodem_SendPacket  ymodem.o
    0x08001492   0x00000002   PAD
    0x08001494   0x00000258   Code   RO         3641    i.Ymodem_Transmit   ymodem.o
    0x080016ec   0x0000000e   Code   RO         3735    i.__scatterload_copy  mc_p.l(handlers.o)
    0x080016fa   0x00000002   Code   RO         3736    i.__scatterload_null  mc_p.l(handlers.o)
    0x080016fc   0x0000000e   Code   RO         3737    i.__scatterload_zeroinit  mc_p.l(handlers.o)
    0x0800170a   0x00000002   PAD
    0x0800170c   0x00000070   Code   RO         3509    i.main              main.o
    0x0800177c   0x00000094   Data   RO         3308    .constdata          stm320518_eval.o
    0x08001810   0x00000219   Data   RO         3547    .constdata          menu.o
    0x08001a29   0x00000003   PAD
    0x08001a2c   0x00000020   Data   RO         3733    Region$$Table       anon$$obj.o


    Execution Region RW_IRAM1 (Base: 0x20000000, Size: 0x00000958, Max: 0x00002000, ABSOLUTE)

    Base Addr    Size         Type   Attr      Idx    E Section Name        Object

    0x20000000   0x00000010   Data   RW         1593    .data               stm32f0xx_rcc.o
    0x20000010   0x00000038   Data   RW         3309    .data               stm320518_eval.o
    0x20000048   0x0000000c   Data   RW         3548    .data               menu.o
    0x20000054   0x00000500   Zero   RW         3546    .bss                menu.o
    0x20000554   0x00000004   PAD
    0x20000558   0x00000400   Zero   RW          122    STACK               startup_stm32f0xx.o


==============================================================================

Image component sizes


      Code (inc. data)   RO Data    RW Data    ZI Data      Debug   Object Name

       378         18          0          0          0       3685   common.o
       216         10          0          0          0       3372   flash_if.o
       112         18          0          0          0       2357   main.o
      1424       1046        537         12       1280       2677   menu.o
        28          8        192          0       1024        744   startup_stm32f0xx.o
       332         24        148         56          0       9999   stm320518_eval.o
       108          6          0          0          0       1160   stm32f0xx_exti.o
       538         84          0          0          0       8158   stm32f0xx_flash.o
       158          0          0          0          0       2519   stm32f0xx_gpio.o
        10          0          0          0          0       2227   stm32f0xx_it.o
        80         10          0          0          0       1100   stm32f0xx_misc.o
       280         36          0         16          0       3113   stm32f0xx_rcc.o
        40          6          0          0          0        664   stm32f0xx_syscfg.o
       194         12          0          0          0       4578   stm32f0xx_usart.o
       248         22          0          0          0     120581   system_stm32f0xx.o
      1490         38          0          0          0       9200   ymodem.o

    ----------------------------------------------------------------------
      5652       1338        912         84       2308     176134   Object Totals
         0          0         32          0          0          0   (incl. Generated)
        16          0          3          0          4          0   (incl. Padding)

    ----------------------------------------------------------------------

      Code (inc. data)   RO Data    RW Data    ZI Data      Debug   Library Member Name

         0          0          0          0          0          0   entry.o
         0          0          0          0          0          0   entry10a.o
         0          0          0          0          0          0   entry11a.o
         8          4          0          0          0          0   entry2.o
         4          0          0          0          0          0   entry5.o
         0          0          0          0          0          0   entry7b.o
         0          0          0          0          0          0   entry8b.o
         8          4          0          0          0          0   entry9a.o
        30          0          0          0          0          0   handlers.o
        36          8          0          0          0         68   init.o
        36          0          0          0          0         60   memcpya.o
        44          0          0          0          0         72   uidiv.o

    ----------------------------------------------------------------------
       168         16          0          0          0        200   Library Totals
         2          0          0          0          0          0   (incl. Padding)

    ----------------------------------------------------------------------

      Code (inc. data)   RO Data    RW Data    ZI Data      Debug   Library Name

       166         16          0          0          0        200   mc_p.l

    ----------------------------------------------------------------------
       168         16          0          0          0        200   Library Totals

    ----------------------------------------------------------------------

==============================================================================


      Code (inc. data)   RO Data    RW Data    ZI Data      Debug   

      5820       1354        912         84       2308     173730   Grand Totals
      5820       1354        912         84       2308     173730   ELF Image Totals
      5820       1354        912         84          0          0   ROM Totals

==============================================================================

    Total RO  Size (Code + RO Data)                 6732 (   6.57kB)
    Total RW  Size (RW Data + ZI Data)              2392 (   2.34kB)
    Total ROM Size (Code + RO Data + RW Data)       6816 (   6.66kB)

==============================================================================

