ARM Linker, 5.03 [Build 69] [MDK-ARM Lite]

==============================================================================

Section Cross References

    startup_stm32f10x_hd.o(RESET) refers to startup_stm32f10x_hd.o(STACK) for __initial_sp
    startup_stm32f10x_hd.o(RESET) refers to startup_stm32f10x_hd.o(.text) for Reset_Handler
    startup_stm32f10x_hd.o(RESET) refers to stm32f10x_it.o(.text) for NMI_Handler
    startup_stm32f10x_hd.o(RESET) refers to systick.o(.text) for SysTick_Handler
    startup_stm32f10x_hd.o(.text) refers to system_stm32f10x.o(.text) for SystemInit
    startup_stm32f10x_hd.o(.text) refers to entry.o(.ARM.Collect$$$$00000000) for __main
    main.o(.text) refers to systick.o(.text) for SysTick_Init
    main.o(.text) refers to assignment1.o(.text) for I2C_MPU6050_Init
    main.o(.text) refers to assignment2.o(.text) for TIM1_Init
    main.o(.text) refers to assignment3.o(.text) for USART2_Config
    assignment1.o(.text) refers to stm32f10x_rcc.o(.text) for RCC_APB2PeriphClockCmd
    assignment1.o(.text) refers to stm32f10x_gpio.o(.text) for GPIO_Init
    assignment1.o(.text) refers to stm32f10x_i2c.o(.text) for I2C_Cmd
    assignment1.o(.text) refers to fadd.o(.text) for __aeabi_fsub
    assignment1.o(.text) refers to fmul.o(.text) for __aeabi_fmul
    assignment1.o(.text) refers to ffltui.o(.text) for __aeabi_ui2f
    assignment1.o(.text) refers to fdiv.o(.text) for __aeabi_fdiv
    assignment1.o(.text) refers to assignment1.o(.data) for I2C_MPU_ACCE_Read
    assignment1.o(.text) refers to assignment1.o(.bss) for Pdot
    assignment1.o(.text) refers to cfcmple.o(.text) for __aeabi_cfcmple
    assignment1.o(.text) refers to f2d.o(.text) for __aeabi_f2d
    assignment1.o(.text) refers to atan.o(i.atan) for atan
    assignment1.o(.text) refers to dmul.o(.text) for __aeabi_dmul
    assignment1.o(.text) refers to ddiv.o(.text) for __aeabi_ddiv
    assignment1.o(.text) refers to d2f.o(.text) for __aeabi_d2f
    assignment1.o(.text) refers to cfrcmple.o(.text) for __aeabi_cfrcmple
    assignment1.o(.text) refers to ffixi.o(.text) for __aeabi_f2iz
    assignment1.o(.text) refers to systick.o(.data) for Kp
    assignment2.o(.text) refers to stm32f10x_rcc.o(.text) for RCC_AHBPeriphClockCmd
    assignment2.o(.text) refers to stm32f10x_gpio.o(.text) for GPIO_Init
    assignment2.o(.text) refers to stm32f10x_dma.o(.text) for DMA_DeInit
    assignment2.o(.text) refers to stm32f10x_adc.o(.text) for ADC_Init
    assignment2.o(.text) refers to stm32f10x_tim.o(.text) for TIM_TimeBaseInit
    assignment2.o(.text) refers to dflti.o(.text) for __aeabi_i2d
    assignment2.o(.text) refers to dmul.o(.text) for __aeabi_dmul
    assignment2.o(.text) refers to dfixi.o(.text) for __aeabi_d2iz
    assignment2.o(.text) refers to assignment2.o(.data) for ADC_ConvertedValue
    assignment2.o(.text) refers to assignment1.o(.data) for int_PWM
    assignment3.o(.text) refers to stm32f10x_rcc.o(.text) for RCC_APB2PeriphClockCmd
    assignment3.o(.text) refers to stm32f10x_gpio.o(.text) for GPIO_Init
    assignment3.o(.text) refers to stm32f10x_usart.o(.text) for USART_Init
    systick.o(.text) refers to fadd.o(.text) for __aeabi_fadd
    systick.o(.text) refers to fdiv.o(.text) for __aeabi_fdiv
    systick.o(.text) refers to cfrcmple.o(.text) for __aeabi_cfrcmple
    systick.o(.text) refers to assignment1.o(.text) for Angle_Calcu
    systick.o(.text) refers to assignment2.o(.text) for Direction_Dispose
    systick.o(.text) refers to system_stm32f10x.o(.data) for SystemCoreClock
    systick.o(.text) refers to systick.o(.data) for a
    stm32f10x_rcc.o(.text) refers to stm32f10x_rcc.o(.data) for APBAHBPrescTable
    stm32f10x_gpio.o(.text) refers to stm32f10x_rcc.o(.text) for RCC_APB2PeriphResetCmd
    stm32f10x_usart.o(.text) refers to stm32f10x_rcc.o(.text) for RCC_APB2PeriphResetCmd
    stm32f10x_adc.o(.text) refers to stm32f10x_rcc.o(.text) for RCC_APB2PeriphResetCmd
    stm32f10x_i2c.o(.text) refers to stm32f10x_rcc.o(.text) for RCC_APB1PeriphResetCmd
    stm32f10x_tim.o(.text) refers to stm32f10x_rcc.o(.text) for RCC_APB2PeriphResetCmd
    system_stm32f10x.o(.text) refers to system_stm32f10x.o(.data) for SystemCoreClock
    atan.o(i.__softfp_atan) refers (Special) to iusefp.o(.text) for __I$use$fp
    atan.o(i.__softfp_atan) refers to atan.o(i.atan) for atan
    atan.o(i.atan) refers (Special) to iusefp.o(.text) for __I$use$fp
    atan.o(i.atan) refers to dscalb.o(.text) for __ARM_scalbn
    atan.o(i.atan) refers to fpclassify.o(i.__ARM_fpclassify) for __ARM_fpclassify
    atan.o(i.atan) refers to dunder.o(i.__mathlib_dbl_underflow) for __mathlib_dbl_underflow
    atan.o(i.atan) refers to dadd.o(.text) for __aeabi_dadd
    atan.o(i.atan) refers to ddiv.o(.text) for __aeabi_ddiv
    atan.o(i.atan) refers to dmul.o(.text) for __aeabi_dmul
    atan.o(i.atan) refers to poly.o(i.__kernel_poly) for __kernel_poly
    atan.o(i.atan) refers to atan.o(.constdata) for .constdata
    atan.o(.constdata) refers (Special) to iusefp.o(.text) for __I$use$fp
    atan_x.o(i.____softfp_atan$lsc) refers (Special) to iusefp.o(.text) for __I$use$fp
    atan_x.o(i.____softfp_atan$lsc) refers to atan_x.o(i.__atan$lsc) for __atan$lsc
    atan_x.o(i.__atan$lsc) refers (Special) to iusefp.o(.text) for __I$use$fp
    atan_x.o(i.__atan$lsc) refers to dscalb.o(.text) for __ARM_scalbn
    atan_x.o(i.__atan$lsc) refers to dadd.o(.text) for __aeabi_dadd
    atan_x.o(i.__atan$lsc) refers to ddiv.o(.text) for __aeabi_ddiv
    atan_x.o(i.__atan$lsc) refers to dmul.o(.text) for __aeabi_dmul
    atan_x.o(i.__atan$lsc) refers to poly.o(i.__kernel_poly) for __kernel_poly
    atan_x.o(i.__atan$lsc) refers to atan_x.o(.constdata) for .constdata
    atan_x.o(.constdata) refers (Special) to iusefp.o(.text) for __I$use$fp
    entry.o(.ARM.Collect$$$$00000000) refers (Special) to entry10a.o(.ARM.Collect$$$$0000000D) for __rt_final_cpp
    entry.o(.ARM.Collect$$$$00000000) refers (Special) to entry11a.o(.ARM.Collect$$$$0000000F) for __rt_final_exit
    entry.o(.ARM.Collect$$$$00000000) refers (Special) to entry7b.o(.ARM.Collect$$$$00000008) for _main_clock
    entry.o(.ARM.Collect$$$$00000000) refers (Special) to entry8b.o(.ARM.Collect$$$$0000000A) for _main_cpp_init
    entry.o(.ARM.Collect$$$$00000000) refers (Special) to entry9a.o(.ARM.Collect$$$$0000000B) for _main_init
    entry.o(.ARM.Collect$$$$00000000) refers (Special) to entry5.o(.ARM.Collect$$$$00000004) for _main_scatterload
    entry.o(.ARM.Collect$$$$00000000) refers (Special) to entry2.o(.ARM.Collect$$$$00000001) for _main_stk
    fadd.o(.text) refers (Special) to iusefp.o(.text) for __I$use$fp
    fadd.o(.text) refers to fepilogue.o(.text) for _float_epilogue
    fmul.o(.text) refers (Special) to iusefp.o(.text) for __I$use$fp
    fdiv.o(.text) refers (Special) to iusefp.o(.text) for __I$use$fp
    fdiv.o(.text) refers to fepilogue.o(.text) for _float_round
    dmul.o(.text) refers (Special) to iusefp.o(.text) for __I$use$fp
    dmul.o(.text) refers to depilogue.o(.text) for _double_epilogue
    ddiv.o(.text) refers (Special) to iusefp.o(.text) for __I$use$fp
    ddiv.o(.text) refers to depilogue.o(.text) for _double_round
    ffltui.o(.text) refers (Special) to iusefp.o(.text) for __I$use$fp
    ffltui.o(.text) refers to fepilogue.o(.text) for _float_epilogue
    dflti.o(.text) refers (Special) to iusefp.o(.text) for __I$use$fp
    dflti.o(.text) refers to depilogue.o(.text) for _double_epilogue
    ffixi.o(.text) refers (Special) to iusefp.o(.text) for __I$use$fp
    dfixi.o(.text) refers (Special) to iusefp.o(.text) for __I$use$fp
    dfixi.o(.text) refers to llushr.o(.text) for __aeabi_llsr
    f2d.o(.text) refers (Special) to iusefp.o(.text) for __I$use$fp
    d2f.o(.text) refers (Special) to iusefp.o(.text) for __I$use$fp
    d2f.o(.text) refers to fepilogue.o(.text) for _float_round
    cfcmple.o(.text) refers (Special) to iusefp.o(.text) for __I$use$fp
    cfrcmple.o(.text) refers (Special) to iusefp.o(.text) for __I$use$fp
    dunder.o(i.__mathlib_dbl_underflow) refers to dscalb.o(.text) for __ARM_scalbn
    fpclassify.o(i.__ARM_fpclassify) refers (Special) to iusefp.o(.text) for __I$use$fp
    poly.o(i.__kernel_poly) refers (Special) to iusefp.o(.text) for __I$use$fp
    poly.o(i.__kernel_poly) refers to dmul.o(.text) for __aeabi_dmul
    poly.o(i.__kernel_poly) refers to dadd.o(.text) for __aeabi_dadd
    entry2.o(.ARM.Collect$$$$00000001) refers to entry2.o(.ARM.Collect$$$$00002712) for __lit__00000000
    entry2.o(.ARM.Collect$$$$00002712) refers to startup_stm32f10x_hd.o(STACK) for __initial_sp
    entry2.o(__vectab_stack_and_reset_area) refers to startup_stm32f10x_hd.o(STACK) for __initial_sp
    entry2.o(__vectab_stack_and_reset_area) refers to entry.o(.ARM.Collect$$$$00000000) for __main
    entry5.o(.ARM.Collect$$$$00000004) refers to init.o(.text) for __scatterload
    entry9a.o(.ARM.Collect$$$$0000000B) refers to main.o(.text) for main
    entry9b.o(.ARM.Collect$$$$0000000C) refers to main.o(.text) for main
    depilogue.o(.text) refers to llshl.o(.text) for __aeabi_llsl
    depilogue.o(.text) refers to llushr.o(.text) for __aeabi_llsr
    dadd.o(.text) refers to llshl.o(.text) for __aeabi_llsl
    dadd.o(.text) refers to llsshr.o(.text) for __aeabi_lasr
    dadd.o(.text) refers to depilogue.o(.text) for _double_epilogue
    init.o(.text) refers to entry5.o(.ARM.Collect$$$$00000004) for __main_after_scatterload


==============================================================================

Removing Unused input sections from the image.

    Removing startup_stm32f10x_hd.o(HEAP), (512 bytes).
    Removing stm32f10x_it.o(.data), (16 bytes).
    Removing misc.o(.text), (220 bytes).
    Removing stm32f10x_exti.o(.text), (284 bytes).
    Removing core_cm3.o(.emb_text), (32 bytes).

5 unused section(s) (total 1064 bytes) removed from the image.

==============================================================================

Image Symbol Table

    Local Symbols

    Symbol Name                              Value     Ov Type        Size  Object(Section)

    ../clib/microlib/init/entry.s            0x00000000   Number         0  entry10a.o ABSOLUTE
    ../clib/microlib/init/entry.s            0x00000000   Number         0  entry.o ABSOLUTE
    ../clib/microlib/init/entry.s            0x00000000   Number         0  entry2.o ABSOLUTE
    ../clib/microlib/init/entry.s            0x00000000   Number         0  entry5.o ABSOLUTE
    ../clib/microlib/init/entry.s            0x00000000   Number         0  entry11a.o ABSOLUTE
    ../clib/microlib/init/entry.s            0x00000000   Number         0  entry7a.o ABSOLUTE
    ../clib/microlib/init/entry.s            0x00000000   Number         0  entry8b.o ABSOLUTE
    ../clib/microlib/init/entry.s            0x00000000   Number         0  entry7b.o ABSOLUTE
    ../clib/microlib/init/entry.s            0x00000000   Number         0  entry8a.o ABSOLUTE
    ../clib/microlib/init/entry.s            0x00000000   Number         0  entry10b.o ABSOLUTE
    ../clib/microlib/init/entry.s            0x00000000   Number         0  entry11b.o ABSOLUTE
    ../clib/microlib/init/entry.s            0x00000000   Number         0  entry9a.o ABSOLUTE
    ../clib/microlib/init/entry.s            0x00000000   Number         0  entry9b.o ABSOLUTE
    ../clib/microlib/longlong.c              0x00000000   Number         0  llshl.o ABSOLUTE
    ../clib/microlib/longlong.c              0x00000000   Number         0  llsshr.o ABSOLUTE
    ../clib/microlib/longlong.c              0x00000000   Number         0  llushr.o ABSOLUTE
    ../clib/microlib/stubs.s                 0x00000000   Number         0  iusefp.o ABSOLUTE
    ../fplib/microlib/d2f.c                  0x00000000   Number         0  d2f.o ABSOLUTE
    ../fplib/microlib/f2d.c                  0x00000000   Number         0  f2d.o ABSOLUTE
    ../fplib/microlib/fpadd.c                0x00000000   Number         0  fadd.o ABSOLUTE
    ../fplib/microlib/fpadd.c                0x00000000   Number         0  dadd.o ABSOLUTE
    ../fplib/microlib/fpdiv.c                0x00000000   Number         0  fdiv.o ABSOLUTE
    ../fplib/microlib/fpdiv.c                0x00000000   Number         0  ddiv.o ABSOLUTE
    ../fplib/microlib/fpepilogue.c           0x00000000   Number         0  depilogue.o ABSOLUTE
    ../fplib/microlib/fpepilogue.c           0x00000000   Number         0  fepilogue.o ABSOLUTE
    ../fplib/microlib/fpfix.c                0x00000000   Number         0  dfixi.o ABSOLUTE
    ../fplib/microlib/fpfix.c                0x00000000   Number         0  ffixi.o ABSOLUTE
    ../fplib/microlib/fpflt.c                0x00000000   Number         0  dflti.o ABSOLUTE
    ../fplib/microlib/fpflt.c                0x00000000   Number         0  ffltui.o ABSOLUTE
    ../fplib/microlib/fpmul.c                0x00000000   Number         0  fmul.o ABSOLUTE
    ../fplib/microlib/fpmul.c                0x00000000   Number         0  dmul.o ABSOLUTE
    ../fplib/microlib/fpscalb.c              0x00000000   Number         0  dscalb.o ABSOLUTE
    ../mathlib/atan.c                        0x00000000   Number         0  atan_x.o ABSOLUTE
    ../mathlib/atan.c                        0x00000000   Number         0  atan.o ABSOLUTE
    ../mathlib/dunder.c                      0x00000000   Number         0  dunder.o ABSOLUTE
    ../mathlib/fpclassify.c                  0x00000000   Number         0  fpclassify.o ABSOLUTE
    ../mathlib/poly.c                        0x00000000   Number         0  poly.o ABSOLUTE
    ..\CMSIS\core_cm3.c                      0x00000000   Number         0  core_cm3.o ABSOLUTE
    ..\CMSIS\startup\startup_stm32f10x_hd.s  0x00000000   Number         0  startup_stm32f10x_hd.o ABSOLUTE
    ..\CMSIS\system_stm32f10x.c              0x00000000   Number         0  system_stm32f10x.o ABSOLUTE
    ..\FWlib\src\misc.c                      0x00000000   Number         0  misc.o ABSOLUTE
    ..\FWlib\src\stm32f10x_adc.c             0x00000000   Number         0  stm32f10x_adc.o ABSOLUTE
    ..\FWlib\src\stm32f10x_dma.c             0x00000000   Number         0  stm32f10x_dma.o ABSOLUTE
    ..\FWlib\src\stm32f10x_exti.c            0x00000000   Number         0  stm32f10x_exti.o ABSOLUTE
    ..\FWlib\src\stm32f10x_gpio.c            0x00000000   Number         0  stm32f10x_gpio.o ABSOLUTE
    ..\FWlib\src\stm32f10x_i2c.c             0x00000000   Number         0  stm32f10x_i2c.o ABSOLUTE
    ..\FWlib\src\stm32f10x_rcc.c             0x00000000   Number         0  stm32f10x_rcc.o ABSOLUTE
    ..\FWlib\src\stm32f10x_tim.c             0x00000000   Number         0  stm32f10x_tim.o ABSOLUTE
    ..\FWlib\src\stm32f10x_usart.c           0x00000000   Number         0  stm32f10x_usart.o ABSOLUTE
    ..\\CMSIS\\core_cm3.c                    0x00000000   Number         0  core_cm3.o ABSOLUTE
    SysTick.c                                0x00000000   Number         0  systick.o ABSOLUTE
    assignment1.c                            0x00000000   Number         0  assignment1.o ABSOLUTE
    assignment2.c                            0x00000000   Number         0  assignment2.o ABSOLUTE
    assignment3.c                            0x00000000   Number         0  assignment3.o ABSOLUTE
    cfcmple.s                                0x00000000   Number         0  cfcmple.o ABSOLUTE
    cfrcmple.s                               0x00000000   Number         0  cfrcmple.o ABSOLUTE
    dc.s                                     0x00000000   Number         0  dc.o ABSOLUTE
    handlers.s                               0x00000000   Number         0  handlers.o ABSOLUTE
    init.s                                   0x00000000   Number         0  init.o ABSOLUTE
    main.c                                   0x00000000   Number         0  main.o ABSOLUTE
    stm32f10x_it.c                           0x00000000   Number         0  stm32f10x_it.o ABSOLUTE
    RESET                                    0x08000000   Section      304  startup_stm32f10x_hd.o(RESET)
    .ARM.Collect$$$$00000000                 0x08000130   Section        0  entry.o(.ARM.Collect$$$$00000000)
    .ARM.Collect$$$$00000001                 0x08000130   Section        4  entry2.o(.ARM.Collect$$$$00000001)
    .ARM.Collect$$$$00000004                 0x08000134   Section        4  entry5.o(.ARM.Collect$$$$00000004)
    .ARM.Collect$$$$00000008                 0x08000138   Section        0  entry7b.o(.ARM.Collect$$$$00000008)
    .ARM.Collect$$$$0000000A                 0x08000138   Section        0  entry8b.o(.ARM.Collect$$$$0000000A)
    .ARM.Collect$$$$0000000B                 0x08000138   Section        8  entry9a.o(.ARM.Collect$$$$0000000B)
    .ARM.Collect$$$$0000000D                 0x08000140   Section        0  entry10a.o(.ARM.Collect$$$$0000000D)
    .ARM.Collect$$$$0000000F                 0x08000140   Section        0  entry11a.o(.ARM.Collect$$$$0000000F)
    .ARM.Collect$$$$00002712                 0x08000140   Section        4  entry2.o(.ARM.Collect$$$$00002712)
    __lit__00000000                          0x08000140   Data           4  entry2.o(.ARM.Collect$$$$00002712)
    .text                                    0x08000144   Section       36  startup_stm32f10x_hd.o(.text)
    .text                                    0x08000168   Section        0  main.o(.text)
    .text                                    0x08000188   Section        0  stm32f10x_it.o(.text)
    .text                                    0x080001a0   Section        0  assignment1.o(.text)
    I2C_GPIO_Config                          0x080001d3   Thumb Code    46  assignment1.o(.text)
    I2C_Mode_Config                          0x08000201   Thumb Code    66  assignment1.o(.text)
    I2C_MPU_ByteWrite                        0x08000243   Thumb Code   126  assignment1.o(.text)
    .text                                    0x080008f8   Section        0  assignment2.o(.text)
    ADC1_GPIO_Config                         0x080008f9   Thumb Code    42  assignment2.o(.text)
    ADC1_Mode_Config                         0x08000923   Thumb Code   252  assignment2.o(.text)
    .text                                    0x08000d0c   Section        0  assignment3.o(.text)
    itoa                                     0x08000d9f   Thumb Code    98  assignment3.o(.text)
    .text                                    0x08000f10   Section        0  systick.o(.text)
    .text                                    0x08000fc0   Section        0  stm32f10x_rcc.o(.text)
    .text                                    0x08001364   Section        0  stm32f10x_gpio.o(.text)
    .text                                    0x080016bc   Section        0  stm32f10x_usart.o(.text)
    .text                                    0x08001ac4   Section        0  stm32f10x_adc.o(.text)
    .text                                    0x08001f14   Section        0  stm32f10x_dma.o(.text)
    .text                                    0x08002164   Section        0  stm32f10x_i2c.o(.text)
    .text                                    0x08002568   Section        0  stm32f10x_tim.o(.text)
    TI4_Config                               0x08002a0f   Thumb Code   130  stm32f10x_tim.o(.text)
    TI3_Config                               0x08002aa3   Thumb Code   122  stm32f10x_tim.o(.text)
    TI2_Config                               0x08002b37   Thumb Code   130  stm32f10x_tim.o(.text)
    TI1_Config                               0x08002bcb   Thumb Code   108  stm32f10x_tim.o(.text)
    .text                                    0x08003384   Section        0  system_stm32f10x.o(.text)
    SetSysClockTo72                          0x08003385   Thumb Code   212  system_stm32f10x.o(.text)
    SetSysClock                              0x08003459   Thumb Code     8  system_stm32f10x.o(.text)
    .text                                    0x08003560   Section        0  fadd.o(.text)
    .text                                    0x08003610   Section        0  fmul.o(.text)
    .text                                    0x0800367c   Section        0  fdiv.o(.text)
    .text                                    0x080036fc   Section        0  dmul.o(.text)
    .text                                    0x080037e0   Section        0  ddiv.o(.text)
    .text                                    0x080038be   Section        0  ffltui.o(.text)
    .text                                    0x080038c8   Section        0  dflti.o(.text)
    .text                                    0x080038ea   Section        0  ffixi.o(.text)
    .text                                    0x0800391c   Section        0  dfixi.o(.text)
    .text                                    0x0800395a   Section        0  f2d.o(.text)
    .text                                    0x08003980   Section        0  d2f.o(.text)
    .text                                    0x080039b8   Section       20  cfcmple.o(.text)
    .text                                    0x080039cc   Section       20  cfrcmple.o(.text)
    .text                                    0x080039e0   Section        0  llushr.o(.text)
    .text                                    0x08003a00   Section        0  iusefp.o(.text)
    .text                                    0x08003a00   Section        0  fepilogue.o(.text)
    .text                                    0x08003a6c   Section        0  depilogue.o(.text)
    .text                                    0x08003b2a   Section        0  dadd.o(.text)
    .text                                    0x08003c78   Section        0  dscalb.o(.text)
    .text                                    0x08003ca8   Section       36  init.o(.text)
    .text                                    0x08003ccc   Section        0  llshl.o(.text)
    .text                                    0x08003cea   Section        0  llsshr.o(.text)
    i.__ARM_fpclassify                       0x08003d0e   Section        0  fpclassify.o(i.__ARM_fpclassify)
    i.__kernel_poly                          0x08003d36   Section        0  poly.o(i.__kernel_poly)
    i.__mathlib_dbl_underflow                0x08003de0   Section        0  dunder.o(i.__mathlib_dbl_underflow)
    i.__scatterload_copy                     0x08003df0   Section       14  handlers.o(i.__scatterload_copy)
    i.__scatterload_null                     0x08003dfe   Section        2  handlers.o(i.__scatterload_null)
    i.__scatterload_zeroinit                 0x08003e00   Section       14  handlers.o(i.__scatterload_zeroinit)
    i.atan                                   0x08003e10   Section        0  atan.o(i.atan)
    .constdata                               0x08004038   Section      152  atan.o(.constdata)
    atanhi                                   0x08004038   Data          32  atan.o(.constdata)
    atanlo                                   0x08004058   Data          32  atan.o(.constdata)
    aTodd                                    0x08004078   Data          40  atan.o(.constdata)
    aTeven                                   0x080040a0   Data          48  atan.o(.constdata)
    .data                                    0x20000000   Section      168  assignment1.o(.data)
    Kd                                       0x20000024   Data           4  assignment1.o(.data)
    .data                                    0x200000a8   Section       32  assignment2.o(.data)
    .data                                    0x200000c8   Section        8  systick.o(.data)
    .data                                    0x200000d0   Section       20  stm32f10x_rcc.o(.data)
    APBAHBPrescTable                         0x200000d0   Data          16  stm32f10x_rcc.o(.data)
    ADCPrescTable                            0x200000e0   Data           4  stm32f10x_rcc.o(.data)
    .data                                    0x200000e4   Section       20  system_stm32f10x.o(.data)
    .bss                                     0x200000f8   Section       16  assignment1.o(.bss)
    STACK                                    0x20000108   Section     1024  startup_stm32f10x_hd.o(STACK)

    Global Symbols

    Symbol Name                              Value     Ov Type        Size  Object(Section)

    BuildAttributes$$THM_ISAv4$P$D$K$B$S$PE$A:L22UL41UL21$X:L11$S22US41US21$IEEE1$IW$USESV6$~STKCKD$USESV7$~SHL$OTIME$ROPI$IEEEX$EBA8$MICROLIB$REQ8$PRES8$EABIv2 0x00000000   Number         0  anon$$obj.o ABSOLUTE
    __ARM_use_no_argv                        0x00000000   Number         0  main.o ABSOLUTE
    __cpp_initialize__aeabi_                  - Undefined Weak Reference
    __cxa_finalize                            - Undefined Weak Reference
    __decompress                              - Undefined Weak Reference
    _clock_init                               - Undefined Weak Reference
    _microlib_exit                            - Undefined Weak Reference
    __Vectors_Size                           0x00000130   Number         0  startup_stm32f10x_hd.o ABSOLUTE
    __Vectors                                0x08000000   Data           4  startup_stm32f10x_hd.o(RESET)
    __Vectors_End                            0x08000130   Data           0  startup_stm32f10x_hd.o(RESET)
    __main                                   0x08000131   Thumb Code     0  entry.o(.ARM.Collect$$$$00000000)
    _main_stk                                0x08000131   Thumb Code     0  entry2.o(.ARM.Collect$$$$00000001)
    _main_scatterload                        0x08000135   Thumb Code     0  entry5.o(.ARM.Collect$$$$00000004)
    __main_after_scatterload                 0x08000139   Thumb Code     0  entry5.o(.ARM.Collect$$$$00000004)
    _main_clock                              0x08000139   Thumb Code     0  entry7b.o(.ARM.Collect$$$$00000008)
    _main_cpp_init                           0x08000139   Thumb Code     0  entry8b.o(.ARM.Collect$$$$0000000A)
    _main_init                               0x08000139   Thumb Code     0  entry9a.o(.ARM.Collect$$$$0000000B)
    __rt_final_cpp                           0x08000141   Thumb Code     0  entry10a.o(.ARM.Collect$$$$0000000D)
    __rt_final_exit                          0x08000141   Thumb Code     0  entry11a.o(.ARM.Collect$$$$0000000F)
    Reset_Handler                            0x08000145   Thumb Code     8  startup_stm32f10x_hd.o(.text)
    ADC1_2_IRQHandler                        0x0800015f   Thumb Code     0  startup_stm32f10x_hd.o(.text)
    ADC3_IRQHandler                          0x0800015f   Thumb Code     0  startup_stm32f10x_hd.o(.text)
    CAN1_RX1_IRQHandler                      0x0800015f   Thumb Code     0  startup_stm32f10x_hd.o(.text)
    CAN1_SCE_IRQHandler                      0x0800015f   Thumb Code     0  startup_stm32f10x_hd.o(.text)
    DMA1_Channel1_IRQHandler                 0x0800015f   Thumb Code     0  startup_stm32f10x_hd.o(.text)
    DMA1_Channel2_IRQHandler                 0x0800015f   Thumb Code     0  startup_stm32f10x_hd.o(.text)
    DMA1_Channel3_IRQHandler                 0x0800015f   Thumb Code     0  startup_stm32f10x_hd.o(.text)
    DMA1_Channel4_IRQHandler                 0x0800015f   Thumb Code     0  startup_stm32f10x_hd.o(.text)
    DMA1_Channel5_IRQHandler                 0x0800015f   Thumb Code     0  startup_stm32f10x_hd.o(.text)
    DMA1_Channel6_IRQHandler                 0x0800015f   Thumb Code     0  startup_stm32f10x_hd.o(.text)
    DMA1_Channel7_IRQHandler                 0x0800015f   Thumb Code     0  startup_stm32f10x_hd.o(.text)
    DMA2_Channel1_IRQHandler                 0x0800015f   Thumb Code     0  startup_stm32f10x_hd.o(.text)
    DMA2_Channel2_IRQHandler                 0x0800015f   Thumb Code     0  startup_stm32f10x_hd.o(.text)
    DMA2_Channel3_IRQHandler                 0x0800015f   Thumb Code     0  startup_stm32f10x_hd.o(.text)
    DMA2_Channel4_5_IRQHandler               0x0800015f   Thumb Code     0  startup_stm32f10x_hd.o(.text)
    EXTI0_IRQHandler                         0x0800015f   Thumb Code     0  startup_stm32f10x_hd.o(.text)
    EXTI15_10_IRQHandler                     0x0800015f   Thumb Code     0  startup_stm32f10x_hd.o(.text)
    EXTI1_IRQHandler                         0x0800015f   Thumb Code     0  startup_stm32f10x_hd.o(.text)
    EXTI2_IRQHandler                         0x0800015f   Thumb Code     0  startup_stm32f10x_hd.o(.text)
    EXTI3_IRQHandler                         0x0800015f   Thumb Code     0  startup_stm32f10x_hd.o(.text)
    EXTI4_IRQHandler                         0x0800015f   Thumb Code     0  startup_stm32f10x_hd.o(.text)
    EXTI9_5_IRQHandler                       0x0800015f   Thumb Code     0  startup_stm32f10x_hd.o(.text)
    FLASH_IRQHandler                         0x0800015f   Thumb Code     0  startup_stm32f10x_hd.o(.text)
    FSMC_IRQHandler                          0x0800015f   Thumb Code     0  startup_stm32f10x_hd.o(.text)
    I2C1_ER_IRQHandler                       0x0800015f   Thumb Code     0  startup_stm32f10x_hd.o(.text)
    I2C1_EV_IRQHandler                       0x0800015f   Thumb Code     0  startup_stm32f10x_hd.o(.text)
    I2C2_ER_IRQHandler                       0x0800015f   Thumb Code     0  startup_stm32f10x_hd.o(.text)
    I2C2_EV_IRQHandler                       0x0800015f   Thumb Code     0  startup_stm32f10x_hd.o(.text)
    PVD_IRQHandler                           0x0800015f   Thumb Code     0  startup_stm32f10x_hd.o(.text)
    RCC_IRQHandler                           0x0800015f   Thumb Code     0  startup_stm32f10x_hd.o(.text)
    RTCAlarm_IRQHandler                      0x0800015f   Thumb Code     0  startup_stm32f10x_hd.o(.text)
    RTC_IRQHandler                           0x0800015f   Thumb Code     0  startup_stm32f10x_hd.o(.text)
    SDIO_IRQHandler                          0x0800015f   Thumb Code     0  startup_stm32f10x_hd.o(.text)
    SPI1_IRQHandler                          0x0800015f   Thumb Code     0  startup_stm32f10x_hd.o(.text)
    SPI2_IRQHandler                          0x0800015f   Thumb Code     0  startup_stm32f10x_hd.o(.text)
    SPI3_IRQHandler                          0x0800015f   Thumb Code     0  startup_stm32f10x_hd.o(.text)
    TAMPER_IRQHandler                        0x0800015f   Thumb Code     0  startup_stm32f10x_hd.o(.text)
    TIM1_BRK_IRQHandler                      0x0800015f   Thumb Code     0  startup_stm32f10x_hd.o(.text)
    TIM1_CC_IRQHandler                       0x0800015f   Thumb Code     0  startup_stm32f10x_hd.o(.text)
    TIM1_TRG_COM_IRQHandler                  0x0800015f   Thumb Code     0  startup_stm32f10x_hd.o(.text)
    TIM1_UP_IRQHandler                       0x0800015f   Thumb Code     0  startup_stm32f10x_hd.o(.text)
    TIM2_IRQHandler                          0x0800015f   Thumb Code     0  startup_stm32f10x_hd.o(.text)
    TIM3_IRQHandler                          0x0800015f   Thumb Code     0  startup_stm32f10x_hd.o(.text)
    TIM4_IRQHandler                          0x0800015f   Thumb Code     0  startup_stm32f10x_hd.o(.text)
    TIM5_IRQHandler                          0x0800015f   Thumb Code     0  startup_stm32f10x_hd.o(.text)
    TIM6_IRQHandler                          0x0800015f   Thumb Code     0  startup_stm32f10x_hd.o(.text)
    TIM7_IRQHandler                          0x0800015f   Thumb Code     0  startup_stm32f10x_hd.o(.text)
    TIM8_BRK_IRQHandler                      0x0800015f   Thumb Code     0  startup_stm32f10x_hd.o(.text)
    TIM8_CC_IRQHandler                       0x0800015f   Thumb Code     0  startup_stm32f10x_hd.o(.text)
    TIM8_TRG_COM_IRQHandler                  0x0800015f   Thumb Code     0  startup_stm32f10x_hd.o(.text)
    TIM8_UP_IRQHandler                       0x0800015f   Thumb Code     0  startup_stm32f10x_hd.o(.text)
    UART4_IRQHandler                         0x0800015f   Thumb Code     0  startup_stm32f10x_hd.o(.text)
    UART5_IRQHandler                         0x0800015f   Thumb Code     0  startup_stm32f10x_hd.o(.text)
    USART1_IRQHandler                        0x0800015f   Thumb Code     0  startup_stm32f10x_hd.o(.text)
    USART2_IRQHandler                        0x0800015f   Thumb Code     0  startup_stm32f10x_hd.o(.text)
    USART3_IRQHandler                        0x0800015f   Thumb Code     0  startup_stm32f10x_hd.o(.text)
    USBWakeUp_IRQHandler                     0x0800015f   Thumb Code     0  startup_stm32f10x_hd.o(.text)
    USB_HP_CAN1_TX_IRQHandler                0x0800015f   Thumb Code     0  startup_stm32f10x_hd.o(.text)
    USB_LP_CAN1_RX0_IRQHandler               0x0800015f   Thumb Code     0  startup_stm32f10x_hd.o(.text)
    WWDG_IRQHandler                          0x0800015f   Thumb Code     0  startup_stm32f10x_hd.o(.text)
    main                                     0x08000169   Thumb Code    32  main.o(.text)
    NMI_Handler                              0x08000189   Thumb Code     2  stm32f10x_it.o(.text)
    HardFault_Handler                        0x0800018b   Thumb Code     4  stm32f10x_it.o(.text)
    MemManage_Handler                        0x0800018f   Thumb Code     4  stm32f10x_it.o(.text)
    BusFault_Handler                         0x08000193   Thumb Code     4  stm32f10x_it.o(.text)
    UsageFault_Handler                       0x08000197   Thumb Code     4  stm32f10x_it.o(.text)
    SVC_Handler                              0x0800019b   Thumb Code     2  stm32f10x_it.o(.text)
    DebugMon_Handler                         0x0800019d   Thumb Code     2  stm32f10x_it.o(.text)
    PendSV_Handler                           0x0800019f   Thumb Code     2  stm32f10x_it.o(.text)
    Delay_us                                 0x080001a1   Thumb Code    26  assignment1.o(.text)
    Delay_ms                                 0x080001bb   Thumb Code    24  assignment1.o(.text)
    I2C_MPU_ByteRead                         0x080002c1   Thumb Code   210  assignment1.o(.text)
    I2C_MPU6050_Init                         0x08000393   Thumb Code    12  assignment1.o(.text)
    InitMPU6050                              0x0800039f   Thumb Code    44  assignment1.o(.text)
    ACCE_Data_Z                              0x080003cb   Thumb Code    26  assignment1.o(.text)
    ACCE_Data_X                              0x080003e5   Thumb Code    26  assignment1.o(.text)
    ACCE_Data_Y                              0x080003ff   Thumb Code    26  assignment1.o(.text)
    GYRO_Data_Y                              0x08000419   Thumb Code    26  assignment1.o(.text)
    Kalman_Filter                            0x08000433   Thumb Code   656  assignment1.o(.text)
    Angle_Calcu                              0x080006c3   Thumb Code   384  assignment1.o(.text)
    PWM_Calcu                                0x08000843   Thumb Code    76  assignment1.o(.text)
    ADC1_Init                                0x08000a1f   Thumb Code    12  assignment2.o(.text)
    TIM1_Mode_Init                           0x08000a2b   Thumb Code   232  assignment2.o(.text)
    RCC_Configuration                        0x08000b13   Thumb Code    14  assignment2.o(.text)
    GPIO_Configuration                       0x08000b21   Thumb Code    62  assignment2.o(.text)
    TIM1_Init                                0x08000b5f   Thumb Code    16  assignment2.o(.text)
    Direction_Init                           0x08000b6f   Thumb Code    10  assignment2.o(.text)
    Direction_Dispose                        0x08000b79   Thumb Code   334  assignment2.o(.text)
    USART2_Config                            0x08000d0d   Thumb Code   116  assignment3.o(.text)
    fputc                                    0x08000d81   Thumb Code    30  assignment3.o(.text)
    USART2_printf                            0x08000e01   Thumb Code   262  assignment3.o(.text)
    SysTick_Init                             0x08000f11   Thumb Code    82  systick.o(.text)
    SysTick_Handler                          0x08000f63   Thumb Code    64  systick.o(.text)
    RCC_DeInit                               0x08000fc1   Thumb Code    64  stm32f10x_rcc.o(.text)
    RCC_HSEConfig                            0x08001001   Thumb Code    70  stm32f10x_rcc.o(.text)
    RCC_GetFlagStatus                        0x08001047   Thumb Code    56  stm32f10x_rcc.o(.text)
    RCC_WaitForHSEStartUp                    0x0800107f   Thumb Code    56  stm32f10x_rcc.o(.text)
    RCC_AdjustHSICalibrationValue            0x080010b7   Thumb Code    20  stm32f10x_rcc.o(.text)
    RCC_HSICmd                               0x080010cb   Thumb Code     6  stm32f10x_rcc.o(.text)
    RCC_PLLConfig                            0x080010d1   Thumb Code    24  stm32f10x_rcc.o(.text)
    RCC_PLLCmd                               0x080010e9   Thumb Code     6  stm32f10x_rcc.o(.text)
    RCC_SYSCLKConfig                         0x080010ef   Thumb Code    18  stm32f10x_rcc.o(.text)
    RCC_GetSYSCLKSource                      0x08001101   Thumb Code    10  stm32f10x_rcc.o(.text)
    RCC_HCLKConfig                           0x0800110b   Thumb Code    18  stm32f10x_rcc.o(.text)
    RCC_PCLK1Config                          0x0800111d   Thumb Code    18  stm32f10x_rcc.o(.text)
    RCC_PCLK2Config                          0x0800112f   Thumb Code    20  stm32f10x_rcc.o(.text)
    RCC_ITConfig                             0x08001143   Thumb Code    26  stm32f10x_rcc.o(.text)
    RCC_USBCLKConfig                         0x0800115d   Thumb Code     6  stm32f10x_rcc.o(.text)
    RCC_ADCCLKConfig                         0x08001163   Thumb Code    18  stm32f10x_rcc.o(.text)
    RCC_LSEConfig                            0x08001175   Thumb Code    44  stm32f10x_rcc.o(.text)
    RCC_LSICmd                               0x080011a1   Thumb Code     6  stm32f10x_rcc.o(.text)
    RCC_RTCCLKConfig                         0x080011a7   Thumb Code    12  stm32f10x_rcc.o(.text)
    RCC_RTCCLKCmd                            0x080011b3   Thumb Code     8  stm32f10x_rcc.o(.text)
    RCC_GetClocksFreq                        0x080011bb   Thumb Code   192  stm32f10x_rcc.o(.text)
    RCC_AHBPeriphClockCmd                    0x0800127b   Thumb Code    26  stm32f10x_rcc.o(.text)
    RCC_APB2PeriphClockCmd                   0x08001295   Thumb Code    26  stm32f10x_rcc.o(.text)
    RCC_APB1PeriphClockCmd                   0x080012af   Thumb Code    26  stm32f10x_rcc.o(.text)
    RCC_APB2PeriphResetCmd                   0x080012c9   Thumb Code    26  stm32f10x_rcc.o(.text)
    RCC_APB1PeriphResetCmd                   0x080012e3   Thumb Code    26  stm32f10x_rcc.o(.text)
    RCC_BackupResetCmd                       0x080012fd   Thumb Code     8  stm32f10x_rcc.o(.text)
    RCC_ClockSecuritySystemCmd               0x08001305   Thumb Code     6  stm32f10x_rcc.o(.text)
    RCC_MCOConfig                            0x0800130b   Thumb Code     6  stm32f10x_rcc.o(.text)
    RCC_ClearFlag                            0x08001311   Thumb Code    14  stm32f10x_rcc.o(.text)
    RCC_GetITStatus                          0x0800131f   Thumb Code    20  stm32f10x_rcc.o(.text)
    RCC_ClearITPendingBit                    0x08001333   Thumb Code     6  stm32f10x_rcc.o(.text)
    GPIO_DeInit                              0x08001365   Thumb Code   172  stm32f10x_gpio.o(.text)
    GPIO_AFIODeInit                          0x08001411   Thumb Code    20  stm32f10x_gpio.o(.text)
    GPIO_Init                                0x08001425   Thumb Code   274  stm32f10x_gpio.o(.text)
    GPIO_StructInit                          0x08001537   Thumb Code    16  stm32f10x_gpio.o(.text)
    GPIO_ReadInputDataBit                    0x08001547   Thumb Code    18  stm32f10x_gpio.o(.text)
    GPIO_ReadInputData                       0x08001559   Thumb Code     8  stm32f10x_gpio.o(.text)
    GPIO_ReadOutputDataBit                   0x08001561   Thumb Code    18  stm32f10x_gpio.o(.text)
    GPIO_ReadOutputData                      0x08001573   Thumb Code     8  stm32f10x_gpio.o(.text)
    GPIO_SetBits                             0x0800157b   Thumb Code     4  stm32f10x_gpio.o(.text)
    GPIO_ResetBits                           0x0800157f   Thumb Code     4  stm32f10x_gpio.o(.text)
    GPIO_WriteBit                            0x08001583   Thumb Code    10  stm32f10x_gpio.o(.text)
    GPIO_Write                               0x0800158d   Thumb Code     4  stm32f10x_gpio.o(.text)
    GPIO_PinLockConfig                       0x08001591   Thumb Code    18  stm32f10x_gpio.o(.text)
    GPIO_EventOutputConfig                   0x080015a3   Thumb Code    26  stm32f10x_gpio.o(.text)
    GPIO_EventOutputCmd                      0x080015bd   Thumb Code     6  stm32f10x_gpio.o(.text)
    GPIO_PinRemapConfig                      0x080015c3   Thumb Code   138  stm32f10x_gpio.o(.text)
    GPIO_EXTILineConfig                      0x0800164d   Thumb Code    66  stm32f10x_gpio.o(.text)
    GPIO_ETH_MediaInterfaceConfig            0x0800168f   Thumb Code     6  stm32f10x_gpio.o(.text)
    USART_DeInit                             0x080016bd   Thumb Code   134  stm32f10x_usart.o(.text)
    USART_Init                               0x08001743   Thumb Code   210  stm32f10x_usart.o(.text)
    USART_StructInit                         0x08001815   Thumb Code    24  stm32f10x_usart.o(.text)
    USART_ClockInit                          0x0800182d   Thumb Code    34  stm32f10x_usart.o(.text)
    USART_ClockStructInit                    0x0800184f   Thumb Code    12  stm32f10x_usart.o(.text)
    USART_Cmd                                0x0800185b   Thumb Code    24  stm32f10x_usart.o(.text)
    USART_ITConfig                           0x08001873   Thumb Code    74  stm32f10x_usart.o(.text)
    USART_DMACmd                             0x080018bd   Thumb Code    18  stm32f10x_usart.o(.text)
    USART_SetAddress                         0x080018cf   Thumb Code    18  stm32f10x_usart.o(.text)
    USART_WakeUpConfig                       0x080018e1   Thumb Code    18  stm32f10x_usart.o(.text)
    USART_ReceiverWakeUpCmd                  0x080018f3   Thumb Code    24  stm32f10x_usart.o(.text)
    USART_LINBreakDetectLengthConfig         0x0800190b   Thumb Code    18  stm32f10x_usart.o(.text)
    USART_LINCmd                             0x0800191d   Thumb Code    24  stm32f10x_usart.o(.text)
    USART_SendData                           0x08001935   Thumb Code     8  stm32f10x_usart.o(.text)
    USART_ReceiveData                        0x0800193d   Thumb Code    10  stm32f10x_usart.o(.text)
    USART_SendBreak                          0x08001947   Thumb Code    10  stm32f10x_usart.o(.text)
    USART_SetGuardTime                       0x08001951   Thumb Code    16  stm32f10x_usart.o(.text)
    USART_SetPrescaler                       0x08001961   Thumb Code    16  stm32f10x_usart.o(.text)
    USART_SmartCardCmd                       0x08001971   Thumb Code    24  stm32f10x_usart.o(.text)
    USART_SmartCardNACKCmd                   0x08001989   Thumb Code    24  stm32f10x_usart.o(.text)
    USART_HalfDuplexCmd                      0x080019a1   Thumb Code    24  stm32f10x_usart.o(.text)
    USART_OverSampling8Cmd                   0x080019b9   Thumb Code    22  stm32f10x_usart.o(.text)
    USART_OneBitMethodCmd                    0x080019cf   Thumb Code    24  stm32f10x_usart.o(.text)
    USART_IrDAConfig                         0x080019e7   Thumb Code    18  stm32f10x_usart.o(.text)
    USART_IrDACmd                            0x080019f9   Thumb Code    24  stm32f10x_usart.o(.text)
    USART_GetFlagStatus                      0x08001a11   Thumb Code    26  stm32f10x_usart.o(.text)
    USART_ClearFlag                          0x08001a2b   Thumb Code    18  stm32f10x_usart.o(.text)
    USART_GetITStatus                        0x08001a3d   Thumb Code    84  stm32f10x_usart.o(.text)
    USART_ClearITPendingBit                  0x08001a91   Thumb Code    52  stm32f10x_usart.o(.text)
    ADC_DeInit                               0x08001ac5   Thumb Code    78  stm32f10x_adc.o(.text)
    ADC_Init                                 0x08001b13   Thumb Code    70  stm32f10x_adc.o(.text)
    ADC_StructInit                           0x08001b59   Thumb Code    18  stm32f10x_adc.o(.text)
    ADC_Cmd                                  0x08001b6b   Thumb Code    22  stm32f10x_adc.o(.text)
    ADC_DMACmd                               0x08001b81   Thumb Code    22  stm32f10x_adc.o(.text)
    ADC_ITConfig                             0x08001b97   Thumb Code    24  stm32f10x_adc.o(.text)
    ADC_ResetCalibration                     0x08001baf   Thumb Code    10  stm32f10x_adc.o(.text)
    ADC_GetResetCalibrationStatus            0x08001bb9   Thumb Code    20  stm32f10x_adc.o(.text)
    ADC_StartCalibration                     0x08001bcd   Thumb Code    10  stm32f10x_adc.o(.text)
    ADC_GetCalibrationStatus                 0x08001bd7   Thumb Code    20  stm32f10x_adc.o(.text)
    ADC_SoftwareStartConvCmd                 0x08001beb   Thumb Code    22  stm32f10x_adc.o(.text)
    ADC_GetSoftwareStartConvStatus           0x08001c01   Thumb Code    20  stm32f10x_adc.o(.text)
    ADC_DiscModeChannelCountConfig           0x08001c15   Thumb Code    24  stm32f10x_adc.o(.text)
    ADC_DiscModeCmd                          0x08001c2d   Thumb Code    22  stm32f10x_adc.o(.text)
    ADC_RegularChannelConfig                 0x08001c43   Thumb Code   184  stm32f10x_adc.o(.text)
    ADC_ExternalTrigConvCmd                  0x08001cfb   Thumb Code    22  stm32f10x_adc.o(.text)
    ADC_GetConversionValue                   0x08001d11   Thumb Code     8  stm32f10x_adc.o(.text)
    ADC_GetDualModeConversionValue           0x08001d19   Thumb Code     8  stm32f10x_adc.o(.text)
    ADC_AutoInjectedConvCmd                  0x08001d21   Thumb Code    22  stm32f10x_adc.o(.text)
    ADC_InjectedDiscModeCmd                  0x08001d37   Thumb Code    22  stm32f10x_adc.o(.text)
    ADC_ExternalTrigInjectedConvConfig       0x08001d4d   Thumb Code    16  stm32f10x_adc.o(.text)
    ADC_ExternalTrigInjectedConvCmd          0x08001d5d   Thumb Code    22  stm32f10x_adc.o(.text)
    ADC_SoftwareStartInjectedConvCmd         0x08001d73   Thumb Code    22  stm32f10x_adc.o(.text)
    ADC_GetSoftwareStartInjectedConvCmdStatus 0x08001d89   Thumb Code    20  stm32f10x_adc.o(.text)
    ADC_InjectedChannelConfig                0x08001d9d   Thumb Code   130  stm32f10x_adc.o(.text)
    ADC_InjectedSequencerLengthConfig        0x08001e1f   Thumb Code    24  stm32f10x_adc.o(.text)
    ADC_SetInjectedOffset                    0x08001e37   Thumb Code    20  stm32f10x_adc.o(.text)
    ADC_GetInjectedConversionValue           0x08001e4b   Thumb Code    28  stm32f10x_adc.o(.text)
    ADC_AnalogWatchdogCmd                    0x08001e67   Thumb Code    16  stm32f10x_adc.o(.text)
    ADC_AnalogWatchdogThresholdsConfig       0x08001e77   Thumb Code     6  stm32f10x_adc.o(.text)
    ADC_AnalogWatchdogSingleChannelConfig    0x08001e7d   Thumb Code    16  stm32f10x_adc.o(.text)
    ADC_TempSensorVrefintCmd                 0x08001e8d   Thumb Code    64  stm32f10x_adc.o(.text)
    ADC_GetFlagStatus                        0x08001ecd   Thumb Code    18  stm32f10x_adc.o(.text)
    ADC_ClearFlag                            0x08001edf   Thumb Code     6  stm32f10x_adc.o(.text)
    ADC_GetITStatus                          0x08001ee5   Thumb Code    36  stm32f10x_adc.o(.text)
    ADC_ClearITPendingBit                    0x08001f09   Thumb Code    10  stm32f10x_adc.o(.text)
    DMA_DeInit                               0x08001f15   Thumb Code   324  stm32f10x_dma.o(.text)
    DMA_Init                                 0x08002059   Thumb Code    60  stm32f10x_dma.o(.text)
    DMA_StructInit                           0x08002095   Thumb Code    26  stm32f10x_dma.o(.text)
    DMA_Cmd                                  0x080020af   Thumb Code    24  stm32f10x_dma.o(.text)
    DMA_ITConfig                             0x080020c7   Thumb Code    18  stm32f10x_dma.o(.text)
    DMA_SetCurrDataCounter                   0x080020d9   Thumb Code     4  stm32f10x_dma.o(.text)
    DMA_GetCurrDataCounter                   0x080020dd   Thumb Code     8  stm32f10x_dma.o(.text)
    DMA_GetFlagStatus                        0x080020e5   Thumb Code    38  stm32f10x_dma.o(.text)
    DMA_ClearFlag                            0x0800210b   Thumb Code    22  stm32f10x_dma.o(.text)
    DMA_GetITStatus                          0x08002121   Thumb Code    38  stm32f10x_dma.o(.text)
    DMA_ClearITPendingBit                    0x08002147   Thumb Code    22  stm32f10x_dma.o(.text)
    I2C_DeInit                               0x08002165   Thumb Code    50  stm32f10x_i2c.o(.text)
    I2C_Init                                 0x08002197   Thumb Code   222  stm32f10x_i2c.o(.text)
    I2C_StructInit                           0x08002275   Thumb Code    30  stm32f10x_i2c.o(.text)
    I2C_Cmd                                  0x08002293   Thumb Code    24  stm32f10x_i2c.o(.text)
    I2C_DMACmd                               0x080022ab   Thumb Code    24  stm32f10x_i2c.o(.text)
    I2C_DMALastTransferCmd                   0x080022c3   Thumb Code    24  stm32f10x_i2c.o(.text)
    I2C_GenerateSTART                        0x080022db   Thumb Code    24  stm32f10x_i2c.o(.text)
    I2C_GenerateSTOP                         0x080022f3   Thumb Code    24  stm32f10x_i2c.o(.text)
    I2C_AcknowledgeConfig                    0x0800230b   Thumb Code    24  stm32f10x_i2c.o(.text)
    I2C_OwnAddress2Config                    0x08002323   Thumb Code    22  stm32f10x_i2c.o(.text)
    I2C_DualAddressCmd                       0x08002339   Thumb Code    24  stm32f10x_i2c.o(.text)
    I2C_GeneralCallCmd                       0x08002351   Thumb Code    24  stm32f10x_i2c.o(.text)
    I2C_ITConfig                             0x08002369   Thumb Code    18  stm32f10x_i2c.o(.text)
    I2C_SendData                             0x0800237b   Thumb Code     4  stm32f10x_i2c.o(.text)
    I2C_ReceiveData                          0x0800237f   Thumb Code     8  stm32f10x_i2c.o(.text)
    I2C_Send7bitAddress                      0x08002387   Thumb Code    18  stm32f10x_i2c.o(.text)
    I2C_ReadRegister                         0x08002399   Thumb Code    22  stm32f10x_i2c.o(.text)
    I2C_SoftwareResetCmd                     0x080023af   Thumb Code    22  stm32f10x_i2c.o(.text)
    I2C_NACKPositionConfig                   0x080023c5   Thumb Code    28  stm32f10x_i2c.o(.text)
    I2C_SMBusAlertConfig                     0x080023e1   Thumb Code    28  stm32f10x_i2c.o(.text)
    I2C_TransmitPEC                          0x080023fd   Thumb Code    24  stm32f10x_i2c.o(.text)
    I2C_PECPositionConfig                    0x08002415   Thumb Code    28  stm32f10x_i2c.o(.text)
    I2C_CalculatePEC                         0x08002431   Thumb Code    24  stm32f10x_i2c.o(.text)
    I2C_GetPEC                               0x08002449   Thumb Code     8  stm32f10x_i2c.o(.text)
    I2C_ARPCmd                               0x08002451   Thumb Code    24  stm32f10x_i2c.o(.text)
    I2C_StretchClockCmd                      0x08002469   Thumb Code    24  stm32f10x_i2c.o(.text)
    I2C_FastModeDutyCycleConfig              0x08002481   Thumb Code    28  stm32f10x_i2c.o(.text)
    I2C_CheckEvent                           0x0800249d   Thumb Code    42  stm32f10x_i2c.o(.text)
    I2C_GetLastEvent                         0x080024c7   Thumb Code    26  stm32f10x_i2c.o(.text)
    I2C_GetFlagStatus                        0x080024e1   Thumb Code    58  stm32f10x_i2c.o(.text)
    I2C_ClearFlag                            0x0800251b   Thumb Code    12  stm32f10x_i2c.o(.text)
    I2C_GetITStatus                          0x08002527   Thumb Code    54  stm32f10x_i2c.o(.text)
    I2C_ClearITPendingBit                    0x0800255d   Thumb Code    12  stm32f10x_i2c.o(.text)
    TIM_DeInit                               0x08002569   Thumb Code   424  stm32f10x_tim.o(.text)
    TIM_TimeBaseInit                         0x08002711   Thumb Code   122  stm32f10x_tim.o(.text)
    TIM_OC1Init                              0x0800278b   Thumb Code   132  stm32f10x_tim.o(.text)
    TIM_OC2Init                              0x0800280f   Thumb Code   154  stm32f10x_tim.o(.text)
    TIM_OC3Init                              0x080028a9   Thumb Code   150  stm32f10x_tim.o(.text)
    TIM_OC4Init                              0x0800293f   Thumb Code   182  stm32f10x_tim.o(.text)
    TIM_SetIC4Prescaler                      0x080029f5   Thumb Code    26  stm32f10x_tim.o(.text)
    TIM_SetIC3Prescaler                      0x08002a91   Thumb Code    18  stm32f10x_tim.o(.text)
    TIM_SetIC2Prescaler                      0x08002b1d   Thumb Code    26  stm32f10x_tim.o(.text)
    TIM_SetIC1Prescaler                      0x08002bb9   Thumb Code    18  stm32f10x_tim.o(.text)
    TIM_ICInit                               0x08002c37   Thumb Code   150  stm32f10x_tim.o(.text)
    TIM_PWMIConfig                           0x08002ccd   Thumb Code   124  stm32f10x_tim.o(.text)
    TIM_BDTRConfig                           0x08002d49   Thumb Code    32  stm32f10x_tim.o(.text)
    TIM_TimeBaseStructInit                   0x08002d69   Thumb Code    18  stm32f10x_tim.o(.text)
    TIM_OCStructInit                         0x08002d7b   Thumb Code    20  stm32f10x_tim.o(.text)
    TIM_ICStructInit                         0x08002d8f   Thumb Code    18  stm32f10x_tim.o(.text)
    TIM_BDTRStructInit                       0x08002da1   Thumb Code    40  stm32f10x_tim.o(.text)
    TIM_Cmd                                  0x08002dc9   Thumb Code    24  stm32f10x_tim.o(.text)
    TIM_CtrlPWMOutputs                       0x08002de1   Thumb Code    30  stm32f10x_tim.o(.text)
    TIM_ITConfig                             0x08002dff   Thumb Code    18  stm32f10x_tim.o(.text)
    TIM_GenerateEvent                        0x08002e11   Thumb Code     4  stm32f10x_tim.o(.text)
    TIM_DMAConfig                            0x08002e15   Thumb Code    10  stm32f10x_tim.o(.text)
    TIM_DMACmd                               0x08002e1f   Thumb Code    18  stm32f10x_tim.o(.text)
    TIM_InternalClockConfig                  0x08002e31   Thumb Code    12  stm32f10x_tim.o(.text)
    TIM_SelectInputTrigger                   0x08002e3d   Thumb Code    18  stm32f10x_tim.o(.text)
    TIM_ITRxExternalClockConfig              0x08002e4f   Thumb Code    24  stm32f10x_tim.o(.text)
    TIM_TIxExternalClockConfig               0x08002e67   Thumb Code    62  stm32f10x_tim.o(.text)
    TIM_ETRConfig                            0x08002ea5   Thumb Code    28  stm32f10x_tim.o(.text)
    TIM_ETRClockMode1Config                  0x08002ec1   Thumb Code    54  stm32f10x_tim.o(.text)
    TIM_ETRClockMode2Config                  0x08002ef7   Thumb Code    32  stm32f10x_tim.o(.text)
    TIM_PrescalerConfig                      0x08002f17   Thumb Code     6  stm32f10x_tim.o(.text)
    TIM_CounterModeConfig                    0x08002f1d   Thumb Code    18  stm32f10x_tim.o(.text)
    TIM_EncoderInterfaceConfig               0x08002f2f   Thumb Code    66  stm32f10x_tim.o(.text)
    TIM_ForcedOC1Config                      0x08002f71   Thumb Code    18  stm32f10x_tim.o(.text)
    TIM_ForcedOC2Config                      0x08002f83   Thumb Code    26  stm32f10x_tim.o(.text)
    TIM_ForcedOC3Config                      0x08002f9d   Thumb Code    18  stm32f10x_tim.o(.text)
    TIM_ForcedOC4Config                      0x08002faf   Thumb Code    26  stm32f10x_tim.o(.text)
    TIM_ARRPreloadConfig                     0x08002fc9   Thumb Code    24  stm32f10x_tim.o(.text)
    TIM_SelectCOM                            0x08002fe1   Thumb Code    24  stm32f10x_tim.o(.text)
    TIM_SelectCCDMA                          0x08002ff9   Thumb Code    24  stm32f10x_tim.o(.text)
    TIM_CCPreloadControl                     0x08003011   Thumb Code    24  stm32f10x_tim.o(.text)
    TIM_OC1PreloadConfig                     0x08003029   Thumb Code    18  stm32f10x_tim.o(.text)
    TIM_OC2PreloadConfig                     0x0800303b   Thumb Code    26  stm32f10x_tim.o(.text)
    TIM_OC3PreloadConfig                     0x08003055   Thumb Code    18  stm32f10x_tim.o(.text)
    TIM_OC4PreloadConfig                     0x08003067   Thumb Code    26  stm32f10x_tim.o(.text)
    TIM_OC1FastConfig                        0x08003081   Thumb Code    18  stm32f10x_tim.o(.text)
    TIM_OC2FastConfig                        0x08003093   Thumb Code    26  stm32f10x_tim.o(.text)
    TIM_OC3FastConfig                        0x080030ad   Thumb Code    18  stm32f10x_tim.o(.text)
    TIM_OC4FastConfig                        0x080030bf   Thumb Code    26  stm32f10x_tim.o(.text)
    TIM_ClearOC1Ref                          0x080030d9   Thumb Code    18  stm32f10x_tim.o(.text)
    TIM_ClearOC2Ref                          0x080030eb   Thumb Code    24  stm32f10x_tim.o(.text)
    TIM_ClearOC3Ref                          0x08003103   Thumb Code    18  stm32f10x_tim.o(.text)
    TIM_ClearOC4Ref                          0x08003115   Thumb Code    24  stm32f10x_tim.o(.text)
    TIM_OC1PolarityConfig                    0x0800312d   Thumb Code    18  stm32f10x_tim.o(.text)
    TIM_OC1NPolarityConfig                   0x0800313f   Thumb Code    18  stm32f10x_tim.o(.text)
    TIM_OC2PolarityConfig                    0x08003151   Thumb Code    26  stm32f10x_tim.o(.text)
    TIM_OC2NPolarityConfig                   0x0800316b   Thumb Code    26  stm32f10x_tim.o(.text)
    TIM_OC3PolarityConfig                    0x08003185   Thumb Code    26  stm32f10x_tim.o(.text)
    TIM_OC3NPolarityConfig                   0x0800319f   Thumb Code    26  stm32f10x_tim.o(.text)
    TIM_OC4PolarityConfig                    0x080031b9   Thumb Code    26  stm32f10x_tim.o(.text)
    TIM_CCxCmd                               0x080031d3   Thumb Code    30  stm32f10x_tim.o(.text)
    TIM_CCxNCmd                              0x080031f1   Thumb Code    30  stm32f10x_tim.o(.text)
    TIM_SelectOCxM                           0x0800320f   Thumb Code    82  stm32f10x_tim.o(.text)
    TIM_UpdateDisableConfig                  0x08003261   Thumb Code    24  stm32f10x_tim.o(.text)
    TIM_UpdateRequestConfig                  0x08003279   Thumb Code    24  stm32f10x_tim.o(.text)
    TIM_SelectHallSensor                     0x08003291   Thumb Code    24  stm32f10x_tim.o(.text)
    TIM_SelectOnePulseMode                   0x080032a9   Thumb Code    18  stm32f10x_tim.o(.text)
    TIM_SelectOutputTrigger                  0x080032bb   Thumb Code    18  stm32f10x_tim.o(.text)
    TIM_SelectSlaveMode                      0x080032cd   Thumb Code    18  stm32f10x_tim.o(.text)
    TIM_SelectMasterSlaveMode                0x080032df   Thumb Code    18  stm32f10x_tim.o(.text)
    TIM_SetCounter                           0x080032f1   Thumb Code     4  stm32f10x_tim.o(.text)
    TIM_SetAutoreload                        0x080032f5   Thumb Code     4  stm32f10x_tim.o(.text)
    TIM_SetCompare1                          0x080032f9   Thumb Code     4  stm32f10x_tim.o(.text)
    TIM_SetCompare2                          0x080032fd   Thumb Code     4  stm32f10x_tim.o(.text)
    TIM_SetCompare3                          0x08003301   Thumb Code     4  stm32f10x_tim.o(.text)
    TIM_SetCompare4                          0x08003305   Thumb Code     6  stm32f10x_tim.o(.text)
    TIM_SetClockDivision                     0x0800330b   Thumb Code    18  stm32f10x_tim.o(.text)
    TIM_GetCapture1                          0x0800331d   Thumb Code     6  stm32f10x_tim.o(.text)
    TIM_GetCapture2                          0x08003323   Thumb Code     6  stm32f10x_tim.o(.text)
    TIM_GetCapture3                          0x08003329   Thumb Code     6  stm32f10x_tim.o(.text)
    TIM_GetCapture4                          0x0800332f   Thumb Code     8  stm32f10x_tim.o(.text)
    TIM_GetCounter                           0x08003337   Thumb Code     6  stm32f10x_tim.o(.text)
    TIM_GetPrescaler                         0x0800333d   Thumb Code     6  stm32f10x_tim.o(.text)
    TIM_GetFlagStatus                        0x08003343   Thumb Code    18  stm32f10x_tim.o(.text)
    TIM_ClearFlag                            0x08003355   Thumb Code     6  stm32f10x_tim.o(.text)
    TIM_GetITStatus                          0x0800335b   Thumb Code    34  stm32f10x_tim.o(.text)
    TIM_ClearITPendingBit                    0x0800337d   Thumb Code     6  stm32f10x_tim.o(.text)
    SystemInit                               0x08003461   Thumb Code    78  system_stm32f10x.o(.text)
    SystemCoreClockUpdate                    0x080034af   Thumb Code   142  system_stm32f10x.o(.text)
    __aeabi_fadd                             0x08003561   Thumb Code   164  fadd.o(.text)
    __aeabi_fsub                             0x08003605   Thumb Code     6  fadd.o(.text)
    __aeabi_frsub                            0x0800360b   Thumb Code     6  fadd.o(.text)
    __aeabi_fmul                             0x08003611   Thumb Code   108  fmul.o(.text)
    __aeabi_fdiv                             0x0800367d   Thumb Code   128  fdiv.o(.text)
    __aeabi_dmul                             0x080036fd   Thumb Code   228  dmul.o(.text)
    __aeabi_ddiv                             0x080037e1   Thumb Code   222  ddiv.o(.text)
    __aeabi_ui2f                             0x080038bf   Thumb Code    10  ffltui.o(.text)
    __aeabi_i2d                              0x080038c9   Thumb Code    34  dflti.o(.text)
    __aeabi_f2iz                             0x080038eb   Thumb Code    50  ffixi.o(.text)
    __aeabi_d2iz                             0x0800391d   Thumb Code    62  dfixi.o(.text)
    __aeabi_f2d                              0x0800395b   Thumb Code    38  f2d.o(.text)
    __aeabi_d2f                              0x08003981   Thumb Code    56  d2f.o(.text)
    __aeabi_cfcmpeq                          0x080039b9   Thumb Code     0  cfcmple.o(.text)
    __aeabi_cfcmple                          0x080039b9   Thumb Code    20  cfcmple.o(.text)
    __aeabi_cfrcmple                         0x080039cd   Thumb Code    20  cfrcmple.o(.text)
    __aeabi_llsr                             0x080039e1   Thumb Code    32  llushr.o(.text)
    _ll_ushift_r                             0x080039e1   Thumb Code     0  llushr.o(.text)
    __I$use$fp                               0x08003a01   Thumb Code     0  iusefp.o(.text)
    _float_round                             0x08003a01   Thumb Code    18  fepilogue.o(.text)
    _float_epilogue                          0x08003a13   Thumb Code    90  fepilogue.o(.text)
    _double_round                            0x08003a6d   Thumb Code    26  depilogue.o(.text)
    _double_epilogue                         0x08003a87   Thumb Code   164  depilogue.o(.text)
    __aeabi_dadd                             0x08003b2b   Thumb Code   322  dadd.o(.text)
    __aeabi_dsub                             0x08003c6d   Thumb Code     6  dadd.o(.text)
    __aeabi_drsub                            0x08003c73   Thumb Code     6  dadd.o(.text)
    __ARM_scalbn                             0x08003c79   Thumb Code    46  dscalb.o(.text)
    scalbn                                   0x08003c79   Thumb Code     0  dscalb.o(.text)
    __scatterload                            0x08003ca9   Thumb Code    28  init.o(.text)
    __scatterload_rt2                        0x08003ca9   Thumb Code     0  init.o(.text)
    __aeabi_llsl                             0x08003ccd   Thumb Code    30  llshl.o(.text)
    _ll_shift_l                              0x08003ccd   Thumb Code     0  llshl.o(.text)
    __aeabi_lasr                             0x08003ceb   Thumb Code    36  llsshr.o(.text)
    _ll_sshift_r                             0x08003ceb   Thumb Code     0  llsshr.o(.text)
    __ARM_fpclassify                         0x08003d0f   Thumb Code    40  fpclassify.o(i.__ARM_fpclassify)
    __kernel_poly                            0x08003d37   Thumb Code   170  poly.o(i.__kernel_poly)
    __mathlib_dbl_underflow                  0x08003de1   Thumb Code    10  dunder.o(i.__mathlib_dbl_underflow)
    __scatterload_copy                       0x08003df1   Thumb Code    14  handlers.o(i.__scatterload_copy)
    __scatterload_null                       0x08003dff   Thumb Code     2  handlers.o(i.__scatterload_null)
    __scatterload_zeroinit                   0x08003e01   Thumb Code    14  handlers.o(i.__scatterload_zeroinit)
    atan                                     0x08003e11   Thumb Code   478  atan.o(i.atan)
    Region$$Table$$Base                      0x080040d0   Number         0  anon$$obj.o(Region$$Table)
    Region$$Table$$Limit                     0x080040f0   Number         0  anon$$obj.o(Region$$Table)
    Q_angle                                  0x20000000   Data           4  assignment1.o(.data)
    Q_gyro                                   0x20000004   Data           4  assignment1.o(.data)
    R_angle                                  0x20000008   Data           4  assignment1.o(.data)
    dt                                       0x2000000c   Data           4  assignment1.o(.data)
    C_0                                      0x20000010   Data           1  assignment1.o(.data)
    PP                                       0x20000014   Data          16  assignment1.o(.data)
    I2C_MPU_ACCE_Read                        0x20000028   Data           8  assignment1.o(.data)
    I2C_MPU_GYRO_Read                        0x20000030   Data           8  assignment1.o(.data)
    Accel_z                                  0x20000038   Data           4  assignment1.o(.data)
    Accel_x                                  0x2000003c   Data           4  assignment1.o(.data)
    Accel_y                                  0x20000040   Data           4  assignment1.o(.data)
    Gyro_y                                   0x20000044   Data           4  assignment1.o(.data)
    Angle_gy                                 0x20000048   Data           4  assignment1.o(.data)
    Angle_az                                 0x2000004c   Data           4  assignment1.o(.data)
    Angle                                    0x20000050   Data           4  assignment1.o(.data)
    PWM                                      0x20000054   Data           4  assignment1.o(.data)
    speed_mr                                 0x20000058   Data           4  assignment1.o(.data)
    speed_ml                                 0x2000005c   Data           4  assignment1.o(.data)
    int_PWM                                  0x20000060   Data           4  assignment1.o(.data)
    PWMI                                     0x20000064   Data           4  assignment1.o(.data)
    speed                                    0x20000068   Data           4  assignment1.o(.data)
    position                                 0x2000006c   Data           4  assignment1.o(.data)
    speed_filter                             0x20000070   Data           4  assignment1.o(.data)
    integral                                 0x20000074   Data           4  assignment1.o(.data)
    x                                        0x20000078   Data           4  assignment1.o(.data)
    y                                        0x2000007c   Data           4  assignment1.o(.data)
    z                                        0x20000080   Data           4  assignment1.o(.data)
    Q_bias                                   0x20000084   Data           4  assignment1.o(.data)
    Angle_err                                0x20000088   Data           4  assignment1.o(.data)
    PCt_0                                    0x2000008c   Data           4  assignment1.o(.data)
    PCt_1                                    0x20000090   Data           4  assignment1.o(.data)
    E                                        0x20000094   Data           4  assignment1.o(.data)
    K_0                                      0x20000098   Data           4  assignment1.o(.data)
    K_1                                      0x2000009c   Data           4  assignment1.o(.data)
    t_0                                      0x200000a0   Data           4  assignment1.o(.data)
    t_1                                      0x200000a4   Data           4  assignment1.o(.data)
    Channel1Pulse                            0x200000a8   Data           2  assignment2.o(.data)
    Channel2Pulse                            0x200000aa   Data           2  assignment2.o(.data)
    ADC_ConvertedValue                       0x200000ac   Data           8  assignment2.o(.data)
    ADC_ConvertedValueLocal                  0x200000b4   Data           4  assignment2.o(.data)
    ADC_Direction                            0x200000b8   Data           4  assignment2.o(.data)
    Direction_Difference                     0x200000bc   Data           4  assignment2.o(.data)
    PWM_R                                    0x200000c0   Data           4  assignment2.o(.data)
    PWM_L                                    0x200000c4   Data           4  assignment2.o(.data)
    a                                        0x200000c8   Data           4  systick.o(.data)
    Kp                                       0x200000cc   Data           4  systick.o(.data)
    SystemCoreClock                          0x200000e4   Data           4  system_stm32f10x.o(.data)
    AHBPrescTable                            0x200000e8   Data          16  system_stm32f10x.o(.data)
    Pdot                                     0x200000f8   Data          16  assignment1.o(.bss)
    __initial_sp                             0x20000508   Data           0  startup_stm32f10x_hd.o(STACK)



==============================================================================

Memory Map of the image

  Image Entry point : 0x08000131

  Load Region LR_IROM1 (Base: 0x08000000, Size: 0x000041e8, Max: 0x00080000, ABSOLUTE)

    Execution Region ER_IROM1 (Base: 0x08000000, Size: 0x000040f0, Max: 0x00080000, ABSOLUTE)

    Base Addr    Size         Type   Attr      Idx    E Section Name        Object

    0x08000000   0x00000130   Data   RO            3    RESET               startup_stm32f10x_hd.o
    0x08000130   0x00000000   Code   RO          326  * .ARM.Collect$$$$00000000  mc_w.l(entry.o)
    0x08000130   0x00000004   Code   RO          361    .ARM.Collect$$$$00000001  mc_w.l(entry2.o)
    0x08000134   0x00000004   Code   RO          364    .ARM.Collect$$$$00000004  mc_w.l(entry5.o)
    0x08000138   0x00000000   Code   RO          366    .ARM.Collect$$$$00000008  mc_w.l(entry7b.o)
    0x08000138   0x00000000   Code   RO          368    .ARM.Collect$$$$0000000A  mc_w.l(entry8b.o)
    0x08000138   0x00000008   Code   RO          369    .ARM.Collect$$$$0000000B  mc_w.l(entry9a.o)
    0x08000140   0x00000000   Code   RO          371    .ARM.Collect$$$$0000000D  mc_w.l(entry10a.o)
    0x08000140   0x00000000   Code   RO          373    .ARM.Collect$$$$0000000F  mc_w.l(entry11a.o)
    0x08000140   0x00000004   Code   RO          362    .ARM.Collect$$$$00002712  mc_w.l(entry2.o)
    0x08000144   0x00000024   Code   RO            4    .text               startup_stm32f10x_hd.o
    0x08000168   0x00000020   Code   RO           10    .text               main.o
    0x08000188   0x00000018   Code   RO           84    .text               stm32f10x_it.o
    0x080001a0   0x00000758   Code   RO          102    .text               assignment1.o
    0x080008f8   0x00000414   Code   RO          123    .text               assignment2.o
    0x08000d0c   0x00000204   Code   RO          139    .text               assignment3.o
    0x08000f10   0x000000b0   Code   RO          158    .text               systick.o
    0x08000fc0   0x000003a4   Code   RO          178    .text               stm32f10x_rcc.o
    0x08001364   0x00000358   Code   RO          192    .text               stm32f10x_gpio.o
    0x080016bc   0x00000408   Code   RO          204    .text               stm32f10x_usart.o
    0x08001ac4   0x0000044e   Code   RO          228    .text               stm32f10x_adc.o
    0x08001f12   0x00000002   PAD
    0x08001f14   0x00000250   Code   RO          240    .text               stm32f10x_dma.o
    0x08002164   0x00000404   Code   RO          264    .text               stm32f10x_i2c.o
    0x08002568   0x00000e1a   Code   RO          276    .text               stm32f10x_tim.o
    0x08003382   0x00000002   PAD
    0x08003384   0x000001dc   Code   RO          298    .text               system_stm32f10x.o
    0x08003560   0x000000b0   Code   RO          329    .text               mf_w.l(fadd.o)
    0x08003610   0x0000006c   Code   RO          331    .text               mf_w.l(fmul.o)
    0x0800367c   0x00000080   Code   RO          333    .text               mf_w.l(fdiv.o)
    0x080036fc   0x000000e4   Code   RO          335    .text               mf_w.l(dmul.o)
    0x080037e0   0x000000de   Code   RO          337    .text               mf_w.l(ddiv.o)
    0x080038be   0x0000000a   Code   RO          339    .text               mf_w.l(ffltui.o)
    0x080038c8   0x00000022   Code   RO          341    .text               mf_w.l(dflti.o)
    0x080038ea   0x00000032   Code   RO          343    .text               mf_w.l(ffixi.o)
    0x0800391c   0x0000003e   Code   RO          345    .text               mf_w.l(dfixi.o)
    0x0800395a   0x00000026   Code   RO          347    .text               mf_w.l(f2d.o)
    0x08003980   0x00000038   Code   RO          349    .text               mf_w.l(d2f.o)
    0x080039b8   0x00000014   Code   RO          351    .text               mf_w.l(cfcmple.o)
    0x080039cc   0x00000014   Code   RO          353    .text               mf_w.l(cfrcmple.o)
    0x080039e0   0x00000020   Code   RO          375    .text               mc_w.l(llushr.o)
    0x08003a00   0x00000000   Code   RO          377    .text               mc_w.l(iusefp.o)
    0x08003a00   0x0000006c   Code   RO          378    .text               mf_w.l(fepilogue.o)
    0x08003a6c   0x000000be   Code   RO          380    .text               mf_w.l(depilogue.o)
    0x08003b2a   0x0000014e   Code   RO          382    .text               mf_w.l(dadd.o)
    0x08003c78   0x0000002e   Code   RO          384    .text               mf_w.l(dscalb.o)
    0x08003ca6   0x00000002   PAD
    0x08003ca8   0x00000024   Code   RO          386    .text               mc_w.l(init.o)
    0x08003ccc   0x0000001e   Code   RO          388    .text               mc_w.l(llshl.o)
    0x08003cea   0x00000024   Code   RO          390    .text               mc_w.l(llsshr.o)
    0x08003d0e   0x00000028   Code   RO          357    i.__ARM_fpclassify  m_ws.l(fpclassify.o)
    0x08003d36   0x000000aa   Code   RO          359    i.__kernel_poly     m_ws.l(poly.o)
    0x08003de0   0x00000010   Code   RO          355    i.__mathlib_dbl_underflow  m_ws.l(dunder.o)
    0x08003df0   0x0000000e   Code   RO          394    i.__scatterload_copy  mc_w.l(handlers.o)
    0x08003dfe   0x00000002   Code   RO          395    i.__scatterload_null  mc_w.l(handlers.o)
    0x08003e00   0x0000000e   Code   RO          396    i.__scatterload_zeroinit  mc_w.l(handlers.o)
    0x08003e0e   0x00000002   PAD
    0x08003e10   0x00000224   Code   RO          317    i.atan              m_ws.l(atan.o)
    0x08004034   0x00000004   PAD
    0x08004038   0x00000098   Data   RO          318    .constdata          m_ws.l(atan.o)
    0x080040d0   0x00000020   Data   RO          392    Region$$Table       anon$$obj.o


    Execution Region RW_IRAM1 (Base: 0x20000000, Size: 0x00000508, Max: 0x00010000, ABSOLUTE)

    Base Addr    Size         Type   Attr      Idx    E Section Name        Object

    0x20000000   0x000000a8   Data   RW          104    .data               assignment1.o
    0x200000a8   0x00000020   Data   RW          124    .data               assignment2.o
    0x200000c8   0x00000008   Data   RW          159    .data               systick.o
    0x200000d0   0x00000014   Data   RW          179    .data               stm32f10x_rcc.o
    0x200000e4   0x00000014   Data   RW          299    .data               system_stm32f10x.o
    0x200000f8   0x00000010   Zero   RW          103    .bss                assignment1.o
    0x20000108   0x00000400   Zero   RW            1    STACK               startup_stm32f10x_hd.o


==============================================================================

Image component sizes


      Code (inc. data)   RO Data    RW Data    ZI Data      Debug   Object Name

      1880        202          0        168         16       5175   assignment1.o
      1044         70          0         32          0       3159   assignment2.o
       516         10          0          0          0       3896   assignment3.o
        32          0          0          0          0     278079   main.o
        36          8        304          0       1024        820   startup_stm32f10x_hd.o
      1102         26          0          0          0      10809   stm32f10x_adc.o
       592          8          0          0          0       4310   stm32f10x_dma.o
       856         40          0          0          0       5625   stm32f10x_gpio.o
      1028         16          0          0          0       9087   stm32f10x_i2c.o
        24          0          0          0          0       1106   stm32f10x_it.o
       932         44          0         20          0       8800   stm32f10x_rcc.o
      3610         88          0          0          0      22108   stm32f10x_tim.o
      1032         22          0          0          0       8348   stm32f10x_usart.o
       476         36          0         20          0       1835   system_stm32f10x.o
       176         30          0          8          0      16117   systick.o

    ----------------------------------------------------------------------
     13340        600        336        248       1040     379274   Object Totals
         0          0         32          0          0          0   (incl. Generated)
         4          0          0          0          0          0   (incl. Padding)

    ----------------------------------------------------------------------

      Code (inc. data)   RO Data    RW Data    ZI Data      Debug   Library Member Name

       548         70        152          0          0        124   atan.o
        16          6          0          0          0         68   dunder.o
        40          0          0          0          0         68   fpclassify.o
       170          0          0          0          0         96   poly.o
         0          0          0          0          0          0   entry.o
         0          0          0          0          0          0   entry10a.o
         0          0          0          0          0          0   entry11a.o
         8          4          0          0          0          0   entry2.o
         4          0          0          0          0          0   entry5.o
         0          0          0          0          0          0   entry7b.o
         0          0          0          0          0          0   entry8b.o
         8          4          0          0          0          0   entry9a.o
        30          0          0          0          0          0   handlers.o
        36          8          0          0          0         68   init.o
         0          0          0          0          0          0   iusefp.o
        30          0          0          0          0         68   llshl.o
        36          0          0          0          0         68   llsshr.o
        32          0          0          0          0         68   llushr.o
        20          0          0          0          0         68   cfcmple.o
        20          0          0          0          0         68   cfrcmple.o
        56          0          0          0          0         88   d2f.o
       334          0          0          0          0        148   dadd.o
       222          0          0          0          0        100   ddiv.o
       190          0          0          0          0        176   depilogue.o
        62          0          0          0          0         80   dfixi.o
        34          0          0          0          0         76   dflti.o
       228          0          0          0          0         96   dmul.o
        46          0          0          0          0         80   dscalb.o
        38          0          0          0          0         68   f2d.o
       176          0          0          0          0        140   fadd.o
       128          0          0          0          0         88   fdiv.o
       108          0          0          0          0        168   fepilogue.o
        50          0          0          0          0         68   ffixi.o
        10          0          0          0          0         68   ffltui.o
       108          0          0          0          0         76   fmul.o

    ----------------------------------------------------------------------
      2796         96        152          0          0       2284   Library Totals
         8          4          0          0          0          0   (incl. Padding)

    ----------------------------------------------------------------------

      Code (inc. data)   RO Data    RW Data    ZI Data      Debug   Library Name

       774         76        152          0          0        356   m_ws.l
       184         16          0          0          0        272   mc_w.l
      1830          0          0          0          0       1656   mf_w.l

    ----------------------------------------------------------------------
      2796         96        152          0          0       2284   Library Totals

    ----------------------------------------------------------------------

==============================================================================


      Code (inc. data)   RO Data    RW Data    ZI Data      Debug   

     16136        696        488        248       1040     378958   Grand Totals
     16136        696        488        248       1040     378958   ELF Image Totals
     16136        696        488        248          0          0   ROM Totals

==============================================================================

    Total RO  Size (Code + RO Data)                16624 (  16.23kB)
    Total RW  Size (RW Data + ZI Data)              1288 (   1.26kB)
    Total ROM Size (Code + RO Data + RW Data)      16872 (  16.48kB)

==============================================================================

