<html>
<body>
<pre>
<h1>µVision Build Log</h1>
<h2>Tool Versions:</h2>
IDE-Version: ¦ÌVision V5.18a
Copyright (C) 2016 ARM Ltd and ARM Germany GmbH. All rights reserved.
License Information: 5 5, 5, LIC=BL263-AD3JT-YC1J1-CJ67D-FC8L0-EAJNH
 
Tool Versions:
Toolchain:       MDK-ARM Professional  Version: 5.18a
Toolchain Path:  C:\Keil\arm_keil5\ARM\ARMCC\Bin
C Compiler:      Armcc.exe V5.06 update 1 (build 61)
Assembler:       Armasm.exe V5.06 update 1 (build 61)
Linker/Locator:  ArmLink.exe V5.06 update 1 (build 61)
Library Manager: ArmAr.exe V5.06 update 1 (build 61)
Hex Converter:   FromElf.exe V5.06 update 1 (build 61)
CPU DLL:         SARMCM3.DLL V5.18a
Dialog DLL:      DARMCM1.DLL V1.12.0.0
Target DLL:      STLink\ST-LINKIII-KEIL_SWO.dll V2.0.18.0
Dialog DLL:      TARMCM1.DLL V1.9.0.0
 
<h2>Project:</h2>
D:\Personal\Documents\GitHub\All_data\code\IAPÉý¼¶²âÊÔ\STM32F030-IAP\STM32F0308_BOOTLOADER\MDK-ARM\BOOTLOADER.uvprojx
Project File Date:  04/15/2019

<h2>Output:</h2>
*** Using Compiler 'V5.06 update 1 (build 61)', folder: 'C:\Keil\arm_keil5\ARM\ARMCC\Bin'
Build target 'bootloader'
compiling stm32f0xx_it.c...
compiling system_stm32f0xx.c...
compiling main.c...
compiling led.c...
compiling time.c...
compiling systick.c...
compiling gpio.c...
compiling usart.c...
compiling stmflash.c...
compiling crc8_16.c...
compiling softtimer.c...
compiling iap.c...
compiling stm32f0xx_gpio.c...
compiling stm32f0xx_exti.c...
compiling stm32f0xx_pwr.c...
compiling stm32f0xx_syscfg.c...
compiling stm32f0xx_rcc.c...
compiling stm32f0xx_tim.c...
compiling stm32f0xx_misc.c...
compiling stm32f0xx_dma.c...
compiling stm32f0xx_usart.c...
compiling stm32f0xx_spi.c...
assembling startup_stm32f030x8.s...
compiling stm32f0xx_flash.c...
linking...
..\OBJ\bootloader.axf: Warning: L6319W: Ignoring --keep command. Cannot find section iap.o(*IAP_Set).
Program Size: Code=6706 RO-data=802 RW-data=92 ZI-data=6900  
Finished: 0 information, 1 warning and 0 error messages.
FromELF: creating hex file...
"..\OBJ\bootloader.axf" - 0 Error(s), 1 Warning(s).

<h2>Software Packages used:</h2>

Package Vendor: ARM
                http://www.keil.com/pack/ARM.CMSIS.4.5.0.pack
                ARM::CMSIS:CORE:4.3.0
                CMSIS (Cortex Microcontroller Software Interface Standard)
   * Component: CORE Version: 4.3.0

<h2>Collection of Component include folders:</h2>
  D:\Personal\Documents\GitHub\All_data\code\IAPÉý¼¶²âÊÔ\STM32F030-IAP\STM32F0308_BOOTLOADER\MDK-ARM\RTE
  C:\Keil\arm_keil5\ARM\PACK\ARM\CMSIS\4.5.0\CMSIS\Include
  C:\Keil\arm_keil5\ARM\PACK\Keil\STM32F0xx_DFP\2.0.0\Drivers\CMSIS\Device\ST\STM32F0xx\Include

<h2>Collection of Component Files used:</h2>

   * Component: ARM::CMSIS:CORE:4.3.0
Build Time Elapsed:  00:00:07
</pre>
</body>
</html>
